Archive member included to satisfy reference by file (symbol)

C:/ST/STM32CubeIDE_1.13.2/STM32CubeIDE/plugins/com.st.stm32cube.ide.mcu.externaltools.gnu-tools-for-stm32.11.3.rel1.win32_1.1.1.202309131626/tools/bin/../lib/gcc/arm-none-eabi/11.3.1/../../../../arm-none-eabi/lib/thumb/v7-m/nofp\libc_nano.a(libc_a-exit.o)
                              C:/ST/STM32CubeIDE_1.13.2/STM32CubeIDE/plugins/com.st.stm32cube.ide.mcu.externaltools.gnu-tools-for-stm32.11.3.rel1.win32_1.1.1.202309131626/tools/bin/../lib/gcc/arm-none-eabi/11.3.1/../../../../arm-none-eabi/lib/thumb/v7-m/nofp/crt0.o (exit)
C:/ST/STM32CubeIDE_1.13.2/STM32CubeIDE/plugins/com.st.stm32cube.ide.mcu.externaltools.gnu-tools-for-stm32.11.3.rel1.win32_1.1.1.202309131626/tools/bin/../lib/gcc/arm-none-eabi/11.3.1/../../../../arm-none-eabi/lib/thumb/v7-m/nofp\libc_nano.a(libc_a-findfp.o)
                              C:/ST/STM32CubeIDE_1.13.2/STM32CubeIDE/plugins/com.st.stm32cube.ide.mcu.externaltools.gnu-tools-for-stm32.11.3.rel1.win32_1.1.1.202309131626/tools/bin/../lib/gcc/arm-none-eabi/11.3.1/../../../../arm-none-eabi/lib/thumb/v7-m/nofp\libc_nano.a(libc_a-exit.o) (__stdio_exit_handler)
C:/ST/STM32CubeIDE_1.13.2/STM32CubeIDE/plugins/com.st.stm32cube.ide.mcu.externaltools.gnu-tools-for-stm32.11.3.rel1.win32_1.1.1.202309131626/tools/bin/../lib/gcc/arm-none-eabi/11.3.1/../../../../arm-none-eabi/lib/thumb/v7-m/nofp\libc_nano.a(libc_a-fwalk.o)
                              C:/ST/STM32CubeIDE_1.13.2/STM32CubeIDE/plugins/com.st.stm32cube.ide.mcu.externaltools.gnu-tools-for-stm32.11.3.rel1.win32_1.1.1.202309131626/tools/bin/../lib/gcc/arm-none-eabi/11.3.1/../../../../arm-none-eabi/lib/thumb/v7-m/nofp\libc_nano.a(libc_a-findfp.o) (_fwalk_sglue)
C:/ST/STM32CubeIDE_1.13.2/STM32CubeIDE/plugins/com.st.stm32cube.ide.mcu.externaltools.gnu-tools-for-stm32.11.3.rel1.win32_1.1.1.202309131626/tools/bin/../lib/gcc/arm-none-eabi/11.3.1/../../../../arm-none-eabi/lib/thumb/v7-m/nofp\libc_nano.a(libc_a-stdio.o)
                              C:/ST/STM32CubeIDE_1.13.2/STM32CubeIDE/plugins/com.st.stm32cube.ide.mcu.externaltools.gnu-tools-for-stm32.11.3.rel1.win32_1.1.1.202309131626/tools/bin/../lib/gcc/arm-none-eabi/11.3.1/../../../../arm-none-eabi/lib/thumb/v7-m/nofp\libc_nano.a(libc_a-findfp.o) (__sread)
C:/ST/STM32CubeIDE_1.13.2/STM32CubeIDE/plugins/com.st.stm32cube.ide.mcu.externaltools.gnu-tools-for-stm32.11.3.rel1.win32_1.1.1.202309131626/tools/bin/../lib/gcc/arm-none-eabi/11.3.1/../../../../arm-none-eabi/lib/thumb/v7-m/nofp\libc_nano.a(libc_a-memset.o)
                              C:/ST/STM32CubeIDE_1.13.2/STM32CubeIDE/plugins/com.st.stm32cube.ide.mcu.externaltools.gnu-tools-for-stm32.11.3.rel1.win32_1.1.1.202309131626/tools/bin/../lib/gcc/arm-none-eabi/11.3.1/../../../../arm-none-eabi/lib/thumb/v7-m/nofp/crt0.o (memset)
C:/ST/STM32CubeIDE_1.13.2/STM32CubeIDE/plugins/com.st.stm32cube.ide.mcu.externaltools.gnu-tools-for-stm32.11.3.rel1.win32_1.1.1.202309131626/tools/bin/../lib/gcc/arm-none-eabi/11.3.1/../../../../arm-none-eabi/lib/thumb/v7-m/nofp\libc_nano.a(libc_a-closer.o)
                              C:/ST/STM32CubeIDE_1.13.2/STM32CubeIDE/plugins/com.st.stm32cube.ide.mcu.externaltools.gnu-tools-for-stm32.11.3.rel1.win32_1.1.1.202309131626/tools/bin/../lib/gcc/arm-none-eabi/11.3.1/../../../../arm-none-eabi/lib/thumb/v7-m/nofp\libc_nano.a(libc_a-stdio.o) (_close_r)
C:/ST/STM32CubeIDE_1.13.2/STM32CubeIDE/plugins/com.st.stm32cube.ide.mcu.externaltools.gnu-tools-for-stm32.11.3.rel1.win32_1.1.1.202309131626/tools/bin/../lib/gcc/arm-none-eabi/11.3.1/../../../../arm-none-eabi/lib/thumb/v7-m/nofp\libc_nano.a(libc_a-reent.o)
                              C:/ST/STM32CubeIDE_1.13.2/STM32CubeIDE/plugins/com.st.stm32cube.ide.mcu.externaltools.gnu-tools-for-stm32.11.3.rel1.win32_1.1.1.202309131626/tools/bin/../lib/gcc/arm-none-eabi/11.3.1/../../../../arm-none-eabi/lib/thumb/v7-m/nofp\libc_nano.a(libc_a-closer.o) (errno)
C:/ST/STM32CubeIDE_1.13.2/STM32CubeIDE/plugins/com.st.stm32cube.ide.mcu.externaltools.gnu-tools-for-stm32.11.3.rel1.win32_1.1.1.202309131626/tools/bin/../lib/gcc/arm-none-eabi/11.3.1/../../../../arm-none-eabi/lib/thumb/v7-m/nofp\libc_nano.a(libc_a-impure.o)
                              C:/ST/STM32CubeIDE_1.13.2/STM32CubeIDE/plugins/com.st.stm32cube.ide.mcu.externaltools.gnu-tools-for-stm32.11.3.rel1.win32_1.1.1.202309131626/tools/bin/../lib/gcc/arm-none-eabi/11.3.1/../../../../arm-none-eabi/lib/thumb/v7-m/nofp\libc_nano.a(libc_a-reent.o) (_impure_ptr)
C:/ST/STM32CubeIDE_1.13.2/STM32CubeIDE/plugins/com.st.stm32cube.ide.mcu.externaltools.gnu-tools-for-stm32.11.3.rel1.win32_1.1.1.202309131626/tools/bin/../lib/gcc/arm-none-eabi/11.3.1/../../../../arm-none-eabi/lib/thumb/v7-m/nofp\libc_nano.a(libc_a-lseekr.o)
[...]
Memory Configuration

Name             Origin             Length             Attributes
RAM              0x0000000020000000 0x000000000000c000 xrw
FLASH            0x0000000008000000 0x0000000000040000 xr
*default*        0x0000000000000000 0xffffffffffffffff

Linker script and memory map

LOAD C:/ST/STM32CubeIDE_1.13.2/STM32CubeIDE/plugins/com.st.stm32cube.ide.mcu.externaltools.gnu-tools-for-stm32.11.3.rel1.win32_1.1.1.202309131626/tools/bin/../lib/gcc/arm-none-eabi/11.3.1/thumb/v7-m/nofp/crti.o
LOAD C:/ST/STM32CubeIDE_1.13.2/STM32CubeIDE/plugins/com.st.stm32cube.ide.mcu.externaltools.gnu-tools-for-stm32.11.3.rel1.win32_1.1.1.202309131626/tools/bin/../lib/gcc/arm-none-eabi/11.3.1/thumb/v7-m/nofp/crtbegin.o
LOAD C:/ST/STM32CubeIDE_1.13.2/STM32CubeIDE/plugins/com.st.stm32cube.ide.mcu.externaltools.gnu-tools-for-stm32.11.3.rel1.win32_1.1.1.202309131626/tools/bin/../lib/gcc/arm-none-eabi/11.3.1/../../../../arm-none-eabi/lib/thumb/v7-m/nofp/crt0.o
LOAD ./Core/Src/lcd.o
LOAD ./Core/Src/main.o
LOAD ./Core/Src/stm32f1xx_hal_msp.o
LOAD ./Core/Src/stm32f1xx_it.o
LOAD ./Core/Src/syscalls.o
LOAD ./Core/Src/sysmem.o
LOAD ./Core/Src/system_stm32f1xx.o
LOAD ./Core/Startup/startup_stm32f103rctx.o
LOAD ./Drivers/STM32F1xx_HAL_Driver/Src/stm32f1xx_hal.o
LOAD ./Drivers/STM32F1xx_HAL_Driver/Src/stm32f1xx_hal_cortex.o
LOAD ./Drivers/STM32F1xx_HAL_Driver/Src/stm32f1xx_hal_dma.o
LOAD ./Drivers/STM32F1xx_HAL_Driver/Src/stm32f1xx_hal_exti.o
LOAD ./Drivers/STM32F1xx_HAL_Driver/Src/stm32f1xx_hal_flash.o
LOAD ./Drivers/STM32F1xx_HAL_Driver/Src/stm32f1xx_hal_flash_ex.o
LOAD ./Drivers/STM32F1xx_HAL_Driver/Src/stm32f1xx_hal_gpio.o
LOAD ./Drivers/STM32F1xx_HAL_Driver/Src/stm32f1xx_hal_gpio_ex.o
LOAD ./Drivers/STM32F1xx_HAL_Driver/Src/stm32f1xx_hal_pwr.o
LOAD ./Drivers/STM32F1xx_HAL_Driver/Src/stm32f1xx_hal_rcc.o
LOAD ./Drivers/STM32F1xx_HAL_Driver/Src/stm32f1xx_hal_rcc_ex.o
LOAD ./Drivers/STM32F1xx_HAL_Driver/Src/stm32f1xx_hal_tim.o
LOAD ./Drivers/STM32F1xx_HAL_Driver/Src/stm32f1xx_hal_tim_ex.o
LOAD ./Drivers/STM32F1xx_HAL_Driver/Src/stm32f1xx_hal_uart.o
START GROUP
LOAD C:/ST/STM32CubeIDE_1.13.2/STM32CubeIDE/plugins/com.st.stm32cube.ide.mcu.externaltools.gnu-tools-for-stm32.11.3.rel1.win32_1.1.1.202309131626/tools/bin/../lib/gcc/arm-none-eabi/11.3.1/../../../../arm-none-eabi/lib/thumb/v7-m/nofp\libc_nano.a
LOAD C:/ST/STM32CubeIDE_1.13.2/STM32CubeIDE/plugins/com.st.stm32cube.ide.mcu.externaltools.gnu-tools-for-stm32.11.3.rel1.win32_1.1.1.202309131626/tools/bin/../lib/gcc/arm-none-eabi/11.3.1/../../../../arm-none-eabi/lib/thumb/v7-m/nofp\libm.a
END GROUP
START GROUP
LOAD C:/ST/STM32CubeIDE_1.13.2/STM32CubeIDE/plugins/com.st.stm32cube.ide.mcu.externaltools.gnu-tools-for-stm32.11.3.rel1.win32_1.1.1.202309131626/tools/bin/../lib/gcc/arm-none-eabi/11.3.1/thumb/v7-m/nofp\libgcc.a
LOAD C:/ST/STM32CubeIDE_1.13.2/STM32CubeIDE/plugins/com.st.stm32cube.ide.mcu.externaltools.gnu-tools-for-stm32.11.3.rel1.win32_1.1.1.202309131626/tools/bin/../lib/gcc/arm-none-eabi/11.3.1/../../../../arm-none-eabi/lib/thumb/v7-m/nofp\libc_nano.a
END GROUP
START GROUP
LOAD C:/ST/STM32CubeIDE_1.13.2/STM32CubeIDE/plugins/com.st.stm32cube.ide.mcu.externaltools.gnu-tools-for-stm32.11.3.rel1.win32_1.1.1.202309131626/tools/bin/../lib/gcc/arm-none-eabi/11.3.1/thumb/v7-m/nofp\libgcc.a
LOAD C:/ST/STM32CubeIDE_1.13.2/STM32CubeIDE/plugins/com.st.stm32cube.ide.mcu.externaltools.gnu-tools-for-stm32.11.3.rel1.win32_1.1.1.202309131626/tools/bin/../lib/gcc/arm-none-eabi/11.3.1/../../../../arm-none-eabi/lib/thumb/v7-m/nofp\libc_nano.a
LOAD C:/ST/STM32CubeIDE_1.13.2/STM32CubeIDE/plugins/com.st.stm32cube.ide.mcu.externaltools.gnu-tools-for-stm32.11.3.rel1.win32_1.1.1.202309131626/tools/bin/../lib/gcc/arm-none-eabi/11.3.1/../../../../arm-none-eabi/lib/thumb/v7-m/nofp\libnosys.a
END GROUP
START GROUP
LOAD C:/ST/STM32CubeIDE_1.13.2/STM32CubeIDE/plugins/com.st.stm32cube.ide.mcu.externaltools.gnu-tools-for-stm32.11.3.rel1.win32_1.1.1.202309131626/tools/bin/../lib/gcc/arm-none-eabi/11.3.1/thumb/v7-m/nofp\libgcc.a
LOAD C:/ST/STM32CubeIDE_1.13.2/STM32CubeIDE/plugins/com.st.stm32cube.ide.mcu.externaltools.gnu-tools-for-stm32.11.3.rel1.win32_1.1.1.202309131626/tools/bin/../lib/gcc/arm-none-eabi/11.3.1/../../../../arm-none-eabi/lib/thumb/v7-m/nofp\libc_nano.a
LOAD C:/ST/STM32CubeIDE_1.13.2/STM32CubeIDE/plugins/com.st.stm32cube.ide.mcu.externaltools.gnu-tools-for-stm32.11.3.rel1.win32_1.1.1.202309131626/tools/bin/../lib/gcc/arm-none-eabi/11.3.1/../../../../arm-none-eabi/lib/thumb/v7-m/nofp\libnosys.a
END GROUP
LOAD C:/ST/STM32CubeIDE_1.13.2/STM32CubeIDE/plugins/com.st.stm32cube.ide.mcu.externaltools.gnu-tools-for-stm32.11.3.rel1.win32_1.1.1.202309131626/tools/bin/../lib/gcc/arm-none-eabi/11.3.1/thumb/v7-m/nofp/crtend.o
LOAD C:/ST/STM32CubeIDE_1.13.2/STM32CubeIDE/plugins/com.st.stm32cube.ide.mcu.externaltools.gnu-tools-for-stm32.11.3.rel1.win32_1.1.1.202309131626/tools/bin/../lib/gcc/arm-none-eabi/11.3.1/thumb/v7-m/nofp/crtn.o
                0x000000002000c000                _estack = (ORIGIN (RAM) + LENGTH (RAM))
                0x0000000000000200                _Min_Heap_Size = 0x200
                0x0000000000000400                _Min_Stack_Size = 0x400

.isr_vector     0x0000000008000000      0x1e4
                0x0000000008000000                . = ALIGN (0x4)
 *(.isr_vector)
 .isr_vector    0x0000000008000000      0x1e4 ./Core/Startup/startup_stm32f103rctx.o
                0x0000000008000000                g_pfnVectors
                0x00000000080001e4                . = ALIGN (0x4)

.text           0x00000000080001e8     0x8d08
                0x00000000080001e8                . = ALIGN (0x4)
 *(.text)
 .text          0x00000000080001e8       0x40 C:/ST/STM32CubeIDE_1.13.2/STM32CubeIDE/plugins/com.st.stm32cube.ide.mcu.externaltools.gnu-tools-for-stm32.11.3.rel1.win32_1.1.1.202309131626/tools/bin/../lib/gcc/arm-none-eabi/11.3.1/thumb/v7-m/nofp/crtbegin.o
 .text          0x0000000008000228      0x254 C:/ST/STM32CubeIDE_1.13.2/STM32CubeIDE/plugins/com.st.stm32cube.ide.mcu.externaltools.gnu-tools-for-stm32.11.3.rel1.win32_1.1.1.202309131626/tools/bin/../lib/gcc/arm-none-eabi/11.3.1/thumb/v7-m/nofp\libgcc.a(_arm_muldf3.o)
                0x0000000008000228                __muldf3
                0x0000000008000228                __aeabi_dmul
 .text          0x000000000800047c      0x378 C:/ST/STM32CubeIDE_1.13.2/STM32CubeIDE/plugins/com.st.stm32cube.ide.mcu.externaltools.gnu-tools-for-stm32.11.3.rel1.win32_1.1.1.202309131626/tools/bin/../lib/gcc/arm-none-eabi/11.3.1/thumb/v7-m/nofp\libgcc.a(_arm_addsubdf3.o)
                0x000000000800047c                __aeabi_drsub
                0x0000000008000484                __aeabi_dsub
                0x0000000008000484                __subdf3
                0x0000000008000488                __aeabi_dadd
                0x0000000008000488                __adddf3
                0x0000000008000700                __floatunsidf
                0x0000000008000700                __aeabi_ui2d
                0x0000000008000720                __floatsidf
                0x0000000008000720                __aeabi_i2d
                0x0000000008000744                __aeabi_f2d
                0x0000000008000744                __extendsfdf2
                0x0000000008000788                __floatundidf
                0x0000000008000788                __aeabi_ul2d
                0x0000000008000798                __floatdidf
                0x0000000008000798                __aeabi_l2d
 .text          0x00000000080007f4       0x40 C:/ST/STM32CubeIDE_1.13.2/STM32CubeIDE/plugins/com.st.stm32cube.ide.mcu.externaltools.gnu-tools-for-stm32.11.3.rel1.win32_1.1.1.202309131626/tools/bin/../lib/gcc/arm-none-eabi/11.3.1/thumb/v7-m/nofp\libgcc.a(_arm_fixunsdfsi.o)
                0x00000000080007f4                __aeabi_d2uiz
                0x00000000080007f4                __fixunsdfsi
 *(.text*)
 .text.LCD_WR_REG
                0x0000000008000834       0x48 ./Core/Src/lcd.o
                0x0000000008000834                LCD_WR_REG
 .text.LCD_WR_DATAX
                0x000000000800087c       0x48 ./Core/Src/lcd.o
                0x000000000800087c                LCD_WR_DATAX
 .text.LCD_RD_DATA
                0x00000000080008c4       0x88 ./Core/Src/lcd.o
                0x00000000080008c4                LCD_RD_DATA
 .text.LCD_WriteReg
                0x000000000800094c       0x54 ./Core/Src/lcd.o
                0x000000000800094c                LCD_WriteReg
 .text.LCD_ReadReg
                0x00000000080009a0       0x20 ./Core/Src/lcd.o
                0x00000000080009a0                LCD_ReadReg
 .text.LCD_WriteRAM_Prepare
                0x00000000080009c0       0x18 ./Core/Src/lcd.o
                0x00000000080009c0                LCD_WriteRAM_Prepare
 .text.LCD_SetCursor
                0x00000000080009d8      0x598 ./Core/Src/lcd.o
                0x00000000080009d8                LCD_SetCursor
 .text.LCD_Scan_Dir
                0x0000000008000f70      0x624 ./Core/Src/lcd.o
                0x0000000008000f70                LCD_Scan_Dir
 .text.LCD_Fast_DrawPoint
                0x0000000008001594      0x52c ./Core/Src/lcd.o
                0x0000000008001594                LCD_Fast_DrawPoint
 .text.LCD_SSD_BackLightSet
                0x0000000008001ac0      0x148 ./Core/Src/lcd.o
                0x0000000008001ac0                LCD_SSD_BackLightSet
 .text.LCD_Display_Dir
                0x0000000008001c08      0x218 ./Core/Src/lcd.o
                0x0000000008001c08                LCD_Display_Dir
 .text.LCD_Init
                0x0000000008001e20     0x3e5c ./Core/Src/lcd.o
                0x0000000008001e20                LCD_Init
 .text.LCD_Clear
                0x0000000008005c7c       0xc4 ./Core/Src/lcd.o
                0x0000000008005c7c                LCD_Clear
 .text.LCD_ShowChar
                0x0000000008005d40      0x15c ./Core/Src/lcd.o
                0x0000000008005d40                LCD_ShowChar
 .text.LCD_ShowString
                0x0000000008005e9c       0x9a ./Core/Src/lcd.o
                0x0000000008005e9c                LCD_ShowString
 *fill*         0x0000000008005f36        0x2 
 .text.main     0x0000000008005f38      0x168 ./Core/Src/main.o
                0x0000000008005f38                main
 .text.SystemClock_Config
                0x00000000080060a0       0x8a ./Core/Src/main.o
                0x00000000080060a0                SystemClock_Config
 *fill*         0x000000000800612a        0x2 
 .text.MX_USART1_UART_Init
                0x000000000800612c       0x84 ./Core/Src/main.o
 .text.MX_DMA_Init
                0x00000000080061b0       0x4c ./Core/Src/main.o
 .text.MX_GPIO_Init
                0x00000000080061fc       0xb4 ./Core/Src/main.o
 .text.Error_Handler
                0x00000000080062b0        0xa ./Core/Src/main.o
                0x00000000080062b0                Error_Handler
 *fill*         0x00000000080062ba        0x2 
 .text.HAL_MspInit
                0x00000000080062bc       0x68 ./Core/Src/stm32f1xx_hal_msp.o
                0x00000000080062bc                HAL_MspInit
 .text.HAL_UART_MspInit
                0x0000000008006324      0x158 ./Core/Src/stm32f1xx_hal_msp.o
                0x0000000008006324                HAL_UART_MspInit
 .text.NMI_Handler
                0x000000000800647c        0x6 ./Core/Src/stm32f1xx_it.o
                0x000000000800647c                NMI_Handler
 .text.HardFault_Handler
                0x0000000008006482        0x6 ./Core/Src/stm32f1xx_it.o
                0x0000000008006482                HardFault_Handler
 .text.MemManage_Handler
                0x0000000008006488        0x6 ./Core/Src/stm32f1xx_it.o
                0x0000000008006488                MemManage_Handler
 .text.BusFault_Handler
                0x000000000800648e        0x6 ./Core/Src/stm32f1xx_it.o
                0x000000000800648e                BusFault_Handler
 .text.UsageFault_Handler
                0x0000000008006494        0x6 ./Core/Src/stm32f1xx_it.o
                0x0000000008006494                UsageFault_Handler
 .text.SVC_Handler
                0x000000000800649a        0xc ./Core/Src/stm32f1xx_it.o
                0x000000000800649a                SVC_Handler
 .text.DebugMon_Handler
                0x00000000080064a6        0xc ./Core/Src/stm32f1xx_it.o
                0x00000000080064a6                DebugMon_Handler
 .text.PendSV_Handler
                0x00000000080064b2        0xc ./Core/Src/stm32f1xx_it.o
                0x00000000080064b2                PendSV_Handler
 .text.SysTick_Handler
                0x00000000080064be        0xc ./Core/Src/stm32f1xx_it.o
                0x00000000080064be                SysTick_Handler
 *fill*         0x00000000080064ca        0x2 
 .text.DMA1_Channel4_IRQHandler
                0x00000000080064cc       0x14 ./Core/Src/stm32f1xx_it.o
                0x00000000080064cc                DMA1_Channel4_IRQHandler
 .text.DMA1_Channel5_IRQHandler
                0x00000000080064e0       0x14 ./Core/Src/stm32f1xx_it.o
                0x00000000080064e0                DMA1_Channel5_IRQHandler
 .text.USART1_IRQHandler
                0x00000000080064f4       0xa8 ./Core/Src/stm32f1xx_it.o
                0x00000000080064f4                USART1_IRQHandler
 .text.SystemInit
                0x000000000800659c        0xc ./Core/Src/system_stm32f1xx.o
                0x000000000800659c                SystemInit
 .text.Reset_Handler
                0x00000000080065a8       0x48 ./Core/Startup/startup_stm32f103rctx.o
                0x00000000080065a8                Reset_Handler
 .text.Default_Handler
                0x00000000080065f0        0x2 ./Core/Startup/startup_stm32f103rctx.o
                0x00000000080065f0                RTC_Alarm_IRQHandler
                0x00000000080065f0                EXTI2_IRQHandler
                0x00000000080065f0                TIM8_TRG_COM_IRQHandler
                0x00000000080065f0                TIM8_CC_IRQHandler
                0x00000000080065f0                TIM1_CC_IRQHandler
                0x00000000080065f0                TIM6_IRQHandler
                0x00000000080065f0                PVD_IRQHandler
                0x00000000080065f0                SDIO_IRQHandler
                0x00000000080065f0                EXTI3_IRQHandler
                0x00000000080065f0                EXTI0_IRQHandler
                0x00000000080065f0                I2C2_EV_IRQHandler
                0x00000000080065f0                ADC1_2_IRQHandler
                0x00000000080065f0                SPI1_IRQHandler
                0x00000000080065f0                TAMPER_IRQHandler
                0x00000000080065f0                TIM8_UP_IRQHandler
                0x00000000080065f0                DMA2_Channel2_IRQHandler
                0x00000000080065f0                USART3_IRQHandler
                0x00000000080065f0                RTC_IRQHandler
                0x00000000080065f0                DMA1_Channel7_IRQHandler
                0x00000000080065f0                CAN1_RX1_IRQHandler
                0x00000000080065f0                UART5_IRQHandler
                0x00000000080065f0                ADC3_IRQHandler
                0x00000000080065f0                TIM4_IRQHandler
                0x00000000080065f0                DMA2_Channel1_IRQHandler
                0x00000000080065f0                I2C1_EV_IRQHandler
                0x00000000080065f0                DMA1_Channel6_IRQHandler
                0x00000000080065f0                UART4_IRQHandler
                0x00000000080065f0                TIM3_IRQHandler
                0x00000000080065f0                RCC_IRQHandler
                0x00000000080065f0                TIM1_TRG_COM_IRQHandler
                0x00000000080065f0                DMA1_Channel1_IRQHandler
                0x00000000080065f0                Default_Handler
                0x00000000080065f0                EXTI15_10_IRQHandler
                0x00000000080065f0                TIM7_IRQHandler
                0x00000000080065f0                TIM5_IRQHandler
                0x00000000080065f0                EXTI9_5_IRQHandler
                0x00000000080065f0                SPI2_IRQHandler
                0x00000000080065f0                EXTI4_IRQHandler
                0x00000000080065f0                USB_LP_CAN1_RX0_IRQHandler
                0x00000000080065f0                USB_HP_CAN1_TX_IRQHandler
                0x00000000080065f0                DMA1_Channel3_IRQHandler
                0x00000000080065f0                FSMC_IRQHandler
                0x00000000080065f0                TIM1_UP_IRQHandler
                0x00000000080065f0                WWDG_IRQHandler
                0x00000000080065f0                TIM2_IRQHandler
                0x00000000080065f0                TIM1_BRK_IRQHandler
                0x00000000080065f0                EXTI1_IRQHandler
                0x00000000080065f0                DMA2_Channel4_5_IRQHandler
                0x00000000080065f0                USART2_IRQHandler
                0x00000000080065f0                I2C2_ER_IRQHandler
                0x00000000080065f0                DMA1_Channel2_IRQHandler
                0x00000000080065f0                TIM8_BRK_IRQHandler
                0x00000000080065f0                CAN1_SCE_IRQHandler
                0x00000000080065f0                FLASH_IRQHandler
                0x00000000080065f0                SPI3_IRQHandler
                0x00000000080065f0                I2C1_ER_IRQHandler
                0x00000000080065f0                USBWakeUp_IRQHandler
                0x00000000080065f0                DMA2_Channel3_IRQHandler
 *fill*         0x00000000080065f2        0x2 
 .text.HAL_Init
                0x00000000080065f4       0x2c ./Drivers/STM32F1xx_HAL_Driver/Src/stm32f1xx_hal.o
                0x00000000080065f4                HAL_Init
 .text.HAL_InitTick
                0x0000000008006620       0x60 ./Drivers/STM32F1xx_HAL_Driver/Src/stm32f1xx_hal.o
                0x0000000008006620                HAL_InitTick
 .text.HAL_IncTick
                0x0000000008006680       0x24 ./Drivers/STM32F1xx_HAL_Driver/Src/stm32f1xx_hal.o
                0x0000000008006680                HAL_IncTick
 .text.HAL_GetTick
                0x00000000080066a4       0x14 ./Drivers/STM32F1xx_HAL_Driver/Src/stm32f1xx_hal.o
                0x00000000080066a4                HAL_GetTick
 .text.HAL_Delay
                0x00000000080066b8       0x48 ./Drivers/STM32F1xx_HAL_Driver/Src/stm32f1xx_hal.o
                0x00000000080066b8                HAL_Delay
 .text.__NVIC_SetPriorityGrouping
                0x0000000008006700       0x48 ./Drivers/STM32F1xx_HAL_Driver/Src/stm32f1xx_hal_cortex.o
 .text.__NVIC_GetPriorityGrouping
                0x0000000008006748       0x1c ./Drivers/STM32F1xx_HAL_Driver/Src/stm32f1xx_hal_cortex.o
 .text.__NVIC_EnableIRQ
                0x0000000008006764       0x38 ./Drivers/STM32F1xx_HAL_Driver/Src/stm32f1xx_hal_cortex.o
 .text.__NVIC_SetPriority
                0x000000000800679c       0x54 ./Drivers/STM32F1xx_HAL_Driver/Src/stm32f1xx_hal_cortex.o
 .text.NVIC_EncodePriority
                0x00000000080067f0       0x64 ./Drivers/STM32F1xx_HAL_Driver/Src/stm32f1xx_hal_cortex.o
 .text.SysTick_Config
                0x0000000008006854       0x44 ./Drivers/STM32F1xx_HAL_Driver/Src/stm32f1xx_hal_cortex.o
 .text.HAL_NVIC_SetPriorityGrouping
                0x0000000008006898       0x16 ./Drivers/STM32F1xx_HAL_Driver/Src/stm32f1xx_hal_cortex.o
                0x0000000008006898                HAL_NVIC_SetPriorityGrouping
 .text.HAL_NVIC_SetPriority
                0x00000000080068ae       0x38 ./Drivers/STM32F1xx_HAL_Driver/Src/stm32f1xx_hal_cortex.o
                0x00000000080068ae                HAL_NVIC_SetPriority
 .text.HAL_NVIC_EnableIRQ
                0x00000000080068e6       0x1c ./Drivers/STM32F1xx_HAL_Driver/Src/stm32f1xx_hal_cortex.o
                0x00000000080068e6                HAL_NVIC_EnableIRQ
 .text.HAL_SYSTICK_Config
                0x0000000008006902       0x18 ./Drivers/STM32F1xx_HAL_Driver/Src/stm32f1xx_hal_cortex.o
                0x0000000008006902                HAL_SYSTICK_Config
 *fill*         0x000000000800691a        0x2 
 .text.HAL_DMA_Init
                0x000000000800691c       0xec ./Drivers/STM32F1xx_HAL_Driver/Src/stm32f1xx_hal_dma.o
                0x000000000800691c                HAL_DMA_Init
 .text.HAL_DMA_Start_IT
                0x0000000008006a08       0xc0 ./Drivers/STM32F1xx_HAL_Driver/Src/stm32f1xx_hal_dma.o
                0x0000000008006a08                HAL_DMA_Start_IT
 .text.HAL_DMA_Abort
                0x0000000008006ac8       0x76 ./Drivers/STM32F1xx_HAL_Driver/Src/stm32f1xx_hal_dma.o
                0x0000000008006ac8                HAL_DMA_Abort
 *fill*         0x0000000008006b3e        0x2 
 .text.HAL_DMA_Abort_IT
                0x0000000008006b40      0x210 ./Drivers/STM32F1xx_HAL_Driver/Src/stm32f1xx_hal_dma.o
                0x0000000008006b40                HAL_DMA_Abort_IT
 .text.HAL_DMA_IRQHandler
                0x0000000008006d50      0x478 ./Drivers/STM32F1xx_HAL_Driver/Src/stm32f1xx_hal_dma.o
                0x0000000008006d50                HAL_DMA_IRQHandler
 .text.DMA_SetConfig
                0x00000000080071c8       0x5a ./Drivers/STM32F1xx_HAL_Driver/Src/stm32f1xx_hal_dma.o
 *fill*         0x0000000008007222        0x2 
 .text.HAL_GPIO_Init
                0x0000000008007224      0x328 ./Drivers/STM32F1xx_HAL_Driver/Src/stm32f1xx_hal_gpio.o
                0x0000000008007224                HAL_GPIO_Init
 .text.HAL_GPIO_WritePin
                0x000000000800754c       0x30 ./Drivers/STM32F1xx_HAL_Driver/Src/stm32f1xx_hal_gpio.o
                0x000000000800754c                HAL_GPIO_WritePin
 .text.HAL_RCC_OscConfig
                0x000000000800757c      0x504 ./Drivers/STM32F1xx_HAL_Driver/Src/stm32f1xx_hal_rcc.o
                0x000000000800757c                HAL_RCC_OscConfig
 .text.HAL_RCC_ClockConfig
                0x0000000008007a80      0x1d4 ./Drivers/STM32F1xx_HAL_Driver/Src/stm32f1xx_hal_rcc.o
                0x0000000008007a80                HAL_RCC_ClockConfig
 .text.HAL_RCC_GetSysClockFreq
                0x0000000008007c54       0xa8 ./Drivers/STM32F1xx_HAL_Driver/Src/stm32f1xx_hal_rcc.o
                0x0000000008007c54                HAL_RCC_GetSysClockFreq
 .text.HAL_RCC_GetHCLKFreq
                0x0000000008007cfc       0x14 ./Drivers/STM32F1xx_HAL_Driver/Src/stm32f1xx_hal_rcc.o
                0x0000000008007cfc                HAL_RCC_GetHCLKFreq
 .text.HAL_RCC_GetPCLK1Freq
                0x0000000008007d10       0x28 ./Drivers/STM32F1xx_HAL_Driver/Src/stm32f1xx_hal_rcc.o
                0x0000000008007d10                HAL_RCC_GetPCLK1Freq
 .text.HAL_RCC_GetPCLK2Freq
                0x0000000008007d38       0x28 ./Drivers/STM32F1xx_HAL_Driver/Src/stm32f1xx_hal_rcc.o
                0x0000000008007d38                HAL_RCC_GetPCLK2Freq
 .text.RCC_Delay
                0x0000000008007d60       0x3c ./Drivers/STM32F1xx_HAL_Driver/Src/stm32f1xx_hal_rcc.o
 .text.HAL_UART_Init
                0x0000000008007d9c       0xa0 ./Drivers/STM32F1xx_HAL_Driver/Src/stm32f1xx_hal_uart.o
                0x0000000008007d9c                HAL_UART_Init
 .text.HAL_UART_Transmit_DMA
                0x0000000008007e3c       0xe0 ./Drivers/STM32F1xx_HAL_Driver/Src/stm32f1xx_hal_uart.o
                0x0000000008007e3c                HAL_UART_Transmit_DMA
 .text.HAL_UART_Receive_DMA
                0x0000000008007f1c       0x4a ./Drivers/STM32F1xx_HAL_Driver/Src/stm32f1xx_hal_uart.o
                0x0000000008007f1c                HAL_UART_Receive_DMA
 .text.HAL_UART_DMAStop
                0x0000000008007f66       0xfe ./Drivers/STM32F1xx_HAL_Driver/Src/stm32f1xx_hal_uart.o
                0x0000000008007f66                HAL_UART_DMAStop
 .text.HAL_UART_IRQHandler
                0x0000000008008064      0x524 ./Drivers/STM32F1xx_HAL_Driver/Src/stm32f1xx_hal_uart.o
                0x0000000008008064                HAL_UART_IRQHandler
 .text.HAL_UART_TxCpltCallback
                0x0000000008008588       0x12 ./Drivers/STM32F1xx_HAL_Driver/Src/stm32f1xx_hal_uart.o
                0x0000000008008588                HAL_UART_TxCpltCallback
 .text.HAL_UART_TxHalfCpltCallback
                0x000000000800859a       0x12 ./Drivers/STM32F1xx_HAL_Driver/Src/stm32f1xx_hal_uart.o
                0x000000000800859a                HAL_UART_TxHalfCpltCallback
 .text.HAL_UART_RxCpltCallback
                0x00000000080085ac       0x12 ./Drivers/STM32F1xx_HAL_Driver/Src/stm32f1xx_hal_uart.o
                0x00000000080085ac                HAL_UART_RxCpltCallback
 .text.HAL_UART_RxHalfCpltCallback
                0x00000000080085be       0x12 ./Drivers/STM32F1xx_HAL_Driver/Src/stm32f1xx_hal_uart.o
                0x00000000080085be                HAL_UART_RxHalfCpltCallback
 .text.HAL_UART_ErrorCallback
                0x00000000080085d0       0x12 ./Drivers/STM32F1xx_HAL_Driver/Src/stm32f1xx_hal_uart.o
                0x00000000080085d0                HAL_UART_ErrorCallback
 .text.HAL_UARTEx_RxEventCallback
                0x00000000080085e2       0x16 ./Drivers/STM32F1xx_HAL_Driver/Src/stm32f1xx_hal_uart.o
                0x00000000080085e2                HAL_UARTEx_RxEventCallback
 .text.UART_DMATransmitCplt
                0x00000000080085f8       0x9a ./Drivers/STM32F1xx_HAL_Driver/Src/stm32f1xx_hal_uart.o
 .text.UART_DMATxHalfCplt
                0x0000000008008692       0x1c ./Drivers/STM32F1xx_HAL_Driver/Src/stm32f1xx_hal_uart.o
 .text.UART_DMAReceiveCplt
                0x00000000080086ae      0x12c ./Drivers/STM32F1xx_HAL_Driver/Src/stm32f1xx_hal_uart.o
 .text.UART_DMARxHalfCplt
                0x00000000080087da       0x3c ./Drivers/STM32F1xx_HAL_Driver/Src/stm32f1xx_hal_uart.o
 .text.UART_DMAError
                0x0000000008008816       0x94 ./Drivers/STM32F1xx_HAL_Driver/Src/stm32f1xx_hal_uart.o
 *fill*         0x00000000080088aa        0x2 
 .text.UART_Start_Receive_DMA
                0x00000000080088ac      0x134 ./Drivers/STM32F1xx_HAL_Driver/Src/stm32f1xx_hal_uart.o
                0x00000000080088ac                UART_Start_Receive_DMA
 .text.UART_EndTxTransfer
                0x00000000080089e0       0x4e ./Drivers/STM32F1xx_HAL_Driver/Src/stm32f1xx_hal_uart.o
 .text.UART_EndRxTransfer
                0x0000000008008a2e       0xc4 ./Drivers/STM32F1xx_HAL_Driver/Src/stm32f1xx_hal_uart.o
 .text.UART_DMAAbortOnError
                0x0000000008008af2       0x28 ./Drivers/STM32F1xx_HAL_Driver/Src/stm32f1xx_hal_uart.o
 .text.UART_Transmit_IT
                0x0000000008008b1a       0x9e ./Drivers/STM32F1xx_HAL_Driver/Src/stm32f1xx_hal_uart.o
 .text.UART_EndTransmit_IT
                0x0000000008008bb8       0x30 ./Drivers/STM32F1xx_HAL_Driver/Src/stm32f1xx_hal_uart.o
 .text.UART_Receive_IT
                0x0000000008008be8      0x17c ./Drivers/STM32F1xx_HAL_Driver/Src/stm32f1xx_hal_uart.o
 .text.UART_SetConfig
                0x0000000008008d64      0x11c ./Drivers/STM32F1xx_HAL_Driver/Src/stm32f1xx_hal_uart.o
 .text.memset   0x0000000008008e80       0x10 C:/ST/STM32CubeIDE_1.13.2/STM32CubeIDE/plugins/com.st.stm32cube.ide.mcu.externaltools.gnu-tools-for-stm32.11.3.rel1.win32_1.1.1.202309131626/tools/bin/../lib/gcc/arm-none-eabi/11.3.1/../../../../arm-none-eabi/lib/thumb/v7-m/nofp\libc_nano.a(libc_a-memset.o)
                0x0000000008008e80                memset
 .text.__libc_init_array
                0x0000000008008e90       0x48 C:/ST/STM32CubeIDE_1.13.2/STM32CubeIDE/plugins/com.st.stm32cube.ide.mcu.externaltools.gnu-tools-for-stm32.11.3.rel1.win32_1.1.1.202309131626/tools/bin/../lib/gcc/arm-none-eabi/11.3.1/../../../../arm-none-eabi/lib/thumb/v7-m/nofp\libc_nano.a(libc_a-init.o)
                0x0000000008008e90                __libc_init_array
 *(.glue_7)
 .glue_7        0x0000000008008ed8        0x0 linker stubs
 *(.glue_7t)
 .glue_7t       0x0000000008008ed8        0x0 linker stubs
 *(.eh_frame)
 .eh_frame      0x0000000008008ed8        0x0 C:/ST/STM32CubeIDE_1.13.2/STM32CubeIDE/plugins/com.st.stm32cube.ide.mcu.externaltools.gnu-tools-for-stm32.11.3.rel1.win32_1.1.1.202309131626/tools/bin/../lib/gcc/arm-none-eabi/11.3.1/thumb/v7-m/nofp/crtbegin.o
 *(.init)
 .init          0x0000000008008ed8        0x4 C:/ST/STM32CubeIDE_1.13.2/STM32CubeIDE/plugins/com.st.stm32cube.ide.mcu.externaltools.gnu-tools-for-stm32.11.3.rel1.win32_1.1.1.202309131626/tools/bin/../lib/gcc/arm-none-eabi/11.3.1/thumb/v7-m/nofp/crti.o
                0x0000000008008ed8                _init
 .init          0x0000000008008edc        0x8 C:/ST/STM32CubeIDE_1.13.2/STM32CubeIDE/plugins/com.st.stm32cube.ide.mcu.externaltools.gnu-tools-for-stm32.11.3.rel1.win32_1.1.1.202309131626/tools/bin/../lib/gcc/arm-none-eabi/11.3.1/thumb/v7-m/nofp/crtn.o
 *(.fini)
 .fini          0x0000000008008ee4        0x4 C:/ST/STM32CubeIDE_1.13.2/STM32CubeIDE/plugins/com.st.stm32cube.ide.mcu.externaltools.gnu-tools-for-stm32.11.3.rel1.win32_1.1.1.202309131626/tools/bin/../lib/gcc/arm-none-eabi/11.3.1/thumb/v7-m/nofp/crti.o
                0x0000000008008ee4                _fini
 .fini          0x0000000008008ee8        0x8 C:/ST/STM32CubeIDE_1.13.2/STM32CubeIDE/plugins/com.st.stm32cube.ide.mcu.externaltools.gnu-tools-for-stm32.11.3.rel1.win32_1.1.1.202309131626/tools/bin/../lib/gcc/arm-none-eabi/11.3.1/thumb/v7-m/nofp/crtn.o
                0x0000000008008ef0                . = ALIGN (0x4)
                0x0000000008008ef0                _etext = .

.vfp11_veneer   0x0000000008008ef0        0x0
 .vfp11_veneer  0x0000000008008ef0        0x0 linker stubs

.v4_bx          0x0000000008008ef0        0x0
 .v4_bx         0x0000000008008ef0        0x0 linker stubs

.iplt           0x0000000008008ef0        0x0
 .iplt          0x0000000008008ef0        0x0 C:/ST/STM32CubeIDE_1.13.2/STM32CubeIDE/plugins/com.st.stm32cube.ide.mcu.externaltools.gnu-tools-for-stm32.11.3.rel1.win32_1.1.1.202309131626/tools/bin/../lib/gcc/arm-none-eabi/11.3.1/thumb/v7-m/nofp/crtbegin.o

.rodata         0x0000000008008ef0     0x2fe8
                0x0000000008008ef0                . = ALIGN (0x4)
 *(.rodata)
 .rodata        0x0000000008008ef0       0x36 ./Core/Src/main.o
 *(.rodata*)
 *fill*         0x0000000008008f26        0x2 
 .rodata.asc2_1206
                0x0000000008008f28      0x474 ./Core/Src/lcd.o
                0x0000000008008f28                asc2_1206
 .rodata.asc2_1608
                0x000000000800939c      0x5f0 ./Core/Src/lcd.o
                0x000000000800939c                asc2_1608
 .rodata.asc2_2412
                0x000000000800998c      0xd5c ./Core/Src/lcd.o
                0x000000000800998c                asc2_2412
 .rodata.TEXT_TO_SEND
                0x000000000800a6e8     0x17c1 ./Core/Src/main.o
                0x000000000800a6e8                TEXT_TO_SEND
 *fill*         0x000000000800bea9        0x3 
 .rodata.AHBPrescTable
                0x000000000800beac       0x10 ./Core/Src/system_stm32f1xx.o
                0x000000000800beac                AHBPrescTable
 .rodata.APBPrescTable
                0x000000000800bebc        0x8 ./Core/Src/system_stm32f1xx.o
                0x000000000800bebc                APBPrescTable
 .rodata.aPLLMULFactorTable.1
                0x000000000800bec4       0x10 ./Drivers/STM32F1xx_HAL_Driver/Src/stm32f1xx_hal_rcc.o
 .rodata.aPredivFactorTable.0
                0x000000000800bed4        0x2 ./Drivers/STM32F1xx_HAL_Driver/Src/stm32f1xx_hal_rcc.o
                0x000000000800bed8                . = ALIGN (0x4)
 *fill*         0x000000000800bed6        0x2 

.rel.dyn        0x000000000800bed8        0x0
 .rel.iplt      0x000000000800bed8        0x0 C:/ST/STM32CubeIDE_1.13.2/STM32CubeIDE/plugins/com.st.stm32cube.ide.mcu.externaltools.gnu-tools-for-stm32.11.3.rel1.win32_1.1.1.202309131626/tools/bin/../lib/gcc/arm-none-eabi/11.3.1/thumb/v7-m/nofp/crtbegin.o

.ARM.extab      0x000000000800bed8        0x0
                0x000000000800bed8                . = ALIGN (0x4)
 *(.ARM.extab* .gnu.linkonce.armextab.*)
                0x000000000800bed8                . = ALIGN (0x4)

.ARM            0x000000000800bed8        0x0
                0x000000000800bed8                . = ALIGN (0x4)
                0x000000000800bed8                __exidx_start = .
 *(.ARM.exidx*)
                0x000000000800bed8                __exidx_end = .
                0x000000000800bed8                . = ALIGN (0x4)

.preinit_array  0x000000000800bed8        0x0
                0x000000000800bed8                . = ALIGN (0x4)
                0x000000000800bed8                PROVIDE (__preinit_array_start = .)
 *(.preinit_array*)
                0x000000000800bed8                PROVIDE (__preinit_array_end = .)
                0x000000000800bed8                . = ALIGN (0x4)

.init_array     0x000000000800bed8        0x4
                0x000000000800bed8                . = ALIGN (0x4)
                0x000000000800bed8                PROVIDE (__init_array_start = .)
 *(SORT_BY_NAME(.init_array.*))
 *(.init_array*)
 .init_array    0x000000000800bed8        0x4 C:/ST/STM32CubeIDE_1.13.2/STM32CubeIDE/plugins/com.st.stm32cube.ide.mcu.externaltools.gnu-tools-for-stm32.11.3.rel1.win32_1.1.1.202309131626/tools/bin/../lib/gcc/arm-none-eabi/11.3.1/thumb/v7-m/nofp/crtbegin.o
                0x000000000800bedc                PROVIDE (__init_array_end = .)
                0x000000000800bedc                . = ALIGN (0x4)

.fini_array     0x000000000800bedc        0x4
                0x000000000800bedc                . = ALIGN (0x4)
                [!provide]                        PROVIDE (__fini_array_start = .)
 *(SORT_BY_NAME(.fini_array.*))
 *(.fini_array*)
 .fini_array    0x000000000800bedc        0x4 C:/ST/STM32CubeIDE_1.13.2/STM32CubeIDE/plugins/com.st.stm32cube.ide.mcu.externaltools.gnu-tools-for-stm32.11.3.rel1.win32_1.1.1.202309131626/tools/bin/../lib/gcc/arm-none-eabi/11.3.1/thumb/v7-m/nofp/crtbegin.o
                [!provide]                        PROVIDE (__fini_array_end = .)
                0x000000000800bee0                . = ALIGN (0x4)
                0x000000000800bee0                _sidata = LOADADDR (.data)

.data           0x0000000020000000       0x10 load address 0x000000000800bee0
                0x0000000020000000                . = ALIGN (0x4)
                0x0000000020000000                _sdata = .
 *(.data)
 *(.data*)
 .data.BACK_COLOR
                0x0000000020000000        0x2 ./Core/Src/lcd.o
                0x0000000020000000                BACK_COLOR
 *fill*         0x0000000020000002        0x2 
 .data.SystemCoreClock
                0x0000000020000004        0x4 ./Core/Src/system_stm32f1xx.o
                0x0000000020000004                SystemCoreClock
 .data.uwTickPrio
                0x0000000020000008        0x4 ./Drivers/STM32F1xx_HAL_Driver/Src/stm32f1xx_hal.o
                0x0000000020000008                uwTickPrio
 .data.uwTickFreq
                0x000000002000000c        0x1 ./Drivers/STM32F1xx_HAL_Driver/Src/stm32f1xx_hal.o
                0x000000002000000c                uwTickFreq
 *(.RamFunc)
 *(.RamFunc*)
                0x0000000020000010                . = ALIGN (0x4)
 *fill*         0x000000002000000d        0x3 
                0x0000000020000010                _edata = .

.igot.plt       0x0000000020000010        0x0 load address 0x000000000800bef0
 .igot.plt      0x0000000020000010        0x0 C:/ST/STM32CubeIDE_1.13.2/STM32CubeIDE/plugins/com.st.stm32cube.ide.mcu.externaltools.gnu-tools-for-stm32.11.3.rel1.win32_1.1.1.202309131626/tools/bin/../lib/gcc/arm-none-eabi/11.3.1/thumb/v7-m/nofp/crtbegin.o
                0x0000000020000010                . = ALIGN (0x4)

.bss            0x0000000020000010     0x1ccc load address 0x000000000800bef0
                0x0000000020000010                _sbss = .
                0x0000000020000010                __bss_start__ = _sbss
 *(.bss)
 .bss           0x0000000020000010       0x1c C:/ST/STM32CubeIDE_1.13.2/STM32CubeIDE/plugins/com.st.stm32cube.ide.mcu.externaltools.gnu-tools-for-stm32.11.3.rel1.win32_1.1.1.202309131626/tools/bin/../lib/gcc/arm-none-eabi/11.3.1/thumb/v7-m/nofp/crtbegin.o
 *(.bss*)
 .bss.POINT_COLOR
                0x000000002000002c        0x2 ./Core/Src/lcd.o
                0x000000002000002c                POINT_COLOR
 *fill*         0x000000002000002e        0x2 
 .bss.lcddev    0x0000000020000030        0xe ./Core/Src/lcd.o
                0x0000000020000030                lcddev
 *fill*         0x000000002000003e        0x2 
 .bss.huart1    0x0000000020000040       0x48 ./Core/Src/main.o
                0x0000000020000040                huart1
 .bss.hdma_usart1_tx
                0x0000000020000088       0x44 ./Core/Src/main.o
                0x0000000020000088                hdma_usart1_tx
 .bss.hdma_usart1_rx
                0x00000000200000cc       0x44 ./Core/Src/main.o
                0x00000000200000cc                hdma_usart1_rx
 .bss.g_sendbuf
                0x0000000020000110     0x17c3 ./Core/Src/main.o
                0x0000000020000110                g_sendbuf
 .bss.recv_end_flag
                0x00000000200018d3        0x1 ./Core/Src/stm32f1xx_it.o
                0x00000000200018d3                recv_end_flag
 .bss.rx_len    0x00000000200018d4        0x4 ./Core/Src/stm32f1xx_it.o
                0x00000000200018d4                rx_len
 .bss.rx_buffer
                0x00000000200018d8      0x400 ./Core/Src/stm32f1xx_it.o
                0x00000000200018d8                rx_buffer
 .bss.uwTick    0x0000000020001cd8        0x4 ./Drivers/STM32F1xx_HAL_Driver/Src/stm32f1xx_hal.o
                0x0000000020001cd8                uwTick
 *(COMMON)
                0x0000000020001cdc                . = ALIGN (0x4)
                0x0000000020001cdc                _ebss = .
                0x0000000020001cdc                __bss_end__ = _ebss

._user_heap_stack
                0x0000000020001cdc      0x604 load address 0x000000000800bef0
                0x0000000020001ce0                . = ALIGN (0x8)
 *fill*         0x0000000020001cdc        0x4 
                [!provide]                        PROVIDE (end = .)
                0x0000000020001ce0                PROVIDE (_end = .)
                0x0000000020001ee0                . = (. + _Min_Heap_Size)
 *fill*         0x0000000020001ce0      0x200 
                0x00000000200022e0                . = (. + _Min_Stack_Size)
 *fill*         0x0000000020001ee0      0x400 
                0x00000000200022e0                . = ALIGN (0x8)

/DISCARD/
 libc.a(*)
 libm.a(*)
 libgcc.a(*)

.ARM.attributes
                0x0000000000000000       0x29
 *(.ARM.attributes)
 .ARM.attributes
                0x0000000000000000       0x1d C:/ST/STM32CubeIDE_1.13.2/STM32CubeIDE/plugins/com.st.stm32cube.ide.mcu.externaltools.gnu-tools-for-stm32.11.3.rel1.win32_1.1.1.202309131626/tools/bin/../lib/gcc/arm-none-eabi/11.3.1/thumb/v7-m/nofp/crti.o
 .ARM.attributes
                0x000000000000001d       0x2d C:/ST/STM32CubeIDE_1.13.2/STM32CubeIDE/plugins/com.st.stm32cube.ide.mcu.externaltools.gnu-tools-for-stm32.11.3.rel1.win32_1.1.1.202309131626/tools/bin/../lib/gcc/arm-none-eabi/11.3.1/thumb/v7-m/nofp/crtbegin.o
 .ARM.attributes
                0x000000000000004a       0x2d ./Core/Src/lcd.o
 .ARM.attributes
                0x0000000000000077       0x2d ./Core/Src/main.o
 .ARM.attributes
                0x00000000000000a4       0x2d ./Core/Src/stm32f1xx_hal_msp.o
 .ARM.attributes
                0x00000000000000d1       0x2d ./Core/Src/stm32f1xx_it.o
 .ARM.attributes
                0x00000000000000fe       0x2d ./Core/Src/system_stm32f1xx.o
 .ARM.attributes
                0x000000000000012b       0x21 ./Core/Startup/startup_stm32f103rctx.o
 .ARM.attributes
                0x000000000000014c       0x2d ./Drivers/STM32F1xx_HAL_Driver/Src/stm32f1xx_hal.o
 .ARM.attributes
                0x0000000000000179       0x2d ./Drivers/STM32F1xx_HAL_Driver/Src/stm32f1xx_hal_cortex.o
 .ARM.attributes
                0x00000000000001a6       0x2d ./Drivers/STM32F1xx_HAL_Driver/Src/stm32f1xx_hal_dma.o
 .ARM.attributes
                0x00000000000001d3       0x2d ./Drivers/STM32F1xx_HAL_Driver/Src/stm32f1xx_hal_gpio.o
 .ARM.attributes
                0x0000000000000200       0x2d ./Drivers/STM32F1xx_HAL_Driver/Src/stm32f1xx_hal_rcc.o
 .ARM.attributes
                0x000000000000022d       0x2d ./Drivers/STM32F1xx_HAL_Driver/Src/stm32f1xx_hal_uart.o
 .ARM.attributes
                0x000000000000025a       0x2d C:/ST/STM32CubeIDE_1.13.2/STM32CubeIDE/plugins/com.st.stm32cube.ide.mcu.externaltools.gnu-tools-for-stm32.11.3.rel1.win32_1.1.1.202309131626/tools/bin/../lib/gcc/arm-none-eabi/11.3.1/../../../../arm-none-eabi/lib/thumb/v7-m/nofp\libc_nano.a(libc_a-memset.o)
 .ARM.attributes
                0x0000000000000287       0x2d C:/ST/STM32CubeIDE_1.13.2/STM32CubeIDE/plugins/com.st.stm32cube.ide.mcu.externaltools.gnu-tools-for-stm32.11.3.rel1.win32_1.1.1.202309131626/tools/bin/../lib/gcc/arm-none-eabi/11.3.1/../../../../arm-none-eabi/lib/thumb/v7-m/nofp\libc_nano.a(libc_a-init.o)
 .ARM.attributes
                0x00000000000002b4       0x1d C:/ST/STM32CubeIDE_1.13.2/STM32CubeIDE/plugins/com.st.stm32cube.ide.mcu.externaltools.gnu-tools-for-stm32.11.3.rel1.win32_1.1.1.202309131626/tools/bin/../lib/gcc/arm-none-eabi/11.3.1/thumb/v7-m/nofp\libgcc.a(_arm_muldf3.o)
 .ARM.attributes
                0x00000000000002d1       0x1d C:/ST/STM32CubeIDE_1.13.2/STM32CubeIDE/plugins/com.st.stm32cube.ide.mcu.externaltools.gnu-tools-for-stm32.11.3.rel1.win32_1.1.1.202309131626/tools/bin/../lib/gcc/arm-none-eabi/11.3.1/thumb/v7-m/nofp\libgcc.a(_arm_addsubdf3.o)
 .ARM.attributes
                0x00000000000002ee       0x1d C:/ST/STM32CubeIDE_1.13.2/STM32CubeIDE/plugins/com.st.stm32cube.ide.mcu.externaltools.gnu-tools-for-stm32.11.3.rel1.win32_1.1.1.202309131626/tools/bin/../lib/gcc/arm-none-eabi/11.3.1/thumb/v7-m/nofp\libgcc.a(_arm_fixunsdfsi.o)
 .ARM.attributes
                0x000000000000030b       0x1d C:/ST/STM32CubeIDE_1.13.2/STM32CubeIDE/plugins/com.st.stm32cube.ide.mcu.externaltools.gnu-tools-for-stm32.11.3.rel1.win32_1.1.1.202309131626/tools/bin/../lib/gcc/arm-none-eabi/11.3.1/thumb/v7-m/nofp/crtn.o
OUTPUT(lab_13.elf elf32-littlearm)
LOAD linker stubs
LOAD C:/ST/STM32CubeIDE_1.13.2/STM32CubeIDE/plugins/com.st.stm32cube.ide.mcu.externaltools.gnu-tools-for-stm32.11.3.rel1.win32_1.1.1.202309131626/tools/bin/../lib/gcc/arm-none-eabi/11.3.1/../../../../arm-none-eabi/lib/thumb/v7-m/nofp\libc.a
LOAD C:/ST/STM32CubeIDE_1.13.2/STM32CubeIDE/plugins/com.st.stm32cube.ide.mcu.externaltools.gnu-tools-for-stm32.11.3.rel1.win32_1.1.1.202309131626/tools/bin/../lib/gcc/arm-none-eabi/11.3.1/../../../../arm-none-eabi/lib/thumb/v7-m/nofp\libm.a
LOAD C:/ST/STM32CubeIDE_1.13.2/STM32CubeIDE/plugins/com.st.stm32cube.ide.mcu.externaltools.gnu-tools-for-stm32.11.3.rel1.win32_1.1.1.202309131626/tools/bin/../lib/gcc/arm-none-eabi/11.3.1/thumb/v7-m/nofp\libgcc.a

.comment        0x0000000000000000       0x43
 .comment       0x0000000000000000       0x43 C:/ST/STM32CubeIDE_1.13.2/STM32CubeIDE/plugins/com.st.stm32cube.ide.mcu.externaltools.gnu-tools-for-stm32.11.3.rel1.win32_1.1.1.202309131626/tools/bin/../lib/gcc/arm-none-eabi/11.3.1/thumb/v7-m/nofp/crtbegin.o
                                         0x44 (size before relaxing)
 .comment       0x0000000000000043       0x44 ./Core/Src/lcd.o
 .comment       0x0000000000000043       0x44 ./Core/Src/main.o
 .comment       0x0000000000000043       0x44 ./Core/Src/stm32f1xx_hal_msp.o
 .comment       0x0000000000000043       0x44 ./Core/Src/stm32f1xx_it.o
 .comment       0x0000000000000043       0x44 ./Core/Src/system_stm32f1xx.o
 .comment       0x0000000000000043       0x44 ./Drivers/STM32F1xx_HAL_Driver/Src/stm32f1xx_hal.o
 .comment       0x0000000000000043       0x44 ./Drivers/STM32F1xx_HAL_Driver/Src/stm32f1xx_hal_cortex.o
 .comment       0x0000000000000043       0x44 ./Drivers/STM32F1xx_HAL_Driver/Src/stm32f1xx_hal_dma.o
 .comment       0x0000000000000043       0x44 ./Drivers/STM32F1xx_HAL_Driver/Src/stm32f1xx_hal_gpio.o
 .comment       0x0000000000000043       0x44 ./Drivers/STM32F1xx_HAL_Driver/Src/stm32f1xx_hal_rcc.o
 .comment       0x0000000000000043       0x44 ./Drivers/STM32F1xx_HAL_Driver/Src/stm32f1xx_hal_uart.o

.debug_info     0x0000000000000000     0x859f
 .debug_info    0x0000000000000000      0xe2b ./Core/Src/lcd.o
 .debug_info    0x0000000000000e2b      0xd3b ./Core/Src/main.o
 .debug_info    0x0000000000001b66      0xa77 ./Core/Src/stm32f1xx_hal_msp.o
 .debug_info    0x00000000000025dd      0x72c ./Core/Src/stm32f1xx_it.o
 .debug_info    0x0000000000002d09      0x222 ./Core/Src/system_stm32f1xx.o
 .debug_info    0x0000000000002f2b       0x23 ./Core/Startup/startup_stm32f103rctx.o
 .debug_info    0x0000000000002f4e      0x76a ./Drivers/STM32F1xx_HAL_Driver/Src/stm32f1xx_hal.o
 .debug_info    0x00000000000036b8      0xaed ./Drivers/STM32F1xx_HAL_Driver/Src/stm32f1xx_hal_cortex.o
 .debug_info    0x00000000000041a5      0x6d2 ./Drivers/STM32F1xx_HAL_Driver/Src/stm32f1xx_hal_dma.o
 .debug_info    0x0000000000004877      0x5ab ./Drivers/STM32F1xx_HAL_Driver/Src/stm32f1xx_hal_gpio.o
 .debug_info    0x0000000000004e22      0x7d5 ./Drivers/STM32F1xx_HAL_Driver/Src/stm32f1xx_hal_rcc.o
 .debug_info    0x00000000000055f7     0x2fa8 ./Drivers/STM32F1xx_HAL_Driver/Src/stm32f1xx_hal_uart.o

.debug_abbrev   0x0000000000000000     0x1977
 .debug_abbrev  0x0000000000000000      0x2f5 ./Core/Src/lcd.o
 .debug_abbrev  0x00000000000002f5      0x2b7 ./Core/Src/main.o
 .debug_abbrev  0x00000000000005ac      0x20b ./Core/Src/stm32f1xx_hal_msp.o
 .debug_abbrev  0x00000000000007b7      0x1f6 ./Core/Src/stm32f1xx_it.o
 .debug_abbrev  0x00000000000009ad      0x13f ./Core/Src/system_stm32f1xx.o
 .debug_abbrev  0x0000000000000aec       0x12 ./Core/Startup/startup_stm32f103rctx.o
 .debug_abbrev  0x0000000000000afe      0x201 ./Drivers/STM32F1xx_HAL_Driver/Src/stm32f1xx_hal.o
 .debug_abbrev  0x0000000000000cff      0x2f8 ./Drivers/STM32F1xx_HAL_Driver/Src/stm32f1xx_hal_cortex.o
 .debug_abbrev  0x0000000000000ff7      0x20b ./Drivers/STM32F1xx_HAL_Driver/Src/stm32f1xx_hal_dma.o
 .debug_abbrev  0x0000000000001202      0x1ca ./Drivers/STM32F1xx_HAL_Driver/Src/stm32f1xx_hal_gpio.o
 .debug_abbrev  0x00000000000013cc      0x2b3 ./Drivers/STM32F1xx_HAL_Driver/Src/stm32f1xx_hal_rcc.o
 .debug_abbrev  0x000000000000167f      0x2f8 ./Drivers/STM32F1xx_HAL_Driver/Src/stm32f1xx_hal_uart.o

.debug_aranges  0x0000000000000000      0x7a8
 .debug_aranges
                0x0000000000000000      0x118 ./Core/Src/lcd.o
 .debug_aranges
                0x0000000000000118       0x48 ./Core/Src/main.o
 .debug_aranges
                0x0000000000000160       0x30 ./Core/Src/stm32f1xx_hal_msp.o
 .debug_aranges
                0x0000000000000190       0x78 ./Core/Src/stm32f1xx_it.o
 .debug_aranges
                0x0000000000000208       0x28 ./Core/Src/system_stm32f1xx.o
 .debug_aranges
                0x0000000000000230       0x28 ./Core/Startup/startup_stm32f103rctx.o
 .debug_aranges
                0x0000000000000258       0xe0 ./Drivers/STM32F1xx_HAL_Driver/Src/stm32f1xx_hal.o
 .debug_aranges
                0x0000000000000338      0x100 ./Drivers/STM32F1xx_HAL_Driver/Src/stm32f1xx_hal_cortex.o
 .debug_aranges
                0x0000000000000438       0x80 ./Drivers/STM32F1xx_HAL_Driver/Src/stm32f1xx_hal_dma.o
 .debug_aranges
                0x00000000000004b8       0x58 ./Drivers/STM32F1xx_HAL_Driver/Src/stm32f1xx_hal_gpio.o
 .debug_aranges
                0x0000000000000510       0x90 ./Drivers/STM32F1xx_HAL_Driver/Src/stm32f1xx_hal_rcc.o
 .debug_aranges
                0x00000000000005a0      0x208 ./Drivers/STM32F1xx_HAL_Driver/Src/stm32f1xx_hal_uart.o

.debug_rnglists
                0x0000000000000000      0x5e6
 .debug_rnglists
                0x0000000000000000       0xdf ./Core/Src/lcd.o
 .debug_rnglists
                0x00000000000000df       0x35 ./Core/Src/main.o
 .debug_rnglists
                0x0000000000000114       0x20 ./Core/Src/stm32f1xx_hal_msp.o
 .debug_rnglists
                0x0000000000000134       0x56 ./Core/Src/stm32f1xx_it.o
 .debug_rnglists
                0x000000000000018a       0x1a ./Core/Src/system_stm32f1xx.o
 .debug_rnglists
                0x00000000000001a4       0x19 ./Core/Startup/startup_stm32f103rctx.o
 .debug_rnglists
                0x00000000000001bd       0xa3 ./Drivers/STM32F1xx_HAL_Driver/Src/stm32f1xx_hal.o
 .debug_rnglists
                0x0000000000000260       0xbb ./Drivers/STM32F1xx_HAL_Driver/Src/stm32f1xx_hal_cortex.o
 .debug_rnglists
                0x000000000000031b       0x64 ./Drivers/STM32F1xx_HAL_Driver/Src/stm32f1xx_hal_dma.o
 .debug_rnglists
                0x000000000000037f       0x3f ./Drivers/STM32F1xx_HAL_Driver/Src/stm32f1xx_hal_gpio.o
 .debug_rnglists
                0x00000000000003be       0x6c ./Drivers/STM32F1xx_HAL_Driver/Src/stm32f1xx_hal_rcc.o
 .debug_rnglists
                0x000000000000042a      0x1bc ./Drivers/STM32F1xx_HAL_Driver/Src/stm32f1xx_hal_uart.o

.debug_macro    0x0000000000000000    0x18ca1
 .debug_macro   0x0000000000000000      0x282 ./Core/Src/lcd.o
 .debug_macro   0x0000000000000282      0xa9c ./Core/Src/lcd.o
 .debug_macro   0x0000000000000d1e      0x21b ./Core/Src/lcd.o
 .debug_macro   0x0000000000000f39       0x2e ./Core/Src/lcd.o
 .debug_macro   0x0000000000000f67       0x22 ./Core/Src/lcd.o
 .debug_macro   0x0000000000000f89       0x22 ./Core/Src/lcd.o
 .debug_macro   0x0000000000000fab       0x8e ./Core/Src/lcd.o
 .debug_macro   0x0000000000001039       0x51 ./Core/Src/lcd.o
 .debug_macro   0x000000000000108a      0x103 ./Core/Src/lcd.o
 .debug_macro   0x000000000000118d       0x6a ./Core/Src/lcd.o
 .debug_macro   0x00000000000011f7      0x1df ./Core/Src/lcd.o
 .debug_macro   0x00000000000013d6       0x1c ./Core/Src/lcd.o
 .debug_macro   0x00000000000013f2       0x22 ./Core/Src/lcd.o
 .debug_macro   0x0000000000001414       0xbd ./Core/Src/lcd.o
 .debug_macro   0x00000000000014d1      0xd23 ./Core/Src/lcd.o
 .debug_macro   0x00000000000021f4     0xfd8c ./Core/Src/lcd.o
 .debug_macro   0x0000000000011f80       0x6d ./Core/Src/lcd.o
 .debug_macro   0x0000000000011fed     0x348d ./Core/Src/lcd.o
 .debug_macro   0x000000000001547a      0x174 ./Core/Src/lcd.o
 .debug_macro   0x00000000000155ee       0x5c ./Core/Src/lcd.o
 .debug_macro   0x000000000001564a      0x5bc ./Core/Src/lcd.o
 .debug_macro   0x0000000000015c06      0x4d5 ./Core/Src/lcd.o
 .debug_macro   0x00000000000160db      0x1cb ./Core/Src/lcd.o
 .debug_macro   0x00000000000162a6      0x114 ./Core/Src/lcd.o
 .debug_macro   0x00000000000163ba      0x1ea ./Core/Src/lcd.o
 .debug_macro   0x00000000000165a4       0x27 ./Core/Src/lcd.o
 .debug_macro   0x00000000000165cb      0x144 ./Core/Src/lcd.o
 .debug_macro   0x000000000001670f      0x1bc ./Core/Src/lcd.o
 .debug_macro   0x00000000000168cb       0x30 ./Core/Src/lcd.o
 .debug_macro   0x00000000000168fb       0x3c ./Core/Src/lcd.o
 .debug_macro   0x0000000000016937       0x57 ./Core/Src/lcd.o
 .debug_macro   0x000000000001698e       0x87 ./Core/Src/lcd.o
 .debug_macro   0x0000000000016a15      0x24f ./Core/Src/lcd.o
 .debug_macro   0x0000000000016c64      0x140 ./Core/Src/lcd.o
 .debug_macro   0x0000000000016da4      0x28e ./Core/Src/lcd.o
 .debug_macro   0x0000000000017032       0xb5 ./Core/Src/lcd.o
 .debug_macro   0x00000000000170e7       0x1c ./Core/Src/lcd.o
 .debug_macro   0x0000000000017103       0x24 ./Core/Src/lcd.o
 .debug_macro   0x0000000000017127       0x61 ./Core/Src/lcd.o
 .debug_macro   0x0000000000017188       0x43 ./Core/Src/lcd.o
 .debug_macro   0x00000000000171cb       0x34 ./Core/Src/lcd.o
 .debug_macro   0x00000000000171ff       0x16 ./Core/Src/lcd.o
 .debug_macro   0x0000000000017215       0x35 ./Core/Src/lcd.o
 .debug_macro   0x000000000001724a       0x16 ./Core/Src/lcd.o
 .debug_macro   0x0000000000017260       0x43 ./Core/Src/lcd.o
 .debug_macro   0x00000000000172a3       0x34 ./Core/Src/lcd.o
 .debug_macro   0x00000000000172d7       0x10 ./Core/Src/lcd.o
 .debug_macro   0x00000000000172e7       0x58 ./Core/Src/lcd.o
 .debug_macro   0x000000000001733f       0x8e ./Core/Src/lcd.o
 .debug_macro   0x00000000000173cd       0x1c ./Core/Src/lcd.o
 .debug_macro   0x00000000000173e9      0x177 ./Core/Src/lcd.o
 .debug_macro   0x0000000000017560      0x369 ./Core/Src/lcd.o
 .debug_macro   0x00000000000178c9       0x16 ./Core/Src/lcd.o
 .debug_macro   0x00000000000178df       0x29 ./Core/Src/lcd.o
 .debug_macro   0x0000000000017908      0x1dc ./Core/Src/lcd.o
 .debug_macro   0x0000000000017ae4      0x2b9 ./Core/Src/main.o
 .debug_macro   0x0000000000017d9d       0x16 ./Core/Src/main.o
 .debug_macro   0x0000000000017db3       0x20 ./Core/Src/main.o
 .debug_macro   0x0000000000017dd3      0x19d ./Core/Src/stm32f1xx_hal_msp.o
 .debug_macro   0x0000000000017f70      0x1ad ./Core/Src/stm32f1xx_it.o
 .debug_macro   0x000000000001811d      0x18e ./Core/Src/system_stm32f1xx.o
 .debug_macro   0x00000000000182ab      0x1b2 ./Drivers/STM32F1xx_HAL_Driver/Src/stm32f1xx_hal.o
 .debug_macro   0x000000000001845d      0x18e ./Drivers/STM32F1xx_HAL_Driver/Src/stm32f1xx_hal_cortex.o
 .debug_macro   0x00000000000185eb      0x18e ./Drivers/STM32F1xx_HAL_Driver/Src/stm32f1xx_hal_dma.o
 .debug_macro   0x0000000000018779      0x1f9 ./Drivers/STM32F1xx_HAL_Driver/Src/stm32f1xx_hal_gpio.o
 .debug_macro   0x0000000000018972      0x1a0 ./Drivers/STM32F1xx_HAL_Driver/Src/stm32f1xx_hal_rcc.o
 .debug_macro   0x0000000000018b12      0x18f ./Drivers/STM32F1xx_HAL_Driver/Src/stm32f1xx_hal_uart.o

.debug_line     0x0000000000000000     0xa6e3
 .debug_line    0x0000000000000000     0x1e1b ./Core/Src/lcd.o
 .debug_line    0x0000000000001e1b      0x9cc ./Core/Src/main.o
 .debug_line    0x00000000000027e7      0x76a ./Core/Src/stm32f1xx_hal_msp.o
 .debug_line    0x0000000000002f51      0x7fa ./Core/Src/stm32f1xx_it.o
 .debug_line    0x000000000000374b      0x74a ./Core/Src/system_stm32f1xx.o
 .debug_line    0x0000000000003e95       0x79 ./Core/Startup/startup_stm32f103rctx.o
 .debug_line    0x0000000000003f0e      0x977 ./Drivers/STM32F1xx_HAL_Driver/Src/stm32f1xx_hal.o
 .debug_line    0x0000000000004885      0xb5f ./Drivers/STM32F1xx_HAL_Driver/Src/stm32f1xx_hal_cortex.o
 .debug_line    0x00000000000053e4     0x12a2 ./Drivers/STM32F1xx_HAL_Driver/Src/stm32f1xx_hal_dma.o
 .debug_line    0x0000000000006686      0xa38 ./Drivers/STM32F1xx_HAL_Driver/Src/stm32f1xx_hal_gpio.o
 .debug_line    0x00000000000070be      0xd80 ./Drivers/STM32F1xx_HAL_Driver/Src/stm32f1xx_hal_rcc.o
 .debug_line    0x0000000000007e3e     0x28a5 ./Drivers/STM32F1xx_HAL_Driver/Src/stm32f1xx_hal_uart.o

.debug_str      0x0000000000000000    0x902d1
 .debug_str     0x0000000000000000    0x8e2de ./Core/Src/lcd.o
                                      0x8e70c (size before relaxing)
 .debug_str     0x000000000008e2de      0xa3b ./Core/Src/main.o
                                      0x8ef04 (size before relaxing)
 .debug_str     0x000000000008ed19       0xe1 ./Core/Src/stm32f1xx_hal_msp.o
                                      0x8b53b (size before relaxing)
 .debug_str     0x000000000008edfa      0x14e ./Core/Src/stm32f1xx_it.o
                                      0x8b176 (size before relaxing)
 .debug_str     0x000000000008ef48       0x7e ./Core/Src/system_stm32f1xx.o
                                      0x8abf3 (size before relaxing)
 .debug_str     0x000000000008efc6       0x34 ./Core/Startup/startup_stm32f103rctx.o
                                         0x62 (size before relaxing)
 .debug_str     0x000000000008effa      0x367 ./Drivers/STM32F1xx_HAL_Driver/Src/stm32f1xx_hal.o
                                      0x8b40a (size before relaxing)
 .debug_str     0x000000000008f361      0x294 ./Drivers/STM32F1xx_HAL_Driver/Src/stm32f1xx_hal_cortex.o
                                      0x8b356 (size before relaxing)
 .debug_str     0x000000000008f5f5      0x206 ./Drivers/STM32F1xx_HAL_Driver/Src/stm32f1xx_hal_dma.o
                                      0x8af9c (size before relaxing)
 .debug_str     0x000000000008f7fb      0x2e1 ./Drivers/STM32F1xx_HAL_Driver/Src/stm32f1xx_hal_gpio.o
                                      0x8af79 (size before relaxing)
 .debug_str     0x000000000008fadc      0x229 ./Drivers/STM32F1xx_HAL_Driver/Src/stm32f1xx_hal_rcc.o
                                      0x8b022 (size before relaxing)
 .debug_str     0x000000000008fd05      0x5cc ./Drivers/STM32F1xx_HAL_Driver/Src/stm32f1xx_hal_uart.o
                                      0x8b693 (size before relaxing)

.debug_frame    0x0000000000000000     0x1f34
 .debug_frame   0x0000000000000000      0x4d4 ./Core/Src/lcd.o
 .debug_frame   0x00000000000004d4       0xd0 ./Core/Src/main.o
 .debug_frame   0x00000000000005a4       0x7c ./Core/Src/stm32f1xx_hal_msp.o
 .debug_frame   0x0000000000000620      0x160 ./Core/Src/stm32f1xx_it.o
 .debug_frame   0x0000000000000780       0x58 ./Core/Src/system_stm32f1xx.o
 .debug_frame   0x00000000000007d8      0x334 ./Drivers/STM32F1xx_HAL_Driver/Src/stm32f1xx_hal.o
 .debug_frame   0x0000000000000b0c      0x428 ./Drivers/STM32F1xx_HAL_Driver/Src/stm32f1xx_hal_cortex.o
 .debug_frame   0x0000000000000f34      0x20c ./Drivers/STM32F1xx_HAL_Driver/Src/stm32f1xx_hal_dma.o
 .debug_frame   0x0000000000001140      0x14c ./Drivers/STM32F1xx_HAL_Driver/Src/stm32f1xx_hal_gpio.o
 .debug_frame   0x000000000000128c      0x218 ./Drivers/STM32F1xx_HAL_Driver/Src/stm32f1xx_hal_rcc.o
 .debug_frame   0x00000000000014a4      0x944 ./Drivers/STM32F1xx_HAL_Driver/Src/stm32f1xx_hal_uart.o
 .debug_frame   0x0000000000001de8       0x20 C:/ST/STM32CubeIDE_1.13.2/STM32CubeIDE/plugins/com.st.stm32cube.ide.mcu.externaltools.gnu-tools-for-stm32.11.3.rel1.win32_1.1.1.202309131626/tools/bin/../lib/gcc/arm-none-eabi/11.3.1/../../../../arm-none-eabi/lib/thumb/v7-m/nofp\libc_nano.a(libc_a-memset.o)
 .debug_frame   0x0000000000001e08       0x2c C:/ST/STM32CubeIDE_1.13.2/STM32CubeIDE/plugins/com.st.stm32cube.ide.mcu.externaltools.gnu-tools-for-stm32.11.3.rel1.win32_1.1.1.202309131626/tools/bin/../lib/gcc/arm-none-eabi/11.3.1/../../../../arm-none-eabi/lib/thumb/v7-m/nofp\libc_nano.a(libc_a-init.o)
 .debug_frame   0x0000000000001e34       0x30 C:/ST/STM32CubeIDE_1.13.2/STM32CubeIDE/plugins/com.st.stm32cube.ide.mcu.externaltools.gnu-tools-for-stm32.11.3.rel1.win32_1.1.1.202309131626/tools/bin/../lib/gcc/arm-none-eabi/11.3.1/thumb/v7-m/nofp\libgcc.a(_arm_muldf3.o)
 .debug_frame   0x0000000000001e64       0xac C:/ST/STM32CubeIDE_1.13.2/STM32CubeIDE/plugins/com.st.stm32cube.ide.mcu.externaltools.gnu-tools-for-stm32.11.3.rel1.win32_1.1.1.202309131626/tools/bin/../lib/gcc/arm-none-eabi/11.3.1/thumb/v7-m/nofp\libgcc.a(_arm_addsubdf3.o)
 .debug_frame   0x0000000000001f10       0x24 C:/ST/STM32CubeIDE_1.13.2/STM32CubeIDE/plugins/com.st.stm32cube.ide.mcu.externaltools.gnu-tools-for-stm32.11.3.rel1.win32_1.1.1.202309131626/tools/bin/../lib/gcc/arm-none-eabi/11.3.1/thumb/v7-m/nofp\libgcc.a(_arm_fixunsdfsi.o)

.debug_line_str
                0x0000000000000000       0x56
 .debug_line_str
                0x0000000000000000       0x56 ./Core/Startup/startup_stm32f103rctx.o
                                         0x6e (size before relaxing)
