../Core/Src/lcd.c:19:6:LCD_WR_REG	16	static
../Core/Src/lcd.c:30:6:LCD_WR_DATAX	16	static
../Core/Src/lcd.c:40:10:LCD_RD_DATA	16	static
../Core/Src/lcd.c:62:6:LCD_WriteReg	16	static
../Core/Src/lcd.c:69:10:LCD_ReadReg	16	static
../Core/Src/lcd.c:74:6:LCD_WriteRAM_Prepare	8	static
../Core/Src/lcd.c:77:6:LCD_WriteRAM	16	static
../Core/Src/lcd.c:84:10:LCD_BGR2RGB	24	static
../Core/Src/lcd.c:94:6:opt_delay	16	static
../Core/Src/lcd.c:101:10:LCD_ReadPoint	24	static
../Core/Src/lcd.c:140:6:LCD_DisplayOn	8	static
../Core/Src/lcd.c:144:6:LCD_DisplayOff	8	static
../Core/Src/lcd.c:150:6:LCD_SetCursor	16	static
../Core/Src/lcd.c:163:6:LCD_Scan_Dir	24	static
../Core/Src/lcd.c:213:6:LCD_DrawPoint	16	static
../Core/Src/lcd.c:220:6:LCD_Fast_DrawPoint	16	static
../Core/Src/lcd.c:239:6:LCD_SSD_BackLightSet	24	static
../Core/Src/lcd.c:250:6:LCD_Display_Dir	16	static
../Core/Src/lcd.c:276:6:LCD_Set_Window	32	static
../Core/Src/lcd.c:297:6:LCD_Init	32	static
../Core/Src/lcd.c:432:6:LCD_Clear	24	static
../Core/Src/lcd.c:444:6:LCD_Fill	32	static
../Core/Src/lcd.c:460:6:LCD_Color_Fill	32	static
../Core/Src/lcd.c:476:6:LCD_DrawLine	64	static
../Core/Src/lcd.c:522:6:LCD_DrawRectangle	24	static
../Core/Src/lcd.c:532:6:LCD_Draw_Circle	32	static
../Core/Src/lcd.c:565:6:LCD_ShowChar	32	static
../Core/Src/lcd.c:603:10:LCD_Pow	24	static
../Core/Src/lcd.c:614:6:LCD_ShowNum	48	static
../Core/Src/lcd.c:639:6:LCD_ShowxNum	48	static
../Core/Src/lcd.c:663:6:LCD_ShowString	40	static
