../Core/Src/stm32f1xx_it.cpp:87:6:void NMI_Handler()	4	static
../Core/Src/stm32f1xx_it.cpp:100:6:void HardFault_Handler()	4	static
../Core/Src/stm32f1xx_it.cpp:113:6:void MemManage_Handler()	4	static
../Core/Src/stm32f1xx_it.cpp:126:6:void BusFault_Handler()	4	static
../Core/Src/stm32f1xx_it.cpp:139:6:void UsageFault_Handler()	4	static
../Core/Src/stm32f1xx_it.cpp:152:6:void SVC_Handler()	4	static
../Core/Src/stm32f1xx_it.cpp:164:6:void DebugMon_Handler()	4	static
../Core/Src/stm32f1xx_it.cpp:176:6:void PendSV_Handler()	4	static
../Core/Src/stm32f1xx_it.cpp:188:6:void SysTick_Handler()	8	static
../Core/Src/stm32f1xx_it.cpp:208:6:void EXTI0_IRQHandler()	8	static
../Core/Src/stm32f1xx_it.cpp:221:6:void EXTI9_5_IRQHandler()	8	static
../Core/Src/stm32f1xx_it.cpp:234:6:void TIM2_IRQHandler()	8	static
../Core/Src/stm32f1xx_it.cpp:247:6:void TIM3_IRQHandler()	8	static
../Core/Src/stm32f1xx_it.cpp:260:6:void TIM4_IRQHandler()	8	static
../Core/Src/stm32f1xx_it.cpp:273:6:void USART1_IRQHandler()	8	static
../Core/Src/stm32f1xx_it.cpp:286:6:void EXTI15_10_IRQHandler()	8	static
../Core/Src/stm32f1xx_it.cpp:297:6:void HAL_GPIO_EXTI_Callback(uint16_t)	16	static
../Core/Src/stm32f1xx_it.cpp:304:6:void HAL_UART_RxCpltCallback(UART_HandleTypeDef*)	16	static
../Core/Src/stm32f1xx_it.cpp:320:6:void HAL_TIM_PeriodElapsedCallback(TIM_HandleTypeDef*)	16	static
