Archive member included to satisfy reference by file (symbol)

C:/ST/STM32CubeIDE_1.13.2/STM32CubeIDE/plugins/com.st.stm32cube.ide.mcu.externaltools.gnu-tools-for-stm32.11.3.rel1.win32_1.1.1.202309131626/tools/bin/../lib/gcc/arm-none-eabi/11.3.1/../../../../arm-none-eabi/lib/thumb/v7-m/nofp\libstdc++_nano.a(del_ops.o)
                              ./Core/Src/led.o (operator delete(void*, unsigned int))
C:/ST/STM32CubeIDE_1.13.2/STM32CubeIDE/plugins/com.st.stm32cube.ide.mcu.externaltools.gnu-tools-for-stm32.11.3.rel1.win32_1.1.1.202309131626/tools/bin/../lib/gcc/arm-none-eabi/11.3.1/../../../../arm-none-eabi/lib/thumb/v7-m/nofp\libstdc++_nano.a(new_op.o)
                              ./Core/Src/led.o (operator new(unsigned int))
C:/ST/STM32CubeIDE_1.13.2/STM32CubeIDE/plugins/com.st.stm32cube.ide.mcu.externaltools.gnu-tools-for-stm32.11.3.rel1.win32_1.1.1.202309131626/tools/bin/../lib/gcc/arm-none-eabi/11.3.1/../../../../arm-none-eabi/lib/thumb/v7-m/nofp\libstdc++_nano.a(new_opv.o)
                              ./Core/Src/game.o (operator new[](unsigned int))
C:/ST/STM32CubeIDE_1.13.2/STM32CubeIDE/plugins/com.st.stm32cube.ide.mcu.externaltools.gnu-tools-for-stm32.11.3.rel1.win32_1.1.1.202309131626/tools/bin/../lib/gcc/arm-none-eabi/11.3.1/../../../../arm-none-eabi/lib/thumb/v7-m/nofp\libstdc++_nano.a(functexcept.o)
                              ./Core/Src/led.o (std::__throw_bad_alloc())
C:/ST/STM32CubeIDE_1.13.2/STM32CubeIDE/plugins/com.st.stm32cube.ide.mcu.externaltools.gnu-tools-for-stm32.11.3.rel1.win32_1.1.1.202309131626/tools/bin/../lib/gcc/arm-none-eabi/11.3.1/../../../../arm-none-eabi/lib/thumb/v7-m/nofp\libstdc++_nano.a(snprintf_lite.o)
                              C:/ST/STM32CubeIDE_1.13.2/STM32CubeIDE/plugins/com.st.stm32cube.ide.mcu.externaltools.gnu-tools-for-stm32.11.3.rel1.win32_1.1.1.202309131626/tools/bin/../lib/gcc/arm-none-eabi/11.3.1/../../../../arm-none-eabi/lib/thumb/v7-m/nofp\libstdc++_nano.a(functexcept.o) (__gnu_cxx::__snprintf_lite(char*, unsigned int, char const*, std::__va_list))
C:/ST/STM32CubeIDE_1.13.2/STM32CubeIDE/plugins/com.st.stm32cube.ide.mcu.externaltools.gnu-tools-for-stm32.11.3.rel1.win32_1.1.1.202309131626/tools/bin/../lib/gcc/arm-none-eabi/11.3.1/../../../../arm-none-eabi/lib/thumb/v7-m/nofp\libstdc++_nano.a(del_op.o)
                              C:/ST/STM32CubeIDE_1.13.2/STM32CubeIDE/plugins/com.st.stm32cube.ide.mcu.externaltools.gnu-tools-for-stm32.11.3.rel1.win32_1.1.1.202309131626/tools/bin/../lib/gcc/arm-none-eabi/11.3.1/../../../../arm-none-eabi/lib/thumb/v7-m/nofp\libstdc++_nano.a(del_ops.o) (operator delete(void*))
C:/ST/STM32CubeIDE_1.13.2/STM32CubeIDE/plugins/com.st.stm32cube.ide.mcu.externaltools.gnu-tools-for-stm32.11.3.rel1.win32_1.1.1.202309131626/tools/bin/../lib/gcc/arm-none-eabi/11.3.1/../../../../arm-none-eabi/lib/thumb/v7-m/nofp\libstdc++_nano.a(new_handler.o)
                              C:/ST/STM32CubeIDE_1.13.2/STM32CubeIDE/plugins/com.st.stm32cube.ide.mcu.externaltools.gnu-tools-for-stm32.11.3.rel1.win32_1.1.1.202309131626/tools/bin/../lib/gcc/arm-none-eabi/11.3.1/../../../../arm-none-eabi/lib/thumb/v7-m/nofp\libstdc++_nano.a(new_op.o) (std::get_new_handler())
C:/ST/STM32CubeIDE_1.13.2/STM32CubeIDE/plugins/com.st.stm32cube.ide.mcu.externaltools.gnu-tools-for-stm32.11.3.rel1.win32_1.1.1.202309131626/tools/bin/../lib/gcc/arm-none-eabi/11.3.1/../../../../arm-none-eabi/lib/thumb/v7-m/nofp\libc_nano.a(libc_a-abort.o)
                              C:/ST/STM32CubeIDE_1.13.2/STM32CubeIDE/plugins/com.st.stm32cube.ide.mcu.externaltools.gnu-tools-for-stm32.11.3.rel1.win32_1.1.1.202309131626/tools/bin/../lib/gcc/arm-none-eabi/11.3.1/../../../../arm-none-eabi/lib/thumb/v7-m/nofp\libstdc++_nano.a(new_op.o) (abort)
C:/ST/STM32CubeIDE_1.13.2/STM32CubeIDE/plugins/com.st.stm32cube.ide.mcu.externaltools.gnu-tools-for-stm32.11.3.rel1.win32_1.1.1.202309131626/tools/bin/../lib/gcc/arm-none-eabi/11.3.1/../../../../arm-none-eabi/lib/thumb/v7-m/nofp\libc_nano.a(libc_a-atoi.o)
                              ./Core/Src/game.o (atoi)
C:/ST/STM32CubeIDE_1.13.2/STM32CubeIDE/plugins/com.st.stm32cube.ide.mcu.externaltools.gnu-tools-for-stm32.11.3.rel1.win32_1.1.1.202309131626/tools/bin/../lib/gcc/arm-none-eabi/11.3.1/../../../../arm-none-eabi/lib/thumb/v7-m/nofp\libc_nano.a(libc_a-exit.o)
                              C:/ST/STM32CubeIDE_1.13.2/STM32CubeIDE/plugins/com.st.stm32cube.ide.mcu.externaltools.gnu-tools-for-stm32.11.3.rel1.win32_1.1.1.202309131626/tools/bin/../lib/gcc/arm-none-eabi/11.3.1/../../../../arm-none-eabi/lib/thumb/v7-m/nofp/crt0.o (exit)
C:/ST/STM32CubeIDE_1.13.2/STM32CubeIDE/plugins/com.st.stm32cube.ide.mcu.externaltools.gnu-tools-for-stm32.11.3.rel1.win32_1.1.1.202309131626/tools/bin/../lib/gcc/arm-none-eabi/11.3.1/../../../../arm-none-eabi/lib/thumb/v7-m/nofp\libc_nano.a(libc_a-malloc.o)
[...]
Memory Configuration

Name             Origin             Length             Attributes
RAM              0x0000000020000000 0x000000000000c000 xrw
FLASH            0x0000000008000000 0x0000000000040000 xr
*default*        0x0000000000000000 0xffffffffffffffff

Linker script and memory map

LOAD C:/ST/STM32CubeIDE_1.13.2/STM32CubeIDE/plugins/com.st.stm32cube.ide.mcu.externaltools.gnu-tools-for-stm32.11.3.rel1.win32_1.1.1.202309131626/tools/bin/../lib/gcc/arm-none-eabi/11.3.1/thumb/v7-m/nofp/crti.o
LOAD C:/ST/STM32CubeIDE_1.13.2/STM32CubeIDE/plugins/com.st.stm32cube.ide.mcu.externaltools.gnu-tools-for-stm32.11.3.rel1.win32_1.1.1.202309131626/tools/bin/../lib/gcc/arm-none-eabi/11.3.1/thumb/v7-m/nofp/crtbegin.o
LOAD C:/ST/STM32CubeIDE_1.13.2/STM32CubeIDE/plugins/com.st.stm32cube.ide.mcu.externaltools.gnu-tools-for-stm32.11.3.rel1.win32_1.1.1.202309131626/tools/bin/../lib/gcc/arm-none-eabi/11.3.1/../../../../arm-none-eabi/lib/thumb/v7-m/nofp/crt0.o
LOAD ./Core/Src/game.o
LOAD ./Core/Src/led.o
LOAD ./Core/Src/main.o
LOAD ./Core/Src/stm32f1xx_hal_msp.o
LOAD ./Core/Src/stm32f1xx_it.o
LOAD ./Core/Src/syscalls.o
LOAD ./Core/Src/sysmem.o
LOAD ./Core/Src/system_stm32f1xx.o
LOAD ./Core/Src/utils.o
LOAD ./Core/Startup/startup_stm32f103rctx.o
LOAD ./Drivers/STM32F1xx_HAL_Driver/Src/stm32f1xx_hal.o
LOAD ./Drivers/STM32F1xx_HAL_Driver/Src/stm32f1xx_hal_cortex.o
LOAD ./Drivers/STM32F1xx_HAL_Driver/Src/stm32f1xx_hal_dma.o
LOAD ./Drivers/STM32F1xx_HAL_Driver/Src/stm32f1xx_hal_exti.o
LOAD ./Drivers/STM32F1xx_HAL_Driver/Src/stm32f1xx_hal_flash.o
LOAD ./Drivers/STM32F1xx_HAL_Driver/Src/stm32f1xx_hal_flash_ex.o
LOAD ./Drivers/STM32F1xx_HAL_Driver/Src/stm32f1xx_hal_gpio.o
LOAD ./Drivers/STM32F1xx_HAL_Driver/Src/stm32f1xx_hal_gpio_ex.o
LOAD ./Drivers/STM32F1xx_HAL_Driver/Src/stm32f1xx_hal_iwdg.o
LOAD ./Drivers/STM32F1xx_HAL_Driver/Src/stm32f1xx_hal_pwr.o
LOAD ./Drivers/STM32F1xx_HAL_Driver/Src/stm32f1xx_hal_rcc.o
LOAD ./Drivers/STM32F1xx_HAL_Driver/Src/stm32f1xx_hal_rcc_ex.o
LOAD ./Drivers/STM32F1xx_HAL_Driver/Src/stm32f1xx_hal_tim.o
LOAD ./Drivers/STM32F1xx_HAL_Driver/Src/stm32f1xx_hal_tim_ex.o
LOAD ./Drivers/STM32F1xx_HAL_Driver/Src/stm32f1xx_hal_uart.o
START GROUP
LOAD C:/ST/STM32CubeIDE_1.13.2/STM32CubeIDE/plugins/com.st.stm32cube.ide.mcu.externaltools.gnu-tools-for-stm32.11.3.rel1.win32_1.1.1.202309131626/tools/bin/../lib/gcc/arm-none-eabi/11.3.1/../../../../arm-none-eabi/lib/thumb/v7-m/nofp\libstdc++_nano.a
LOAD C:/ST/STM32CubeIDE_1.13.2/STM32CubeIDE/plugins/com.st.stm32cube.ide.mcu.externaltools.gnu-tools-for-stm32.11.3.rel1.win32_1.1.1.202309131626/tools/bin/../lib/gcc/arm-none-eabi/11.3.1/../../../../arm-none-eabi/lib/thumb/v7-m/nofp\libsupc++_nano.a
END GROUP
LOAD C:/ST/STM32CubeIDE_1.13.2/STM32CubeIDE/plugins/com.st.stm32cube.ide.mcu.externaltools.gnu-tools-for-stm32.11.3.rel1.win32_1.1.1.202309131626/tools/bin/../lib/gcc/arm-none-eabi/11.3.1/../../../../arm-none-eabi/lib/thumb/v7-m/nofp\libstdc++_nano.a
LOAD C:/ST/STM32CubeIDE_1.13.2/STM32CubeIDE/plugins/com.st.stm32cube.ide.mcu.externaltools.gnu-tools-for-stm32.11.3.rel1.win32_1.1.1.202309131626/tools/bin/../lib/gcc/arm-none-eabi/11.3.1/../../../../arm-none-eabi/lib/thumb/v7-m/nofp\libm.a
LOAD C:/ST/STM32CubeIDE_1.13.2/STM32CubeIDE/plugins/com.st.stm32cube.ide.mcu.externaltools.gnu-tools-for-stm32.11.3.rel1.win32_1.1.1.202309131626/tools/bin/../lib/gcc/arm-none-eabi/11.3.1/../../../../arm-none-eabi/lib/thumb/v7-m/nofp\libc_nano.a
START GROUP
LOAD C:/ST/STM32CubeIDE_1.13.2/STM32CubeIDE/plugins/com.st.stm32cube.ide.mcu.externaltools.gnu-tools-for-stm32.11.3.rel1.win32_1.1.1.202309131626/tools/bin/../lib/gcc/arm-none-eabi/11.3.1/thumb/v7-m/nofp\libgcc.a
LOAD C:/ST/STM32CubeIDE_1.13.2/STM32CubeIDE/plugins/com.st.stm32cube.ide.mcu.externaltools.gnu-tools-for-stm32.11.3.rel1.win32_1.1.1.202309131626/tools/bin/../lib/gcc/arm-none-eabi/11.3.1/../../../../arm-none-eabi/lib/thumb/v7-m/nofp\libc_nano.a
END GROUP
START GROUP
LOAD C:/ST/STM32CubeIDE_1.13.2/STM32CubeIDE/plugins/com.st.stm32cube.ide.mcu.externaltools.gnu-tools-for-stm32.11.3.rel1.win32_1.1.1.202309131626/tools/bin/../lib/gcc/arm-none-eabi/11.3.1/thumb/v7-m/nofp\libgcc.a
LOAD C:/ST/STM32CubeIDE_1.13.2/STM32CubeIDE/plugins/com.st.stm32cube.ide.mcu.externaltools.gnu-tools-for-stm32.11.3.rel1.win32_1.1.1.202309131626/tools/bin/../lib/gcc/arm-none-eabi/11.3.1/../../../../arm-none-eabi/lib/thumb/v7-m/nofp\libc_nano.a
END GROUP
LOAD C:/ST/STM32CubeIDE_1.13.2/STM32CubeIDE/plugins/com.st.stm32cube.ide.mcu.externaltools.gnu-tools-for-stm32.11.3.rel1.win32_1.1.1.202309131626/tools/bin/../lib/gcc/arm-none-eabi/11.3.1/thumb/v7-m/nofp/crtend.o
LOAD C:/ST/STM32CubeIDE_1.13.2/STM32CubeIDE/plugins/com.st.stm32cube.ide.mcu.externaltools.gnu-tools-for-stm32.11.3.rel1.win32_1.1.1.202309131626/tools/bin/../lib/gcc/arm-none-eabi/11.3.1/thumb/v7-m/nofp/crtn.o
                0x000000002000c000                _estack = (ORIGIN (RAM) + LENGTH (RAM))
                0x0000000000000200                _Min_Heap_Size = 0x200
                0x0000000000000400                _Min_Stack_Size = 0x400

.isr_vector     0x0000000008000000      0x1e4
                0x0000000008000000                . = ALIGN (0x4)
 *(.isr_vector)
 .isr_vector    0x0000000008000000      0x1e4 ./Core/Startup/startup_stm32f103rctx.o
                0x0000000008000000                g_pfnVectors
                0x00000000080001e4                . = ALIGN (0x4)

.text           0x00000000080001e8     0x6370
                0x00000000080001e8                . = ALIGN (0x4)
 *(.text)
 .text          0x00000000080001e8       0x40 C:/ST/STM32CubeIDE_1.13.2/STM32CubeIDE/plugins/com.st.stm32cube.ide.mcu.externaltools.gnu-tools-for-stm32.11.3.rel1.win32_1.1.1.202309131626/tools/bin/../lib/gcc/arm-none-eabi/11.3.1/thumb/v7-m/nofp/crtbegin.o
 .text          0x0000000008000228       0x10 C:/ST/STM32CubeIDE_1.13.2/STM32CubeIDE/plugins/com.st.stm32cube.ide.mcu.externaltools.gnu-tools-for-stm32.11.3.rel1.win32_1.1.1.202309131626/tools/bin/../lib/gcc/arm-none-eabi/11.3.1/../../../../arm-none-eabi/lib/thumb/v7-m/nofp\libc_nano.a(libc_a-strlen.o)
                0x0000000008000228                strlen
 .text          0x0000000008000238      0x378 C:/ST/STM32CubeIDE_1.13.2/STM32CubeIDE/plugins/com.st.stm32cube.ide.mcu.externaltools.gnu-tools-for-stm32.11.3.rel1.win32_1.1.1.202309131626/tools/bin/../lib/gcc/arm-none-eabi/11.3.1/thumb/v7-m/nofp\libgcc.a(_arm_addsubdf3.o)
                0x0000000008000238                __aeabi_drsub
                0x0000000008000240                __aeabi_dsub
                0x0000000008000240                __subdf3
                0x0000000008000244                __aeabi_dadd
                0x0000000008000244                __adddf3
                0x00000000080004bc                __floatunsidf
                0x00000000080004bc                __aeabi_ui2d
                0x00000000080004dc                __floatsidf
                0x00000000080004dc                __aeabi_i2d
                0x0000000008000500                __aeabi_f2d
                0x0000000008000500                __extendsfdf2
                0x0000000008000544                __floatundidf
                0x0000000008000544                __aeabi_ul2d
                0x0000000008000554                __floatdidf
                0x0000000008000554                __aeabi_l2d
 .text          0x00000000080005b0      0x110 C:/ST/STM32CubeIDE_1.13.2/STM32CubeIDE/plugins/com.st.stm32cube.ide.mcu.externaltools.gnu-tools-for-stm32.11.3.rel1.win32_1.1.1.202309131626/tools/bin/../lib/gcc/arm-none-eabi/11.3.1/thumb/v7-m/nofp\libgcc.a(_arm_cmpdf2.o)
                0x00000000080005b0                __gtdf2
                0x00000000080005b0                __gedf2
                0x00000000080005b8                __ltdf2
                0x00000000080005b8                __ledf2
                0x00000000080005c0                __nedf2
                0x00000000080005c0                __eqdf2
                0x00000000080005c0                __cmpdf2
                0x000000000800063c                __aeabi_cdrcmple
                0x000000000800064c                __aeabi_cdcmpeq
                0x000000000800064c                __aeabi_cdcmple
                0x000000000800065c                __aeabi_dcmpeq
                0x0000000008000670                __aeabi_dcmplt
                0x0000000008000684                __aeabi_dcmple
                0x0000000008000698                __aeabi_dcmpge
                0x00000000080006ac                __aeabi_dcmpgt
 *(.text*)
 .text._ZN4GameC2Ev
                0x00000000080006c0       0x26 ./Core/Src/game.o
                0x00000000080006c0                Game::Game()
                0x00000000080006c0                Game::Game()
 .text._ZN4Game4InitEv
                0x00000000080006e6       0x32 ./Core/Src/game.o
                0x00000000080006e6                Game::Init()
 .text._ZN4Game4tickEv
                0x0000000008000718       0x34 ./Core/Src/game.o
                0x0000000008000718                Game::tick()
 .text._ZN4Game17generate_questionEv
                0x000000000800074c      0x1a8 ./Core/Src/game.o
                0x000000000800074c                Game::generate_question()
 *fill*         0x00000000080008f4        0x4 
 .text._ZN4Game15answer_questionEPKc
                0x00000000080008f8       0xec ./Core/Src/game.o
                0x00000000080008f8                Game::answer_question(char const*)
 .text._ZSt4moveIRiEONSt16remove_referenceIT_E4typeEOS2_
                0x00000000080009e4       0x14 ./Core/Src/game.o
                0x00000000080009e4                std::remove_reference<int&>::type&& std::move<int&>(int&)
 .text._ZSt4swapIiENSt9enable_ifIXsrSt6__and_IJSt6__not_ISt15__is_tuple_likeIT_EESt21is_move_constructibleIS4_ESt18is_move_assignableIS4_EEE5valueEvE4typeERS4_SE_
                0x00000000080009f8       0x3e ./Core/Src/game.o
                0x00000000080009f8                std::enable_if<std::__and_<std::__not_<std::__is_tuple_like<int> >, std::is_move_constructible<int>, std::is_move_assignable<int> >::value, void>::type std::swap<int>(int&, int&)
 .text._ZnwjPv  0x0000000008000a36       0x16 ./Core/Src/led.o
                0x0000000008000a36                operator new(unsigned int, void*)
 .text._ZSt16__deque_buf_sizej
                0x0000000008000a4c       0x28 ./Core/Src/led.o
                0x0000000008000a4c                std::__deque_buf_size(unsigned int)
 .text._ZN3LEDC2Ev
                0x0000000008000a74       0x40 ./Core/Src/led.o
                0x0000000008000a74                LED::LED()
                0x0000000008000a74                LED::LED()
 .text._ZN3LED4InitEv
                0x0000000008000ab4       0x34 ./Core/Src/led.o
                0x0000000008000ab4                LED::Init()
 .text._ZN3LED6appendE6led_op
                0x0000000008000ae8      0x1d0 ./Core/Src/led.o
                0x0000000008000ae8                LED::append(led_op)
 .text._ZN3LED4tickEv
                0x0000000008000cb8       0xe0 ./Core/Src/led.o
                0x0000000008000cb8                LED::tick()
 .text._ZNSt5dequeIhSaIhEEC2Ev
                0x0000000008000d98       0x1a ./Core/Src/led.o
                0x0000000008000d98                std::deque<unsigned char, std::allocator<unsigned char> >::deque()
                0x0000000008000d98                std::deque<unsigned char, std::allocator<unsigned char> >::deque()
 .text._ZNSt5queueIhSt5dequeIhSaIhEEEC2IS2_vEEv
                0x0000000008000db2       0x28 ./Core/Src/led.o
                0x0000000008000db2                std::queue<unsigned char, std::deque<unsigned char, std::allocator<unsigned char> > >::queue<std::deque<unsigned char, std::allocator<unsigned char> >, void>()
                0x0000000008000db2                std::queue<unsigned char, std::deque<unsigned char, std::allocator<unsigned char> > >::queue<std::deque<unsigned char, std::allocator<unsigned char> >, void>()
 .text._ZNSt5queueIhSt5dequeIhSaIhEEE4pushEOh
                0x0000000008000dda       0x24 ./Core/Src/led.o
                0x0000000008000dda                std::queue<unsigned char, std::deque<unsigned char, std::allocator<unsigned char> > >::push(unsigned char&&)
 .text._ZNKSt5queueIhSt5dequeIhSaIhEEE5emptyEv
                0x0000000008000dfe       0x1a ./Core/Src/led.o
                0x0000000008000dfe                std::queue<unsigned char, std::deque<unsigned char, std::allocator<unsigned char> > >::empty() const
 .text._ZNSt5queueIhSt5dequeIhSaIhEEE5frontEv
                0x0000000008000e18       0x1a ./Core/Src/led.o
                0x0000000008000e18                std::queue<unsigned char, std::deque<unsigned char, std::allocator<unsigned char> > >::front()
 .text._ZNSt5queueIhSt5dequeIhSaIhEEE3popEv
                0x0000000008000e32       0x18 ./Core/Src/led.o
                0x0000000008000e32                std::queue<unsigned char, std::deque<unsigned char, std::allocator<unsigned char> > >::pop()
 .text._ZNSt11_Deque_baseIhSaIhEEC2Ev
                0x0000000008000e4a       0x22 ./Core/Src/led.o
                0x0000000008000e4a                std::_Deque_base<unsigned char, std::allocator<unsigned char> >::_Deque_base()
                0x0000000008000e4a                std::_Deque_base<unsigned char, std::allocator<unsigned char> >::_Deque_base()
 .text._ZNSt5dequeIhSaIhEE5beginEv
                0x0000000008000e6c       0x1e ./Core/Src/led.o
                0x0000000008000e6c                std::deque<unsigned char, std::allocator<unsigned char> >::begin()
 .text._ZNSt11_Deque_baseIhSaIhEE19_M_get_Tp_allocatorEv
                0x0000000008000e8a       0x14 ./Core/Src/led.o
                0x0000000008000e8a                std::_Deque_base<unsigned char, std::allocator<unsigned char> >::_M_get_Tp_allocator()
 .text._ZNSt15_Deque_iteratorIhRhPhEC2ERKS2_
                0x0000000008000e9e       0x36 ./Core/Src/led.o
                0x0000000008000e9e                std::_Deque_iterator<unsigned char, unsigned char&, unsigned char*>::_Deque_iterator(std::_Deque_iterator<unsigned char, unsigned char&, unsigned char*> const&)
                0x0000000008000e9e                std::_Deque_iterator<unsigned char, unsigned char&, unsigned char*>::_Deque_iterator(std::_Deque_iterator<unsigned char, unsigned char&, unsigned char*> const&)
 .text._ZSt4moveIRhEONSt16remove_referenceIT_E4typeEOS2_
                0x0000000008000ed4       0x14 ./Core/Src/led.o
                0x0000000008000ed4                std::remove_reference<unsigned char&>::type&& std::move<unsigned char&>(unsigned char&)
 .text._ZNSt5dequeIhSaIhEE9push_backEOh
                0x0000000008000ee8       0x22 ./Core/Src/led.o
                0x0000000008000ee8                std::deque<unsigned char, std::allocator<unsigned char> >::push_back(unsigned char&&)
 .text._ZNKSt5dequeIhSaIhEE5emptyEv
                0x0000000008000f0a       0x24 ./Core/Src/led.o
                0x0000000008000f0a                std::deque<unsigned char, std::allocator<unsigned char> >::empty() const
 .text._ZNSt5dequeIhSaIhEE5frontEv
                0x0000000008000f2e       0x28 ./Core/Src/led.o
                0x0000000008000f2e                std::deque<unsigned char, std::allocator<unsigned char> >::front()
 .text._ZNSt5dequeIhSaIhEE9pop_frontEv
                0x0000000008000f56       0x46 ./Core/Src/led.o
                0x0000000008000f56                std::deque<unsigned char, std::allocator<unsigned char> >::pop_front()
 .text._ZNSt11_Deque_baseIhSaIhEE11_Deque_implC2Ev
                0x0000000008000f9c       0x20 ./Core/Src/led.o
                0x0000000008000f9c                std::_Deque_base<unsigned char, std::allocator<unsigned char> >::_Deque_impl::_Deque_impl()
                0x0000000008000f9c                std::_Deque_base<unsigned char, std::allocator<unsigned char> >::_Deque_impl::_Deque_impl()
 .text._ZNSt11_Deque_baseIhSaIhEE17_M_initialize_mapEj
                0x0000000008000fbc       0xc4 ./Core/Src/led.o
                0x0000000008000fbc                std::_Deque_base<unsigned char, std::allocator<unsigned char> >::_M_initialize_map(unsigned int)
 .text._ZNSt11_Deque_baseIhSaIhEE17_M_deallocate_mapEPPhj
                0x0000000008001080       0x36 ./Core/Src/led.o
                0x0000000008001080                std::_Deque_base<unsigned char, std::allocator<unsigned char> >::_M_deallocate_map(unsigned char**, unsigned int)
 .text._ZNSt5dequeIhSaIhEE12emplace_backIJhEEEvDpOT_
                0x00000000080010b6       0x54 ./Core/Src/led.o
                0x00000000080010b6                void std::deque<unsigned char, std::allocator<unsigned char> >::emplace_back<unsigned char>(unsigned char&&)
 .text._ZSteqRKSt15_Deque_iteratorIhRhPhES4_
                0x000000000800110a       0x26 ./Core/Src/led.o
                0x000000000800110a                std::operator==(std::_Deque_iterator<unsigned char, unsigned char&, unsigned char*> const&, std::_Deque_iterator<unsigned char, unsigned char&, unsigned char*> const&)
 .text._ZNKSt15_Deque_iteratorIhRhPhEdeEv
                0x0000000008001130       0x16 ./Core/Src/led.o
                0x0000000008001130                std::_Deque_iterator<unsigned char, unsigned char&, unsigned char*>::operator*() const
 .text._ZNSt16allocator_traitsISaIhEE7destroyIhEEvRS0_PT_
                0x0000000008001146       0x1a ./Core/Src/led.o
                0x0000000008001146                void std::allocator_traits<std::allocator<unsigned char> >::destroy<unsigned char>(std::allocator<unsigned char>&, unsigned char*)
 .text._ZNSt5dequeIhSaIhEE16_M_pop_front_auxEv
                0x0000000008001160       0x50 ./Core/Src/led.o
                0x0000000008001160                std::deque<unsigned char, std::allocator<unsigned char> >::_M_pop_front_aux()
 .text._ZNSaIhEC2Ev
                0x00000000080011b0       0x18 ./Core/Src/led.o
                0x00000000080011b0                std::allocator<unsigned char>::allocator()
                0x00000000080011b0                std::allocator<unsigned char>::allocator()
 .text._ZNSt11_Deque_baseIhSaIhEE16_Deque_impl_dataC2Ev
                0x00000000080011c8       0x32 ./Core/Src/led.o
                0x00000000080011c8                std::_Deque_base<unsigned char, std::allocator<unsigned char> >::_Deque_impl_data::_Deque_impl_data()
                0x00000000080011c8                std::_Deque_base<unsigned char, std::allocator<unsigned char> >::_Deque_impl_data::_Deque_impl_data()
 .text._ZSt3maxIjERKT_S2_S2_
                0x00000000080011fa       0x26 ./Core/Src/led.o
                0x00000000080011fa                unsigned int const& std::max<unsigned int>(unsigned int const&, unsigned int const&)
 .text._ZNSt11_Deque_baseIhSaIhEE15_M_allocate_mapEj
                0x0000000008001220       0x3a ./Core/Src/led.o
                0x0000000008001220                std::_Deque_base<unsigned char, std::allocator<unsigned char> >::_M_allocate_map(unsigned int)
 .text._ZNSt11_Deque_baseIhSaIhEE15_M_create_nodesEPPhS3_
                0x000000000800125a       0x36 ./Core/Src/led.o
                0x000000000800125a                std::_Deque_base<unsigned char, std::allocator<unsigned char> >::_M_create_nodes(unsigned char**, unsigned char**)
 .text._ZNSt15_Deque_iteratorIhRhPhE11_M_set_nodeEPS1_
                0x0000000008001290       0x30 ./Core/Src/led.o
                0x0000000008001290                std::_Deque_iterator<unsigned char, unsigned char&, unsigned char*>::_M_set_node(unsigned char**)
 .text._ZNSt11_Deque_baseIhSaIhEE18_M_deallocate_nodeEPh
                0x00000000080012c0       0x26 ./Core/Src/led.o
                0x00000000080012c0                std::_Deque_base<unsigned char, std::allocator<unsigned char> >::_M_deallocate_node(unsigned char*)
 .text._ZNKSt11_Deque_baseIhSaIhEE20_M_get_map_allocatorEv
                0x00000000080012e6       0x22 ./Core/Src/led.o
                0x00000000080012e6                std::_Deque_base<unsigned char, std::allocator<unsigned char> >::_M_get_map_allocator() const
 .text._ZNSaIPhED2Ev
                0x0000000008001308       0x18 ./Core/Src/led.o
                0x0000000008001308                std::allocator<unsigned char*>::~allocator()
                0x0000000008001308                std::allocator<unsigned char*>::~allocator()
 .text._ZNSt16allocator_traitsISaIPhEE10deallocateERS1_PS0_j
                0x0000000008001320       0x1e ./Core/Src/led.o
                0x0000000008001320                std::allocator_traits<std::allocator<unsigned char*> >::deallocate(std::allocator<unsigned char*>&, unsigned char**, unsigned int)
 .text._ZSt7forwardIhEOT_RNSt16remove_referenceIS0_E4typeE
                0x000000000800133e       0x14 ./Core/Src/led.o
                0x000000000800133e                unsigned char&& std::forward<unsigned char>(std::remove_reference<unsigned char>::type&)
 .text._ZNSt16allocator_traitsISaIhEE9constructIhJhEEEvRS0_PT_DpOT0_
                0x0000000008001352       0x26 ./Core/Src/led.o
                0x0000000008001352                void std::allocator_traits<std::allocator<unsigned char> >::construct<unsigned char, unsigned char>(std::allocator<unsigned char>&, unsigned char*, unsigned char&&)
 .text._ZNSt5dequeIhSaIhEE16_M_push_back_auxIJhEEEvDpOT_
                0x0000000008001378       0x88 ./Core/Src/led.o
                0x0000000008001378                void std::deque<unsigned char, std::allocator<unsigned char> >::_M_push_back_aux<unsigned char>(unsigned char&&)
 .text._ZN9__gnu_cxx13new_allocatorIhE7destroyIhEEvPT_
                0x0000000008001400       0x14 ./Core/Src/led.o
                0x0000000008001400                void __gnu_cxx::new_allocator<unsigned char>::destroy<unsigned char>(unsigned char*)
 .text._ZN9__gnu_cxx13new_allocatorIhEC2Ev
                0x0000000008001414       0x14 ./Core/Src/led.o
                0x0000000008001414                __gnu_cxx::new_allocator<unsigned char>::new_allocator()
                0x0000000008001414                __gnu_cxx::new_allocator<unsigned char>::new_allocator()
 .text._ZNSt15_Deque_iteratorIhRhPhEC2Ev
                0x0000000008001428       0x2c ./Core/Src/led.o
                0x0000000008001428                std::_Deque_iterator<unsigned char, unsigned char&, unsigned char*>::_Deque_iterator()
                0x0000000008001428                std::_Deque_iterator<unsigned char, unsigned char&, unsigned char*>::_Deque_iterator()
 .text._ZNSt16allocator_traitsISaIPhEE8allocateERS1_j
                0x0000000008001454       0x1e ./Core/Src/led.o
                0x0000000008001454                std::allocator_traits<std::allocator<unsigned char*> >::allocate(std::allocator<unsigned char*>&, unsigned int)
 .text._ZNSt11_Deque_baseIhSaIhEE16_M_allocate_nodeEv
                0x0000000008001472       0x24 ./Core/Src/led.o
                0x0000000008001472                std::_Deque_base<unsigned char, std::allocator<unsigned char> >::_M_allocate_node()
 .text._ZNSt15_Deque_iteratorIhRhPhE14_S_buffer_sizeEv
                0x0000000008001496       0x10 ./Core/Src/led.o
                0x0000000008001496                std::_Deque_iterator<unsigned char, unsigned char&, unsigned char*>::_S_buffer_size()
 .text._ZNSt16allocator_traitsISaIhEE10deallocateERS0_Phj
                0x00000000080014a6       0x1e ./Core/Src/led.o
                0x00000000080014a6                std::allocator_traits<std::allocator<unsigned char> >::deallocate(std::allocator<unsigned char>&, unsigned char*, unsigned int)
 .text._ZNKSt11_Deque_baseIhSaIhEE19_M_get_Tp_allocatorEv
                0x00000000080014c4       0x14 ./Core/Src/led.o
                0x00000000080014c4                std::_Deque_base<unsigned char, std::allocator<unsigned char> >::_M_get_Tp_allocator() const
 .text._ZNSaIPhEC2IhEERKSaIT_E
                0x00000000080014d8       0x1a ./Core/Src/led.o
                0x00000000080014d8                std::allocator<unsigned char*>::allocator<unsigned char>(std::allocator<unsigned char> const&)
                0x00000000080014d8                std::allocator<unsigned char*>::allocator<unsigned char>(std::allocator<unsigned char> const&)
 .text._ZN9__gnu_cxx13new_allocatorIPhED2Ev
                0x00000000080014f2       0x14 ./Core/Src/led.o
                0x00000000080014f2                __gnu_cxx::new_allocator<unsigned char*>::~new_allocator()
                0x00000000080014f2                __gnu_cxx::new_allocator<unsigned char*>::~new_allocator()
 .text._ZN9__gnu_cxx13new_allocatorIPhE10deallocateEPS1_j
                0x0000000008001506       0x20 ./Core/Src/led.o
                0x0000000008001506                __gnu_cxx::new_allocator<unsigned char*>::deallocate(unsigned char**, unsigned int)
 .text._ZN9__gnu_cxx13new_allocatorIhE9constructIhJhEEEvPT_DpOT0_
                0x0000000008001526       0x2e ./Core/Src/led.o
                0x0000000008001526                void __gnu_cxx::new_allocator<unsigned char>::construct<unsigned char, unsigned char>(unsigned char*, unsigned char&&)
 .text._ZNKSt5dequeIhSaIhEE4sizeEv
                0x0000000008001554       0x24 ./Core/Src/led.o
                0x0000000008001554                std::deque<unsigned char, std::allocator<unsigned char> >::size() const
 .text._ZNKSt5dequeIhSaIhEE8max_sizeEv
                0x0000000008001578       0x22 ./Core/Src/led.o
                0x0000000008001578                std::deque<unsigned char, std::allocator<unsigned char> >::max_size() const
 .text._ZNSt5dequeIhSaIhEE22_M_reserve_map_at_backEj
                0x000000000800159a       0x36 ./Core/Src/led.o
                0x000000000800159a                std::deque<unsigned char, std::allocator<unsigned char> >::_M_reserve_map_at_back(unsigned int)
 .text._ZNK9__gnu_cxx13new_allocatorIPhE11_M_max_sizeEv
                0x00000000080015d0       0x16 ./Core/Src/led.o
                0x00000000080015d0                __gnu_cxx::new_allocator<unsigned char*>::_M_max_size() const
 .text._ZN9__gnu_cxx13new_allocatorIPhE8allocateEjPKv
                0x00000000080015e6       0x52 ./Core/Src/led.o
                0x00000000080015e6                __gnu_cxx::new_allocator<unsigned char*>::allocate(unsigned int, void const*)
 .text._ZNSt16allocator_traitsISaIhEE8allocateERS0_j
                0x0000000008001638       0x1e ./Core/Src/led.o
                0x0000000008001638                std::allocator_traits<std::allocator<unsigned char> >::allocate(std::allocator<unsigned char>&, unsigned int)
 .text._ZN9__gnu_cxx13new_allocatorIhE10deallocateEPhj
                0x0000000008001656       0x1c ./Core/Src/led.o
                0x0000000008001656                __gnu_cxx::new_allocator<unsigned char>::deallocate(unsigned char*, unsigned int)
 .text._ZN9__gnu_cxx13new_allocatorIPhEC2Ev
                0x0000000008001672       0x14 ./Core/Src/led.o
                0x0000000008001672                __gnu_cxx::new_allocator<unsigned char*>::new_allocator()
                0x0000000008001672                __gnu_cxx::new_allocator<unsigned char*>::new_allocator()
 .text._ZStmiRKSt15_Deque_iteratorIhRhPhES4_
                0x0000000008001686       0x54 ./Core/Src/led.o
                0x0000000008001686                std::operator-(std::_Deque_iterator<unsigned char, unsigned char&, unsigned char*> const&, std::_Deque_iterator<unsigned char, unsigned char&, unsigned char*> const&)
 .text._ZNSt5dequeIhSaIhEE11_S_max_sizeERKS0_
                0x00000000080016da       0x34 ./Core/Src/led.o
                0x00000000080016da                std::deque<unsigned char, std::allocator<unsigned char> >::_S_max_size(std::allocator<unsigned char> const&)
 .text._ZNSt5dequeIhSaIhEE17_M_reallocate_mapEjb
                0x000000000800170e      0x134 ./Core/Src/led.o
                0x000000000800170e                std::deque<unsigned char, std::allocator<unsigned char> >::_M_reallocate_map(unsigned int, bool)
 .text._ZNK9__gnu_cxx13new_allocatorIhE11_M_max_sizeEv
                0x0000000008001842       0x16 ./Core/Src/led.o
                0x0000000008001842                __gnu_cxx::new_allocator<unsigned char>::_M_max_size() const
 .text._ZN9__gnu_cxx13new_allocatorIhE8allocateEjPKv
                0x0000000008001858       0x42 ./Core/Src/led.o
                0x0000000008001858                __gnu_cxx::new_allocator<unsigned char>::allocate(unsigned int, void const*)
 .text._ZNSt16allocator_traitsISaIhEE8max_sizeERKS0_
                0x000000000800189a       0x18 ./Core/Src/led.o
                0x000000000800189a                std::allocator_traits<std::allocator<unsigned char> >::max_size(std::allocator<unsigned char> const&)
 .text._ZSt3minIjERKT_S2_S2_
                0x00000000080018b2       0x26 ./Core/Src/led.o
                0x00000000080018b2                unsigned int const& std::min<unsigned int>(unsigned int const&, unsigned int const&)
 .text._ZSt4copyIPPhS1_ET0_T_S3_S2_
                0x00000000080018d8       0x30 ./Core/Src/led.o
                0x00000000080018d8                unsigned char** std::copy<unsigned char**, unsigned char**>(unsigned char**, unsigned char**, unsigned char**)
 .text._ZSt13copy_backwardIPPhS1_ET0_T_S3_S2_
                0x0000000008001908       0x30 ./Core/Src/led.o
                0x0000000008001908                unsigned char** std::copy_backward<unsigned char**, unsigned char**>(unsigned char**, unsigned char**, unsigned char**)
 .text._ZNK9__gnu_cxx13new_allocatorIhE8max_sizeEv
                0x0000000008001938       0x18 ./Core/Src/led.o
                0x0000000008001938                __gnu_cxx::new_allocator<unsigned char>::max_size() const
 .text._ZSt12__miter_baseIPPhET_S2_
                0x0000000008001950       0x14 ./Core/Src/led.o
                0x0000000008001950                unsigned char** std::__miter_base<unsigned char**>(unsigned char**)
 .text._ZSt13__copy_move_aILb0EPPhS1_ET1_T0_S3_S2_
                0x0000000008001964       0x46 ./Core/Src/led.o
                0x0000000008001964                unsigned char** std::__copy_move_a<false, unsigned char**, unsigned char**>(unsigned char**, unsigned char**, unsigned char**)
 .text._ZSt22__copy_move_backward_aILb0EPPhS1_ET1_T0_S3_S2_
                0x00000000080019aa       0x46 ./Core/Src/led.o
                0x00000000080019aa                unsigned char** std::__copy_move_backward_a<false, unsigned char**, unsigned char**>(unsigned char**, unsigned char**, unsigned char**)
 .text._ZSt12__niter_baseIPPhET_S2_
                0x00000000080019f0       0x14 ./Core/Src/led.o
                0x00000000080019f0                unsigned char** std::__niter_base<unsigned char**>(unsigned char**)
 .text._ZSt14__copy_move_a1ILb0EPPhS1_ET1_T0_S3_S2_
                0x0000000008001a04       0x20 ./Core/Src/led.o
                0x0000000008001a04                unsigned char** std::__copy_move_a1<false, unsigned char**, unsigned char**>(unsigned char**, unsigned char**, unsigned char**)
 .text._ZSt12__niter_wrapIPPhET_RKS2_S2_
                0x0000000008001a24       0x16 ./Core/Src/led.o
                0x0000000008001a24                unsigned char** std::__niter_wrap<unsigned char**>(unsigned char** const&, unsigned char**)
 .text._ZSt23__copy_move_backward_a1ILb0EPPhS1_ET1_T0_S3_S2_
                0x0000000008001a3a       0x20 ./Core/Src/led.o
                0x0000000008001a3a                unsigned char** std::__copy_move_backward_a1<false, unsigned char**, unsigned char**>(unsigned char**, unsigned char**, unsigned char**)
 .text._ZSt14__copy_move_a2ILb0EPPhS1_ET1_T0_S3_S2_
                0x0000000008001a5a       0x20 ./Core/Src/led.o
                0x0000000008001a5a                unsigned char** std::__copy_move_a2<false, unsigned char**, unsigned char**>(unsigned char**, unsigned char**, unsigned char**)
 .text._ZSt23__copy_move_backward_a2ILb0EPPhS1_ET1_T0_S3_S2_
                0x0000000008001a7a       0x20 ./Core/Src/led.o
                0x0000000008001a7a                unsigned char** std::__copy_move_backward_a2<false, unsigned char**, unsigned char**>(unsigned char**, unsigned char**, unsigned char**)
 .text._ZNSt11__copy_moveILb0ELb1ESt26random_access_iterator_tagE8__copy_mIPhEEPT_PKS4_S7_S5_
                0x0000000008001a9a       0x3a ./Core/Src/led.o
                0x0000000008001a9a                unsigned char** std::__copy_move<false, true, std::random_access_iterator_tag>::__copy_m<unsigned char*>(unsigned char* const*, unsigned char* const*, unsigned char**)
 .text._ZNSt20__copy_move_backwardILb0ELb1ESt26random_access_iterator_tagE13__copy_move_bIPhEEPT_PKS4_S7_S5_
                0x0000000008001ad4       0x44 ./Core/Src/led.o
                0x0000000008001ad4                unsigned char** std::__copy_move_backward<false, true, std::random_access_iterator_tag>::__copy_move_b<unsigned char*>(unsigned char* const*, unsigned char* const*, unsigned char**)
 .text.main     0x0000000008001b18       0x70 ./Core/Src/main.o
                0x0000000008001b18                main
 .text._Z18SystemClock_Configv
                0x0000000008001b88       0xa2 ./Core/Src/main.o
                0x0000000008001b88                SystemClock_Config()
 *fill*         0x0000000008001c2a        0x2 
 .text._ZL12MX_IWDG_Initv
                0x0000000008001c2c       0x40 ./Core/Src/main.o
 .text._ZL12MX_TIM2_Initv
                0x0000000008001c6c       0xb8 ./Core/Src/main.o
 .text._ZL12MX_TIM3_Initv
                0x0000000008001d24       0xb8 ./Core/Src/main.o
 .text._ZL12MX_TIM4_Initv
                0x0000000008001ddc       0xbc ./Core/Src/main.o
 .text._ZL19MX_USART1_UART_Initv
                0x0000000008001e98       0x5c ./Core/Src/main.o
 .text._ZL12MX_GPIO_Initv
                0x0000000008001ef4      0x148 ./Core/Src/main.o
 .text.Error_Handler
                0x000000000800203c        0xa ./Core/Src/main.o
                0x000000000800203c                Error_Handler
 .text._ZNSt5queueIhSt5dequeIhSaIhEEED2Ev
                0x0000000008002046       0x1a ./Core/Src/main.o
                0x0000000008002046                std::queue<unsigned char, std::deque<unsigned char, std::allocator<unsigned char> > >::~queue()
                0x0000000008002046                std::queue<unsigned char, std::deque<unsigned char, std::allocator<unsigned char> > >::~queue()
 .text._ZN3LEDD2Ev
                0x0000000008002060       0x1a ./Core/Src/main.o
                0x0000000008002060                LED::~LED()
                0x0000000008002060                LED::~LED()
 *fill*         0x000000000800207a        0x2 
 .text._Z41__static_initialization_and_destruction_0ii
                0x000000000800207c       0x4c ./Core/Src/main.o
 .text._ZNSt5dequeIhSaIhEED2Ev
                0x00000000080020c8       0x4a ./Core/Src/main.o
                0x00000000080020c8                std::deque<unsigned char, std::allocator<unsigned char> >::~deque()
                0x00000000080020c8                std::deque<unsigned char, std::allocator<unsigned char> >::~deque()
 .text._ZNSt11_Deque_baseIhSaIhEE11_Deque_implD2Ev
                0x0000000008002112       0x18 ./Core/Src/main.o
                0x0000000008002112                std::_Deque_base<unsigned char, std::allocator<unsigned char> >::_Deque_impl::~_Deque_impl()
                0x0000000008002112                std::_Deque_base<unsigned char, std::allocator<unsigned char> >::_Deque_impl::~_Deque_impl()
 .text._ZNSt11_Deque_baseIhSaIhEED2Ev
                0x000000000800212a       0x44 ./Core/Src/main.o
                0x000000000800212a                std::_Deque_base<unsigned char, std::allocator<unsigned char> >::~_Deque_base()
                0x000000000800212a                std::_Deque_base<unsigned char, std::allocator<unsigned char> >::~_Deque_base()
 .text._ZNSt5dequeIhSaIhEE3endEv
                0x000000000800216e       0x1e ./Core/Src/main.o
                0x000000000800216e                std::deque<unsigned char, std::allocator<unsigned char> >::end()
 .text._ZNSt5dequeIhSaIhEE15_M_destroy_dataESt15_Deque_iteratorIhRhPhES5_RKS0_
                0x000000000800218c       0x18 ./Core/Src/main.o
                0x000000000800218c                std::deque<unsigned char, std::allocator<unsigned char> >::_M_destroy_data(std::_Deque_iterator<unsigned char, unsigned char&, unsigned char*>, std::_Deque_iterator<unsigned char, unsigned char&, unsigned char*>, std::allocator<unsigned char> const&)
 .text._ZNSaIhED2Ev
                0x00000000080021a4       0x18 ./Core/Src/main.o
                0x00000000080021a4                std::allocator<unsigned char>::~allocator()
                0x00000000080021a4                std::allocator<unsigned char>::~allocator()
 .text._ZNSt11_Deque_baseIhSaIhEE16_M_destroy_nodesEPPhS3_
                0x00000000080021bc       0x36 ./Core/Src/main.o
                0x00000000080021bc                std::_Deque_base<unsigned char, std::allocator<unsigned char> >::_M_destroy_nodes(unsigned char**, unsigned char**)
 .text._ZN9__gnu_cxx13new_allocatorIhED2Ev
                0x00000000080021f2       0x14 ./Core/Src/main.o
                0x00000000080021f2                __gnu_cxx::new_allocator<unsigned char>::~new_allocator()
                0x00000000080021f2                __gnu_cxx::new_allocator<unsigned char>::~new_allocator()
 .text._GLOBAL__sub_I_hiwdg
                0x0000000008002206       0x10 ./Core/Src/main.o
 .text._GLOBAL__sub_D_hiwdg
                0x0000000008002216       0x10 ./Core/Src/main.o
 *fill*         0x0000000008002226        0x2 
 .text.HAL_MspInit
                0x0000000008002228       0x68 ./Core/Src/stm32f1xx_hal_msp.o
                0x0000000008002228                HAL_MspInit
 .text.HAL_TIM_Base_MspInit
                0x0000000008002290       0xb8 ./Core/Src/stm32f1xx_hal_msp.o
                0x0000000008002290                HAL_TIM_Base_MspInit
 .text.HAL_UART_MspInit
                0x0000000008002348       0xa8 ./Core/Src/stm32f1xx_hal_msp.o
                0x0000000008002348                HAL_UART_MspInit
 .text.NMI_Handler
                0x00000000080023f0        0x6 ./Core/Src/stm32f1xx_it.o
                0x00000000080023f0                NMI_Handler
 .text.HardFault_Handler
                0x00000000080023f6        0x6 ./Core/Src/stm32f1xx_it.o
                0x00000000080023f6                HardFault_Handler
 .text.MemManage_Handler
                0x00000000080023fc        0x6 ./Core/Src/stm32f1xx_it.o
                0x00000000080023fc                MemManage_Handler
 .text.BusFault_Handler
                0x0000000008002402        0x6 ./Core/Src/stm32f1xx_it.o
                0x0000000008002402                BusFault_Handler
 .text.UsageFault_Handler
                0x0000000008002408        0x6 ./Core/Src/stm32f1xx_it.o
                0x0000000008002408                UsageFault_Handler
 .text.SVC_Handler
                0x000000000800240e        0xc ./Core/Src/stm32f1xx_it.o
                0x000000000800240e                SVC_Handler
 .text.DebugMon_Handler
                0x000000000800241a        0xc ./Core/Src/stm32f1xx_it.o
                0x000000000800241a                DebugMon_Handler
 .text.PendSV_Handler
                0x0000000008002426        0xc ./Core/Src/stm32f1xx_it.o
                0x0000000008002426                PendSV_Handler
 .text.SysTick_Handler
                0x0000000008002432        0xc ./Core/Src/stm32f1xx_it.o
                0x0000000008002432                SysTick_Handler
 .text.EXTI0_IRQHandler
                0x000000000800243e        0xe ./Core/Src/stm32f1xx_it.o
                0x000000000800243e                EXTI0_IRQHandler
 .text.EXTI9_5_IRQHandler
                0x000000000800244c        0xe ./Core/Src/stm32f1xx_it.o
                0x000000000800244c                EXTI9_5_IRQHandler
 *fill*         0x000000000800245a        0x2 
 .text.TIM2_IRQHandler
                0x000000000800245c       0x14 ./Core/Src/stm32f1xx_it.o
                0x000000000800245c                TIM2_IRQHandler
 .text.TIM3_IRQHandler
                0x0000000008002470       0x14 ./Core/Src/stm32f1xx_it.o
                0x0000000008002470                TIM3_IRQHandler
 .text.TIM4_IRQHandler
                0x0000000008002484       0x14 ./Core/Src/stm32f1xx_it.o
                0x0000000008002484                TIM4_IRQHandler
 .text.USART1_IRQHandler
                0x0000000008002498       0x20 ./Core/Src/stm32f1xx_it.o
                0x0000000008002498                USART1_IRQHandler
 .text.EXTI15_10_IRQHandler
                0x00000000080024b8       0x10 ./Core/Src/stm32f1xx_it.o
                0x00000000080024b8                EXTI15_10_IRQHandler
 .text.HAL_GPIO_EXTI_Callback
                0x00000000080024c8       0x40 ./Core/Src/stm32f1xx_it.o
                0x00000000080024c8                HAL_GPIO_EXTI_Callback
 .text.HAL_UART_RxCpltCallback
                0x0000000008002508       0x80 ./Core/Src/stm32f1xx_it.o
                0x0000000008002508                HAL_UART_RxCpltCallback
 .text.HAL_TIM_PeriodElapsedCallback
                0x0000000008002588       0xc4 ./Core/Src/stm32f1xx_it.o
                0x0000000008002588                HAL_TIM_PeriodElapsedCallback
 .text._getpid  0x000000000800264c        0xe ./Core/Src/syscalls.o
                0x000000000800264c                _getpid
 .text._kill    0x000000000800265a       0x20 ./Core/Src/syscalls.o
                0x000000000800265a                _kill
 .text._exit    0x000000000800267a       0x14 ./Core/Src/syscalls.o
                0x000000000800267a                _exit
 .text._read    0x000000000800268e       0x3a ./Core/Src/syscalls.o
                0x000000000800268e                _read
 .text._write   0x00000000080026c8       0x38 ./Core/Src/syscalls.o
                0x00000000080026c8                _write
 .text._close   0x0000000008002700       0x16 ./Core/Src/syscalls.o
                0x0000000008002700                _close
 .text._fstat   0x0000000008002716       0x1e ./Core/Src/syscalls.o
                0x0000000008002716                _fstat
 .text._isatty  0x0000000008002734       0x14 ./Core/Src/syscalls.o
                0x0000000008002734                _isatty
 .text._lseek   0x0000000008002748       0x18 ./Core/Src/syscalls.o
                0x0000000008002748                _lseek
 .text._sbrk    0x0000000008002760       0x6c ./Core/Src/sysmem.o
                0x0000000008002760                _sbrk
 .text.SystemInit
                0x00000000080027cc        0xc ./Core/Src/system_stm32f1xx.o
                0x00000000080027cc                SystemInit
 .text.uart_print
                0x00000000080027d8       0x2c ./Core/Src/utils.o
                0x00000000080027d8                uart_print
 .text.Reset_Handler
                0x0000000008002804       0x48 ./Core/Startup/startup_stm32f103rctx.o
                0x0000000008002804                Reset_Handler
 .text.Default_Handler
                0x000000000800284c        0x2 ./Core/Startup/startup_stm32f103rctx.o
                0x000000000800284c                RTC_Alarm_IRQHandler
                0x000000000800284c                EXTI2_IRQHandler
                0x000000000800284c                TIM8_TRG_COM_IRQHandler
                0x000000000800284c                TIM8_CC_IRQHandler
                0x000000000800284c                TIM1_CC_IRQHandler
                0x000000000800284c                TIM6_IRQHandler
                0x000000000800284c                PVD_IRQHandler
                0x000000000800284c                SDIO_IRQHandler
                0x000000000800284c                EXTI3_IRQHandler
                0x000000000800284c                I2C2_EV_IRQHandler
                0x000000000800284c                ADC1_2_IRQHandler
                0x000000000800284c                SPI1_IRQHandler
                0x000000000800284c                TAMPER_IRQHandler
                0x000000000800284c                TIM8_UP_IRQHandler
                0x000000000800284c                DMA2_Channel2_IRQHandler
                0x000000000800284c                DMA1_Channel4_IRQHandler
                0x000000000800284c                USART3_IRQHandler
                0x000000000800284c                RTC_IRQHandler
                0x000000000800284c                DMA1_Channel7_IRQHandler
                0x000000000800284c                CAN1_RX1_IRQHandler
                0x000000000800284c                UART5_IRQHandler
                0x000000000800284c                ADC3_IRQHandler
                0x000000000800284c                DMA2_Channel1_IRQHandler
                0x000000000800284c                I2C1_EV_IRQHandler
                0x000000000800284c                DMA1_Channel6_IRQHandler
                0x000000000800284c                UART4_IRQHandler
                0x000000000800284c                RCC_IRQHandler
                0x000000000800284c                TIM1_TRG_COM_IRQHandler
                0x000000000800284c                DMA1_Channel1_IRQHandler
                0x000000000800284c                Default_Handler
                0x000000000800284c                TIM7_IRQHandler
                0x000000000800284c                TIM5_IRQHandler
                0x000000000800284c                SPI2_IRQHandler
                0x000000000800284c                DMA1_Channel5_IRQHandler
                0x000000000800284c                EXTI4_IRQHandler
                0x000000000800284c                USB_LP_CAN1_RX0_IRQHandler
                0x000000000800284c                USB_HP_CAN1_TX_IRQHandler
                0x000000000800284c                DMA1_Channel3_IRQHandler
                0x000000000800284c                FSMC_IRQHandler
                0x000000000800284c                TIM1_UP_IRQHandler
                0x000000000800284c                WWDG_IRQHandler
                0x000000000800284c                TIM1_BRK_IRQHandler
                0x000000000800284c                EXTI1_IRQHandler
                0x000000000800284c                DMA2_Channel4_5_IRQHandler
                0x000000000800284c                USART2_IRQHandler
                0x000000000800284c                I2C2_ER_IRQHandler
                0x000000000800284c                DMA1_Channel2_IRQHandler
                0x000000000800284c                TIM8_BRK_IRQHandler
                0x000000000800284c                CAN1_SCE_IRQHandler
                0x000000000800284c                FLASH_IRQHandler
                0x000000000800284c                SPI3_IRQHandler
                0x000000000800284c                I2C1_ER_IRQHandler
                0x000000000800284c                USBWakeUp_IRQHandler
                0x000000000800284c                DMA2_Channel3_IRQHandler
 *fill*         0x000000000800284e        0x2 
 .text.HAL_Init
                0x0000000008002850       0x2c ./Drivers/STM32F1xx_HAL_Driver/Src/stm32f1xx_hal.o
                0x0000000008002850                HAL_Init
 .text.HAL_InitTick
                0x000000000800287c       0x60 ./Drivers/STM32F1xx_HAL_Driver/Src/stm32f1xx_hal.o
                0x000000000800287c                HAL_InitTick
 .text.HAL_IncTick
                0x00000000080028dc       0x24 ./Drivers/STM32F1xx_HAL_Driver/Src/stm32f1xx_hal.o
                0x00000000080028dc                HAL_IncTick
 .text.HAL_GetTick
                0x0000000008002900       0x14 ./Drivers/STM32F1xx_HAL_Driver/Src/stm32f1xx_hal.o
                0x0000000008002900                HAL_GetTick
 .text.__NVIC_SetPriorityGrouping
                0x0000000008002914       0x48 ./Drivers/STM32F1xx_HAL_Driver/Src/stm32f1xx_hal_cortex.o
 .text.__NVIC_GetPriorityGrouping
                0x000000000800295c       0x1c ./Drivers/STM32F1xx_HAL_Driver/Src/stm32f1xx_hal_cortex.o
 .text.__NVIC_EnableIRQ
                0x0000000008002978       0x38 ./Drivers/STM32F1xx_HAL_Driver/Src/stm32f1xx_hal_cortex.o
 .text.__NVIC_SetPriority
                0x00000000080029b0       0x54 ./Drivers/STM32F1xx_HAL_Driver/Src/stm32f1xx_hal_cortex.o
 .text.NVIC_EncodePriority
                0x0000000008002a04       0x64 ./Drivers/STM32F1xx_HAL_Driver/Src/stm32f1xx_hal_cortex.o
 .text.SysTick_Config
                0x0000000008002a68       0x44 ./Drivers/STM32F1xx_HAL_Driver/Src/stm32f1xx_hal_cortex.o
 .text.HAL_NVIC_SetPriorityGrouping
                0x0000000008002aac       0x16 ./Drivers/STM32F1xx_HAL_Driver/Src/stm32f1xx_hal_cortex.o
                0x0000000008002aac                HAL_NVIC_SetPriorityGrouping
 .text.HAL_NVIC_SetPriority
                0x0000000008002ac2       0x38 ./Drivers/STM32F1xx_HAL_Driver/Src/stm32f1xx_hal_cortex.o
                0x0000000008002ac2                HAL_NVIC_SetPriority
 .text.HAL_NVIC_EnableIRQ
                0x0000000008002afa       0x1c ./Drivers/STM32F1xx_HAL_Driver/Src/stm32f1xx_hal_cortex.o
                0x0000000008002afa                HAL_NVIC_EnableIRQ
 .text.HAL_SYSTICK_Config
                0x0000000008002b16       0x18 ./Drivers/STM32F1xx_HAL_Driver/Src/stm32f1xx_hal_cortex.o
                0x0000000008002b16                HAL_SYSTICK_Config
 .text.HAL_DMA_Abort
                0x0000000008002b2e       0x76 ./Drivers/STM32F1xx_HAL_Driver/Src/stm32f1xx_hal_dma.o
                0x0000000008002b2e                HAL_DMA_Abort
 .text.HAL_DMA_Abort_IT
                0x0000000008002ba4      0x210 ./Drivers/STM32F1xx_HAL_Driver/Src/stm32f1xx_hal_dma.o
                0x0000000008002ba4                HAL_DMA_Abort_IT
 .text.HAL_GPIO_Init
                0x0000000008002db4      0x328 ./Drivers/STM32F1xx_HAL_Driver/Src/stm32f1xx_hal_gpio.o
                0x0000000008002db4                HAL_GPIO_Init
 .text.HAL_GPIO_ReadPin
                0x00000000080030dc       0x2e ./Drivers/STM32F1xx_HAL_Driver/Src/stm32f1xx_hal_gpio.o
                0x00000000080030dc                HAL_GPIO_ReadPin
 .text.HAL_GPIO_WritePin
                0x000000000800310a       0x30 ./Drivers/STM32F1xx_HAL_Driver/Src/stm32f1xx_hal_gpio.o
                0x000000000800310a                HAL_GPIO_WritePin
 *fill*         0x000000000800313a        0x2 
 .text.HAL_GPIO_EXTI_IRQHandler
                0x000000000800313c       0x30 ./Drivers/STM32F1xx_HAL_Driver/Src/stm32f1xx_hal_gpio.o
                0x000000000800313c                HAL_GPIO_EXTI_IRQHandler
 .text.HAL_IWDG_Init
                0x000000000800316c       0x84 ./Drivers/STM32F1xx_HAL_Driver/Src/stm32f1xx_hal_iwdg.o
                0x000000000800316c                HAL_IWDG_Init
 .text.HAL_IWDG_Refresh
                0x00000000080031f0       0x1e ./Drivers/STM32F1xx_HAL_Driver/Src/stm32f1xx_hal_iwdg.o
                0x00000000080031f0                HAL_IWDG_Refresh
 *fill*         0x000000000800320e        0x2 
 .text.HAL_RCC_OscConfig
                0x0000000008003210      0x504 ./Drivers/STM32F1xx_HAL_Driver/Src/stm32f1xx_hal_rcc.o
                0x0000000008003210                HAL_RCC_OscConfig
 .text.HAL_RCC_ClockConfig
                0x0000000008003714      0x1d4 ./Drivers/STM32F1xx_HAL_Driver/Src/stm32f1xx_hal_rcc.o
                0x0000000008003714                HAL_RCC_ClockConfig
 .text.HAL_RCC_GetSysClockFreq
                0x00000000080038e8       0xa8 ./Drivers/STM32F1xx_HAL_Driver/Src/stm32f1xx_hal_rcc.o
                0x00000000080038e8                HAL_RCC_GetSysClockFreq
 .text.HAL_RCC_GetHCLKFreq
                0x0000000008003990       0x14 ./Drivers/STM32F1xx_HAL_Driver/Src/stm32f1xx_hal_rcc.o
                0x0000000008003990                HAL_RCC_GetHCLKFreq
 .text.HAL_RCC_GetPCLK1Freq
                0x00000000080039a4       0x28 ./Drivers/STM32F1xx_HAL_Driver/Src/stm32f1xx_hal_rcc.o
                0x00000000080039a4                HAL_RCC_GetPCLK1Freq
 .text.HAL_RCC_GetPCLK2Freq
                0x00000000080039cc       0x28 ./Drivers/STM32F1xx_HAL_Driver/Src/stm32f1xx_hal_rcc.o
                0x00000000080039cc                HAL_RCC_GetPCLK2Freq
 .text.RCC_Delay
                0x00000000080039f4       0x3c ./Drivers/STM32F1xx_HAL_Driver/Src/stm32f1xx_hal_rcc.o
 .text.HAL_TIM_Base_Init
                0x0000000008003a30       0x9e ./Drivers/STM32F1xx_HAL_Driver/Src/stm32f1xx_hal_tim.o
                0x0000000008003a30                HAL_TIM_Base_Init
 *fill*         0x0000000008003ace        0x2 
 .text.HAL_TIM_Base_Start_IT
                0x0000000008003ad0       0xc0 ./Drivers/STM32F1xx_HAL_Driver/Src/stm32f1xx_hal_tim.o
                0x0000000008003ad0                HAL_TIM_Base_Start_IT
 .text.HAL_TIM_Base_Stop_IT
                0x0000000008003b90       0x5c ./Drivers/STM32F1xx_HAL_Driver/Src/stm32f1xx_hal_tim.o
                0x0000000008003b90                HAL_TIM_Base_Stop_IT
 .text.HAL_TIM_IRQHandler
                0x0000000008003bec      0x210 ./Drivers/STM32F1xx_HAL_Driver/Src/stm32f1xx_hal_tim.o
                0x0000000008003bec                HAL_TIM_IRQHandler
 .text.HAL_TIM_ConfigClockSource
                0x0000000008003dfc      0x18e ./Drivers/STM32F1xx_HAL_Driver/Src/stm32f1xx_hal_tim.o
                0x0000000008003dfc                HAL_TIM_ConfigClockSource
 .text.HAL_TIM_OC_DelayElapsedCallback
                0x0000000008003f8a       0x12 ./Drivers/STM32F1xx_HAL_Driver/Src/stm32f1xx_hal_tim.o
                0x0000000008003f8a                HAL_TIM_OC_DelayElapsedCallback
 .text.HAL_TIM_IC_CaptureCallback
                0x0000000008003f9c       0x12 ./Drivers/STM32F1xx_HAL_Driver/Src/stm32f1xx_hal_tim.o
                0x0000000008003f9c                HAL_TIM_IC_CaptureCallback
 .text.HAL_TIM_PWM_PulseFinishedCallback
                0x0000000008003fae       0x12 ./Drivers/STM32F1xx_HAL_Driver/Src/stm32f1xx_hal_tim.o
                0x0000000008003fae                HAL_TIM_PWM_PulseFinishedCallback
 .text.HAL_TIM_TriggerCallback
                0x0000000008003fc0       0x12 ./Drivers/STM32F1xx_HAL_Driver/Src/stm32f1xx_hal_tim.o
                0x0000000008003fc0                HAL_TIM_TriggerCallback
 *fill*         0x0000000008003fd2        0x2 
 .text.TIM_Base_SetConfig
                0x0000000008003fd4       0xf4 ./Drivers/STM32F1xx_HAL_Driver/Src/stm32f1xx_hal_tim.o
                0x0000000008003fd4                TIM_Base_SetConfig
 .text.TIM_TI1_ConfigInputStage
                0x00000000080040c8       0x5c ./Drivers/STM32F1xx_HAL_Driver/Src/stm32f1xx_hal_tim.o
 .text.TIM_TI2_ConfigInputStage
                0x0000000008004124       0x5e ./Drivers/STM32F1xx_HAL_Driver/Src/stm32f1xx_hal_tim.o
 .text.TIM_ITRx_SetConfig
                0x0000000008004182       0x34 ./Drivers/STM32F1xx_HAL_Driver/Src/stm32f1xx_hal_tim.o
 .text.TIM_ETR_SetConfig
                0x00000000080041b6       0x3e ./Drivers/STM32F1xx_HAL_Driver/Src/stm32f1xx_hal_tim.o
                0x00000000080041b6                TIM_ETR_SetConfig
 .text.HAL_TIMEx_MasterConfigSynchronization
                0x00000000080041f4       0xd8 ./Drivers/STM32F1xx_HAL_Driver/Src/stm32f1xx_hal_tim_ex.o
                0x00000000080041f4                HAL_TIMEx_MasterConfigSynchronization
 .text.HAL_TIMEx_CommutCallback
                0x00000000080042cc       0x12 ./Drivers/STM32F1xx_HAL_Driver/Src/stm32f1xx_hal_tim_ex.o
                0x00000000080042cc                HAL_TIMEx_CommutCallback
 .text.HAL_TIMEx_BreakCallback
                0x00000000080042de       0x12 ./Drivers/STM32F1xx_HAL_Driver/Src/stm32f1xx_hal_tim_ex.o
                0x00000000080042de                HAL_TIMEx_BreakCallback
 .text.HAL_UART_Init
                0x00000000080042f0       0xa0 ./Drivers/STM32F1xx_HAL_Driver/Src/stm32f1xx_hal_uart.o
                0x00000000080042f0                HAL_UART_Init
 .text.HAL_UART_Transmit
                0x0000000008004390      0x106 ./Drivers/STM32F1xx_HAL_Driver/Src/stm32f1xx_hal_uart.o
                0x0000000008004390                HAL_UART_Transmit
 .text.HAL_UART_Receive_IT
                0x0000000008004496       0x4a ./Drivers/STM32F1xx_HAL_Driver/Src/stm32f1xx_hal_uart.o
                0x0000000008004496                HAL_UART_Receive_IT
 .text.HAL_UART_IRQHandler
                0x00000000080044e0      0x524 ./Drivers/STM32F1xx_HAL_Driver/Src/stm32f1xx_hal_uart.o
                0x00000000080044e0                HAL_UART_IRQHandler
 .text.HAL_UART_TxCpltCallback
                0x0000000008004a04       0x12 ./Drivers/STM32F1xx_HAL_Driver/Src/stm32f1xx_hal_uart.o
                0x0000000008004a04                HAL_UART_TxCpltCallback
 .text.HAL_UART_ErrorCallback
                0x0000000008004a16       0x12 ./Drivers/STM32F1xx_HAL_Driver/Src/stm32f1xx_hal_uart.o
                0x0000000008004a16                HAL_UART_ErrorCallback
 .text.HAL_UARTEx_RxEventCallback
                0x0000000008004a28       0x16 ./Drivers/STM32F1xx_HAL_Driver/Src/stm32f1xx_hal_uart.o
                0x0000000008004a28                HAL_UARTEx_RxEventCallback
 .text.UART_WaitOnFlagUntilTimeout
                0x0000000008004a3e       0xdc ./Drivers/STM32F1xx_HAL_Driver/Src/stm32f1xx_hal_uart.o
 .text.UART_Start_Receive_IT
                0x0000000008004b1a       0x72 ./Drivers/STM32F1xx_HAL_Driver/Src/stm32f1xx_hal_uart.o
                0x0000000008004b1a                UART_Start_Receive_IT
 .text.UART_EndRxTransfer
                0x0000000008004b8c       0xc4 ./Drivers/STM32F1xx_HAL_Driver/Src/stm32f1xx_hal_uart.o
 .text.UART_DMAAbortOnError
                0x0000000008004c50       0x28 ./Drivers/STM32F1xx_HAL_Driver/Src/stm32f1xx_hal_uart.o
 .text.UART_Transmit_IT
                0x0000000008004c78       0x9e ./Drivers/STM32F1xx_HAL_Driver/Src/stm32f1xx_hal_uart.o
 .text.UART_EndTransmit_IT
                0x0000000008004d16       0x30 ./Drivers/STM32F1xx_HAL_Driver/Src/stm32f1xx_hal_uart.o
 .text.UART_Receive_IT
                0x0000000008004d46      0x17c ./Drivers/STM32F1xx_HAL_Driver/Src/stm32f1xx_hal_uart.o
 *fill*         0x0000000008004ec2        0x2 
 .text.UART_SetConfig
                0x0000000008004ec4      0x11c ./Drivers/STM32F1xx_HAL_Driver/Src/stm32f1xx_hal_uart.o
 .text._ZdlPvj  0x0000000008004fe0        0x4 C:/ST/STM32CubeIDE_1.13.2/STM32CubeIDE/plugins/com.st.stm32cube.ide.mcu.externaltools.gnu-tools-for-stm32.11.3.rel1.win32_1.1.1.202309131626/tools/bin/../lib/gcc/arm-none-eabi/11.3.1/../../../../arm-none-eabi/lib/thumb/v7-m/nofp\libstdc++_nano.a(del_ops.o)
                0x0000000008004fe0                operator delete(void*, unsigned int)
 .text._Znwj    0x0000000008004fe4       0x22 C:/ST/STM32CubeIDE_1.13.2/STM32CubeIDE/plugins/com.st.stm32cube.ide.mcu.externaltools.gnu-tools-for-stm32.11.3.rel1.win32_1.1.1.202309131626/tools/bin/../lib/gcc/arm-none-eabi/11.3.1/../../../../arm-none-eabi/lib/thumb/v7-m/nofp\libstdc++_nano.a(new_op.o)
                0x0000000008004fe4                operator new(unsigned int)
 .text._Znaj    0x0000000008005006        0x4 C:/ST/STM32CubeIDE_1.13.2/STM32CubeIDE/plugins/com.st.stm32cube.ide.mcu.externaltools.gnu-tools-for-stm32.11.3.rel1.win32_1.1.1.202309131626/tools/bin/../lib/gcc/arm-none-eabi/11.3.1/../../../../arm-none-eabi/lib/thumb/v7-m/nofp\libstdc++_nano.a(new_opv.o)
                0x0000000008005006                operator new[](unsigned int)
 .text.unlikely._ZSt17__throw_bad_allocv
                0x000000000800500a        0x6 C:/ST/STM32CubeIDE_1.13.2/STM32CubeIDE/plugins/com.st.stm32cube.ide.mcu.externaltools.gnu-tools-for-stm32.11.3.rel1.win32_1.1.1.202309131626/tools/bin/../lib/gcc/arm-none-eabi/11.3.1/../../../../arm-none-eabi/lib/thumb/v7-m/nofp\libstdc++_nano.a(functexcept.o)
                0x000000000800500a                std::__throw_bad_alloc()
 .text.unlikely._ZSt28__throw_bad_array_new_lengthv
                0x0000000008005010        0x6 C:/ST/STM32CubeIDE_1.13.2/STM32CubeIDE/plugins/com.st.stm32cube.ide.mcu.externaltools.gnu-tools-for-stm32.11.3.rel1.win32_1.1.1.202309131626/tools/bin/../lib/gcc/arm-none-eabi/11.3.1/../../../../arm-none-eabi/lib/thumb/v7-m/nofp\libstdc++_nano.a(functexcept.o)
                0x0000000008005010                std::__throw_bad_array_new_length()
 .text.unlikely._ZSt20__throw_length_errorPKc
                0x0000000008005016        0x6 C:/ST/STM32CubeIDE_1.13.2/STM32CubeIDE/plugins/com.st.stm32cube.ide.mcu.externaltools.gnu-tools-for-stm32.11.3.rel1.win32_1.1.1.202309131626/tools/bin/../lib/gcc/arm-none-eabi/11.3.1/../../../../arm-none-eabi/lib/thumb/v7-m/nofp\libstdc++_nano.a(functexcept.o)
                0x0000000008005016                std::__throw_length_error(char const*)
 .text._ZdlPv   0x000000000800501c        0x4 C:/ST/STM32CubeIDE_1.13.2/STM32CubeIDE/plugins/com.st.stm32cube.ide.mcu.externaltools.gnu-tools-for-stm32.11.3.rel1.win32_1.1.1.202309131626/tools/bin/../lib/gcc/arm-none-eabi/11.3.1/../../../../arm-none-eabi/lib/thumb/v7-m/nofp\libstdc++_nano.a(del_op.o)
                0x000000000800501c                operator delete(void*)
 .text._ZSt15get_new_handlerv
                0x0000000008005020       0x10 C:/ST/STM32CubeIDE_1.13.2/STM32CubeIDE/plugins/com.st.stm32cube.ide.mcu.externaltools.gnu-tools-for-stm32.11.3.rel1.win32_1.1.1.202309131626/tools/bin/../lib/gcc/arm-none-eabi/11.3.1/../../../../arm-none-eabi/lib/thumb/v7-m/nofp\libstdc++_nano.a(new_handler.o)
                0x0000000008005020                std::get_new_handler()
 .text.abort    0x0000000008005030        0xe C:/ST/STM32CubeIDE_1.13.2/STM32CubeIDE/plugins/com.st.stm32cube.ide.mcu.externaltools.gnu-tools-for-stm32.11.3.rel1.win32_1.1.1.202309131626/tools/bin/../lib/gcc/arm-none-eabi/11.3.1/../../../../arm-none-eabi/lib/thumb/v7-m/nofp\libc_nano.a(libc_a-abort.o)
                0x0000000008005030                abort
 .text.atoi     0x000000000800503e        0x8 C:/ST/STM32CubeIDE_1.13.2/STM32CubeIDE/plugins/com.st.stm32cube.ide.mcu.externaltools.gnu-tools-for-stm32.11.3.rel1.win32_1.1.1.202309131626/tools/bin/../lib/gcc/arm-none-eabi/11.3.1/../../../../arm-none-eabi/lib/thumb/v7-m/nofp\libc_nano.a(libc_a-atoi.o)
                0x000000000800503e                atoi
 *fill*         0x0000000008005046        0x2 
 .text.malloc   0x0000000008005048       0x10 C:/ST/STM32CubeIDE_1.13.2/STM32CubeIDE/plugins/com.st.stm32cube.ide.mcu.externaltools.gnu-tools-for-stm32.11.3.rel1.win32_1.1.1.202309131626/tools/bin/../lib/gcc/arm-none-eabi/11.3.1/../../../../arm-none-eabi/lib/thumb/v7-m/nofp\libc_nano.a(libc_a-malloc.o)
                0x0000000008005048                malloc
 .text.free     0x0000000008005058       0x10 C:/ST/STM32CubeIDE_1.13.2/STM32CubeIDE/plugins/com.st.stm32cube.ide.mcu.externaltools.gnu-tools-for-stm32.11.3.rel1.win32_1.1.1.202309131626/tools/bin/../lib/gcc/arm-none-eabi/11.3.1/../../../../arm-none-eabi/lib/thumb/v7-m/nofp\libc_nano.a(libc_a-malloc.o)
                0x0000000008005058                free
 .text.sbrk_aligned
                0x0000000008005068       0x40 C:/ST/STM32CubeIDE_1.13.2/STM32CubeIDE/plugins/com.st.stm32cube.ide.mcu.externaltools.gnu-tools-for-stm32.11.3.rel1.win32_1.1.1.202309131626/tools/bin/../lib/gcc/arm-none-eabi/11.3.1/../../../../arm-none-eabi/lib/thumb/v7-m/nofp\libc_nano.a(libc_a-mallocr.o)
 .text._malloc_r
                0x00000000080050a8      0x100 C:/ST/STM32CubeIDE_1.13.2/STM32CubeIDE/plugins/com.st.stm32cube.ide.mcu.externaltools.gnu-tools-for-stm32.11.3.rel1.win32_1.1.1.202309131626/tools/bin/../lib/gcc/arm-none-eabi/11.3.1/../../../../arm-none-eabi/lib/thumb/v7-m/nofp\libc_nano.a(libc_a-mallocr.o)
                0x00000000080050a8                _malloc_r
 .text.__malloc_lock
                0x00000000080051a8        0xc C:/ST/STM32CubeIDE_1.13.2/STM32CubeIDE/plugins/com.st.stm32cube.ide.mcu.externaltools.gnu-tools-for-stm32.11.3.rel1.win32_1.1.1.202309131626/tools/bin/../lib/gcc/arm-none-eabi/11.3.1/../../../../arm-none-eabi/lib/thumb/v7-m/nofp\libc_nano.a(libc_a-mlock.o)
                0x00000000080051a8                __malloc_lock
 .text.__malloc_unlock
                0x00000000080051b4        0xc C:/ST/STM32CubeIDE_1.13.2/STM32CubeIDE/plugins/com.st.stm32cube.ide.mcu.externaltools.gnu-tools-for-stm32.11.3.rel1.win32_1.1.1.202309131626/tools/bin/../lib/gcc/arm-none-eabi/11.3.1/../../../../arm-none-eabi/lib/thumb/v7-m/nofp\libc_nano.a(libc_a-mlock.o)
                0x00000000080051b4                __malloc_unlock
 .text.srand    0x00000000080051c0       0x5c C:/ST/STM32CubeIDE_1.13.2/STM32CubeIDE/plugins/com.st.stm32cube.ide.mcu.externaltools.gnu-tools-for-stm32.11.3.rel1.win32_1.1.1.202309131626/tools/bin/../lib/gcc/arm-none-eabi/11.3.1/../../../../arm-none-eabi/lib/thumb/v7-m/nofp\libc_nano.a(libc_a-rand.o)
                0x00000000080051c0                srand
 .text.rand     0x000000000800521c       0x7c C:/ST/STM32CubeIDE_1.13.2/STM32CubeIDE/plugins/com.st.stm32cube.ide.mcu.externaltools.gnu-tools-for-stm32.11.3.rel1.win32_1.1.1.202309131626/tools/bin/../lib/gcc/arm-none-eabi/11.3.1/../../../../arm-none-eabi/lib/thumb/v7-m/nofp\libc_nano.a(libc_a-rand.o)
                0x000000000800521c                rand
 .text._strtol_l.constprop.0
                0x0000000008005298       0xfc C:/ST/STM32CubeIDE_1.13.2/STM32CubeIDE/plugins/com.st.stm32cube.ide.mcu.externaltools.gnu-tools-for-stm32.11.3.rel1.win32_1.1.1.202309131626/tools/bin/../lib/gcc/arm-none-eabi/11.3.1/../../../../arm-none-eabi/lib/thumb/v7-m/nofp\libc_nano.a(libc_a-strtol.o)
 .text.strtol   0x0000000008005394       0x14 C:/ST/STM32CubeIDE_1.13.2/STM32CubeIDE/plugins/com.st.stm32cube.ide.mcu.externaltools.gnu-tools-for-stm32.11.3.rel1.win32_1.1.1.202309131626/tools/bin/../lib/gcc/arm-none-eabi/11.3.1/../../../../arm-none-eabi/lib/thumb/v7-m/nofp\libc_nano.a(libc_a-strtol.o)
                0x0000000008005394                strtol
 .text.std      0x00000000080053a8       0x6c C:/ST/STM32CubeIDE_1.13.2/STM32CubeIDE/plugins/com.st.stm32cube.ide.mcu.externaltools.gnu-tools-for-stm32.11.3.rel1.win32_1.1.1.202309131626/tools/bin/../lib/gcc/arm-none-eabi/11.3.1/../../../../arm-none-eabi/lib/thumb/v7-m/nofp\libc_nano.a(libc_a-findfp.o)
 .text.stdio_exit_handler
                0x0000000008005414       0x18 C:/ST/STM32CubeIDE_1.13.2/STM32CubeIDE/plugins/com.st.stm32cube.ide.mcu.externaltools.gnu-tools-for-stm32.11.3.rel1.win32_1.1.1.202309131626/tools/bin/../lib/gcc/arm-none-eabi/11.3.1/../../../../arm-none-eabi/lib/thumb/v7-m/nofp\libc_nano.a(libc_a-findfp.o)
 .text.cleanup_stdio
                0x000000000800542c       0x40 C:/ST/STM32CubeIDE_1.13.2/STM32CubeIDE/plugins/com.st.stm32cube.ide.mcu.externaltools.gnu-tools-for-stm32.11.3.rel1.win32_1.1.1.202309131626/tools/bin/../lib/gcc/arm-none-eabi/11.3.1/../../../../arm-none-eabi/lib/thumb/v7-m/nofp\libc_nano.a(libc_a-findfp.o)
 .text.global_stdio_init.part.0
                0x000000000800546c       0x3c C:/ST/STM32CubeIDE_1.13.2/STM32CubeIDE/plugins/com.st.stm32cube.ide.mcu.externaltools.gnu-tools-for-stm32.11.3.rel1.win32_1.1.1.202309131626/tools/bin/../lib/gcc/arm-none-eabi/11.3.1/../../../../arm-none-eabi/lib/thumb/v7-m/nofp\libc_nano.a(libc_a-findfp.o)
 .text.__sfp_lock_acquire
                0x00000000080054a8        0xc C:/ST/STM32CubeIDE_1.13.2/STM32CubeIDE/plugins/com.st.stm32cube.ide.mcu.externaltools.gnu-tools-for-stm32.11.3.rel1.win32_1.1.1.202309131626/tools/bin/../lib/gcc/arm-none-eabi/11.3.1/../../../../arm-none-eabi/lib/thumb/v7-m/nofp\libc_nano.a(libc_a-findfp.o)
                0x00000000080054a8                __sfp_lock_acquire
 .text.__sfp_lock_release
                0x00000000080054b4        0xc C:/ST/STM32CubeIDE_1.13.2/STM32CubeIDE/plugins/com.st.stm32cube.ide.mcu.externaltools.gnu-tools-for-stm32.11.3.rel1.win32_1.1.1.202309131626/tools/bin/../lib/gcc/arm-none-eabi/11.3.1/../../../../arm-none-eabi/lib/thumb/v7-m/nofp\libc_nano.a(libc_a-findfp.o)
                0x00000000080054b4                __sfp_lock_release
 .text.__sinit  0x00000000080054c0       0x30 C:/ST/STM32CubeIDE_1.13.2/STM32CubeIDE/plugins/com.st.stm32cube.ide.mcu.externaltools.gnu-tools-for-stm32.11.3.rel1.win32_1.1.1.202309131626/tools/bin/../lib/gcc/arm-none-eabi/11.3.1/../../../../arm-none-eabi/lib/thumb/v7-m/nofp\libc_nano.a(libc_a-findfp.o)
                0x00000000080054c0                __sinit
 .text._fwalk_sglue
                0x00000000080054f0       0x3c C:/ST/STM32CubeIDE_1.13.2/STM32CubeIDE/plugins/com.st.stm32cube.ide.mcu.externaltools.gnu-tools-for-stm32.11.3.rel1.win32_1.1.1.202309131626/tools/bin/../lib/gcc/arm-none-eabi/11.3.1/../../../../arm-none-eabi/lib/thumb/v7-m/nofp\libc_nano.a(libc_a-fwalk.o)
                0x00000000080054f0                _fwalk_sglue
 .text.sprintf  0x000000000800552c       0x40 C:/ST/STM32CubeIDE_1.13.2/STM32CubeIDE/plugins/com.st.stm32cube.ide.mcu.externaltools.gnu-tools-for-stm32.11.3.rel1.win32_1.1.1.202309131626/tools/bin/../lib/gcc/arm-none-eabi/11.3.1/../../../../arm-none-eabi/lib/thumb/v7-m/nofp\libc_nano.a(libc_a-sprintf.o)
                0x000000000800552c                siprintf
                0x000000000800552c                sprintf
 .text.__sread  0x000000000800556c       0x22 C:/ST/STM32CubeIDE_1.13.2/STM32CubeIDE/plugins/com.st.stm32cube.ide.mcu.externaltools.gnu-tools-for-stm32.11.3.rel1.win32_1.1.1.202309131626/tools/bin/../lib/gcc/arm-none-eabi/11.3.1/../../../../arm-none-eabi/lib/thumb/v7-m/nofp\libc_nano.a(libc_a-stdio.o)
                0x000000000800556c                __sread
 .text.__swrite
                0x000000000800558e       0x38 C:/ST/STM32CubeIDE_1.13.2/STM32CubeIDE/plugins/com.st.stm32cube.ide.mcu.externaltools.gnu-tools-for-stm32.11.3.rel1.win32_1.1.1.202309131626/tools/bin/../lib/gcc/arm-none-eabi/11.3.1/../../../../arm-none-eabi/lib/thumb/v7-m/nofp\libc_nano.a(libc_a-stdio.o)
                0x000000000800558e                __swrite
 .text.__sseek  0x00000000080055c6       0x24 C:/ST/STM32CubeIDE_1.13.2/STM32CubeIDE/plugins/com.st.stm32cube.ide.mcu.externaltools.gnu-tools-for-stm32.11.3.rel1.win32_1.1.1.202309131626/tools/bin/../lib/gcc/arm-none-eabi/11.3.1/../../../../arm-none-eabi/lib/thumb/v7-m/nofp\libc_nano.a(libc_a-stdio.o)
                0x00000000080055c6                __sseek
 .text.__sclose
                0x00000000080055ea        0x8 C:/ST/STM32CubeIDE_1.13.2/STM32CubeIDE/plugins/com.st.stm32cube.ide.mcu.externaltools.gnu-tools-for-stm32.11.3.rel1.win32_1.1.1.202309131626/tools/bin/../lib/gcc/arm-none-eabi/11.3.1/../../../../arm-none-eabi/lib/thumb/v7-m/nofp\libc_nano.a(libc_a-stdio.o)
                0x00000000080055ea                __sclose
 .text.memmove  0x00000000080055f2       0x34 C:/ST/STM32CubeIDE_1.13.2/STM32CubeIDE/plugins/com.st.stm32cube.ide.mcu.externaltools.gnu-tools-for-stm32.11.3.rel1.win32_1.1.1.202309131626/tools/bin/../lib/gcc/arm-none-eabi/11.3.1/../../../../arm-none-eabi/lib/thumb/v7-m/nofp\libc_nano.a(libc_a-memmove.o)
                0x00000000080055f2                memmove
 .text.memset   0x0000000008005626       0x10 C:/ST/STM32CubeIDE_1.13.2/STM32CubeIDE/plugins/com.st.stm32cube.ide.mcu.externaltools.gnu-tools-for-stm32.11.3.rel1.win32_1.1.1.202309131626/tools/bin/../lib/gcc/arm-none-eabi/11.3.1/../../../../arm-none-eabi/lib/thumb/v7-m/nofp\libc_nano.a(libc_a-memset.o)
                0x0000000008005626                memset
 .text._raise_r
                0x0000000008005636       0x50 C:/ST/STM32CubeIDE_1.13.2/STM32CubeIDE/plugins/com.st.stm32cube.ide.mcu.externaltools.gnu-tools-for-stm32.11.3.rel1.win32_1.1.1.202309131626/tools/bin/../lib/gcc/arm-none-eabi/11.3.1/../../../../arm-none-eabi/lib/thumb/v7-m/nofp\libc_nano.a(libc_a-signal.o)
                0x0000000008005636                _raise_r
 *fill*         0x0000000008005686        0x2 
 .text.raise    0x0000000008005688       0x10 C:/ST/STM32CubeIDE_1.13.2/STM32CubeIDE/plugins/com.st.stm32cube.ide.mcu.externaltools.gnu-tools-for-stm32.11.3.rel1.win32_1.1.1.202309131626/tools/bin/../lib/gcc/arm-none-eabi/11.3.1/../../../../arm-none-eabi/lib/thumb/v7-m/nofp\libc_nano.a(libc_a-signal.o)
                0x0000000008005688                raise
 .text._close_r
                0x0000000008005698       0x20 C:/ST/STM32CubeIDE_1.13.2/STM32CubeIDE/plugins/com.st.stm32cube.ide.mcu.externaltools.gnu-tools-for-stm32.11.3.rel1.win32_1.1.1.202309131626/tools/bin/../lib/gcc/arm-none-eabi/11.3.1/../../../../arm-none-eabi/lib/thumb/v7-m/nofp\libc_nano.a(libc_a-closer.o)
                0x0000000008005698                _close_r
 .text._lseek_r
                0x00000000080056b8       0x24 C:/ST/STM32CubeIDE_1.13.2/STM32CubeIDE/plugins/com.st.stm32cube.ide.mcu.externaltools.gnu-tools-for-stm32.11.3.rel1.win32_1.1.1.202309131626/tools/bin/../lib/gcc/arm-none-eabi/11.3.1/../../../../arm-none-eabi/lib/thumb/v7-m/nofp\libc_nano.a(libc_a-lseekr.o)
                0x00000000080056b8                _lseek_r
 .text._read_r  0x00000000080056dc       0x24 C:/ST/STM32CubeIDE_1.13.2/STM32CubeIDE/plugins/com.st.stm32cube.ide.mcu.externaltools.gnu-tools-for-stm32.11.3.rel1.win32_1.1.1.202309131626/tools/bin/../lib/gcc/arm-none-eabi/11.3.1/../../../../arm-none-eabi/lib/thumb/v7-m/nofp\libc_nano.a(libc_a-readr.o)
                0x00000000080056dc                _read_r
 .text._kill_r  0x0000000008005700       0x24 C:/ST/STM32CubeIDE_1.13.2/STM32CubeIDE/plugins/com.st.stm32cube.ide.mcu.externaltools.gnu-tools-for-stm32.11.3.rel1.win32_1.1.1.202309131626/tools/bin/../lib/gcc/arm-none-eabi/11.3.1/../../../../arm-none-eabi/lib/thumb/v7-m/nofp\libc_nano.a(libc_a-signalr.o)
                0x0000000008005700                _kill_r
 .text._getpid_r
                0x0000000008005724        0x4 C:/ST/STM32CubeIDE_1.13.2/STM32CubeIDE/plugins/com.st.stm32cube.ide.mcu.externaltools.gnu-tools-for-stm32.11.3.rel1.win32_1.1.1.202309131626/tools/bin/../lib/gcc/arm-none-eabi/11.3.1/../../../../arm-none-eabi/lib/thumb/v7-m/nofp\libc_nano.a(libc_a-signalr.o)
                0x0000000008005724                _getpid_r
 .text._sbrk_r  0x0000000008005728       0x20 C:/ST/STM32CubeIDE_1.13.2/STM32CubeIDE/plugins/com.st.stm32cube.ide.mcu.externaltools.gnu-tools-for-stm32.11.3.rel1.win32_1.1.1.202309131626/tools/bin/../lib/gcc/arm-none-eabi/11.3.1/../../../../arm-none-eabi/lib/thumb/v7-m/nofp\libc_nano.a(libc_a-sbrkr.o)
                0x0000000008005728                _sbrk_r
 .text._write_r
                0x0000000008005748       0x24 C:/ST/STM32CubeIDE_1.13.2/STM32CubeIDE/plugins/com.st.stm32cube.ide.mcu.externaltools.gnu-tools-for-stm32.11.3.rel1.win32_1.1.1.202309131626/tools/bin/../lib/gcc/arm-none-eabi/11.3.1/../../../../arm-none-eabi/lib/thumb/v7-m/nofp\libc_nano.a(libc_a-writer.o)
                0x0000000008005748                _write_r
 .text.__errno  0x000000000800576c        0xc C:/ST/STM32CubeIDE_1.13.2/STM32CubeIDE/plugins/com.st.stm32cube.ide.mcu.externaltools.gnu-tools-for-stm32.11.3.rel1.win32_1.1.1.202309131626/tools/bin/../lib/gcc/arm-none-eabi/11.3.1/../../../../arm-none-eabi/lib/thumb/v7-m/nofp\libc_nano.a(libc_a-errno.o)
                0x000000000800576c                __errno
 .text.__libc_init_array
                0x0000000008005778       0x48 C:/ST/STM32CubeIDE_1.13.2/STM32CubeIDE/plugins/com.st.stm32cube.ide.mcu.externaltools.gnu-tools-for-stm32.11.3.rel1.win32_1.1.1.202309131626/tools/bin/../lib/gcc/arm-none-eabi/11.3.1/../../../../arm-none-eabi/lib/thumb/v7-m/nofp\libc_nano.a(libc_a-init.o)
                0x0000000008005778                __libc_init_array
 .text.__retarget_lock_init_recursive
                0x00000000080057c0        0x2 C:/ST/STM32CubeIDE_1.13.2/STM32CubeIDE/plugins/com.st.stm32cube.ide.mcu.externaltools.gnu-tools-for-stm32.11.3.rel1.win32_1.1.1.202309131626/tools/bin/../lib/gcc/arm-none-eabi/11.3.1/../../../../arm-none-eabi/lib/thumb/v7-m/nofp\libc_nano.a(libc_a-lock.o)
                0x00000000080057c0                __retarget_lock_init_recursive
 .text.__retarget_lock_acquire_recursive
                0x00000000080057c2        0x2 C:/ST/STM32CubeIDE_1.13.2/STM32CubeIDE/plugins/com.st.stm32cube.ide.mcu.externaltools.gnu-tools-for-stm32.11.3.rel1.win32_1.1.1.202309131626/tools/bin/../lib/gcc/arm-none-eabi/11.3.1/../../../../arm-none-eabi/lib/thumb/v7-m/nofp\libc_nano.a(libc_a-lock.o)
                0x00000000080057c2                __retarget_lock_acquire_recursive
 .text.__retarget_lock_release_recursive
                0x00000000080057c4        0x2 C:/ST/STM32CubeIDE_1.13.2/STM32CubeIDE/plugins/com.st.stm32cube.ide.mcu.externaltools.gnu-tools-for-stm32.11.3.rel1.win32_1.1.1.202309131626/tools/bin/../lib/gcc/arm-none-eabi/11.3.1/../../../../arm-none-eabi/lib/thumb/v7-m/nofp\libc_nano.a(libc_a-lock.o)
                0x00000000080057c4                __retarget_lock_release_recursive
 .text.memcpy   0x00000000080057c6       0x1c C:/ST/STM32CubeIDE_1.13.2/STM32CubeIDE/plugins/com.st.stm32cube.ide.mcu.externaltools.gnu-tools-for-stm32.11.3.rel1.win32_1.1.1.202309131626/tools/bin/../lib/gcc/arm-none-eabi/11.3.1/../../../../arm-none-eabi/lib/thumb/v7-m/nofp\libc_nano.a(libc_a-memcpy-stub.o)
                0x00000000080057c6                memcpy
 *fill*         0x00000000080057e2        0x2 
 .text.__assert_func
                0x00000000080057e4       0x3c C:/ST/STM32CubeIDE_1.13.2/STM32CubeIDE/plugins/com.st.stm32cube.ide.mcu.externaltools.gnu-tools-for-stm32.11.3.rel1.win32_1.1.1.202309131626/tools/bin/../lib/gcc/arm-none-eabi/11.3.1/../../../../arm-none-eabi/lib/thumb/v7-m/nofp\libc_nano.a(libc_a-assert.o)
                0x00000000080057e4                __assert_func
 .text._free_r  0x0000000008005820       0x90 C:/ST/STM32CubeIDE_1.13.2/STM32CubeIDE/plugins/com.st.stm32cube.ide.mcu.externaltools.gnu-tools-for-stm32.11.3.rel1.win32_1.1.1.202309131626/tools/bin/../lib/gcc/arm-none-eabi/11.3.1/../../../../arm-none-eabi/lib/thumb/v7-m/nofp\libc_nano.a(libc_a-freer.o)
                0x0000000008005820                _free_r
 .text.__ssputs_r
                0x00000000080058b0       0xb4 C:/ST/STM32CubeIDE_1.13.2/STM32CubeIDE/plugins/com.st.stm32cube.ide.mcu.externaltools.gnu-tools-for-stm32.11.3.rel1.win32_1.1.1.202309131626/tools/bin/../lib/gcc/arm-none-eabi/11.3.1/../../../../arm-none-eabi/lib/thumb/v7-m/nofp\libc_nano.a(libc_a-nano-svfprintf.o)
                0x00000000080058b0                __ssputs_r
 .text._svfprintf_r
                0x0000000008005964      0x1fc C:/ST/STM32CubeIDE_1.13.2/STM32CubeIDE/plugins/com.st.stm32cube.ide.mcu.externaltools.gnu-tools-for-stm32.11.3.rel1.win32_1.1.1.202309131626/tools/bin/../lib/gcc/arm-none-eabi/11.3.1/../../../../arm-none-eabi/lib/thumb/v7-m/nofp\libc_nano.a(libc_a-nano-svfprintf.o)
                0x0000000008005964                _svfiprintf_r
                0x0000000008005964                _svfprintf_r
 .text._printf_common
                0x0000000008005b60       0xe4 C:/ST/STM32CubeIDE_1.13.2/STM32CubeIDE/plugins/com.st.stm32cube.ide.mcu.externaltools.gnu-tools-for-stm32.11.3.rel1.win32_1.1.1.202309131626/tools/bin/../lib/gcc/arm-none-eabi/11.3.1/../../../../arm-none-eabi/lib/thumb/v7-m/nofp\libc_nano.a(libc_a-nano-vfprintf_i.o)
                0x0000000008005b60                _printf_common
 .text._printf_i
                0x0000000008005c44      0x244 C:/ST/STM32CubeIDE_1.13.2/STM32CubeIDE/plugins/com.st.stm32cube.ide.mcu.externaltools.gnu-tools-for-stm32.11.3.rel1.win32_1.1.1.202309131626/tools/bin/../lib/gcc/arm-none-eabi/11.3.1/../../../../arm-none-eabi/lib/thumb/v7-m/nofp\libc_nano.a(libc_a-nano-vfprintf_i.o)
                0x0000000008005c44                _printf_i
 .text.__sflush_r
                0x0000000008005e88      0x104 C:/ST/STM32CubeIDE_1.13.2/STM32CubeIDE/plugins/com.st.stm32cube.ide.mcu.externaltools.gnu-tools-for-stm32.11.3.rel1.win32_1.1.1.202309131626/tools/bin/../lib/gcc/arm-none-eabi/11.3.1/../../../../arm-none-eabi/lib/thumb/v7-m/nofp\libc_nano.a(libc_a-fflush.o)
                0x0000000008005e88                __sflush_r
 .text._fflush_r
                0x0000000008005f8c       0x50 C:/ST/STM32CubeIDE_1.13.2/STM32CubeIDE/plugins/com.st.stm32cube.ide.mcu.externaltools.gnu-tools-for-stm32.11.3.rel1.win32_1.1.1.202309131626/tools/bin/../lib/gcc/arm-none-eabi/11.3.1/../../../../arm-none-eabi/lib/thumb/v7-m/nofp\libc_nano.a(libc_a-fflush.o)
                0x0000000008005f8c                _fflush_r
 .text.fprintf  0x0000000008005fdc       0x24 C:/ST/STM32CubeIDE_1.13.2/STM32CubeIDE/plugins/com.st.stm32cube.ide.mcu.externaltools.gnu-tools-for-stm32.11.3.rel1.win32_1.1.1.202309131626/tools/bin/../lib/gcc/arm-none-eabi/11.3.1/../../../../arm-none-eabi/lib/thumb/v7-m/nofp\libc_nano.a(libc_a-fprintf.o)
                0x0000000008005fdc                fiprintf
                0x0000000008005fdc                fprintf
 .text.memchr   0x0000000008006000       0x1c C:/ST/STM32CubeIDE_1.13.2/STM32CubeIDE/plugins/com.st.stm32cube.ide.mcu.externaltools.gnu-tools-for-stm32.11.3.rel1.win32_1.1.1.202309131626/tools/bin/../lib/gcc/arm-none-eabi/11.3.1/../../../../arm-none-eabi/lib/thumb/v7-m/nofp\libc_nano.a(libc_a-memchr-stub.o)
                0x0000000008006000                memchr
 .text._realloc_r
                0x000000000800601c       0x5e C:/ST/STM32CubeIDE_1.13.2/STM32CubeIDE/plugins/com.st.stm32cube.ide.mcu.externaltools.gnu-tools-for-stm32.11.3.rel1.win32_1.1.1.202309131626/tools/bin/../lib/gcc/arm-none-eabi/11.3.1/../../../../arm-none-eabi/lib/thumb/v7-m/nofp\libc_nano.a(libc_a-reallocr.o)
                0x000000000800601c                _realloc_r
 .text.__sfputc_r
                0x000000000800607a       0x2a C:/ST/STM32CubeIDE_1.13.2/STM32CubeIDE/plugins/com.st.stm32cube.ide.mcu.externaltools.gnu-tools-for-stm32.11.3.rel1.win32_1.1.1.202309131626/tools/bin/../lib/gcc/arm-none-eabi/11.3.1/../../../../arm-none-eabi/lib/thumb/v7-m/nofp\libc_nano.a(libc_a-nano-vfprintf.o)
 .text.__sfputs_r
                0x00000000080060a4       0x24 C:/ST/STM32CubeIDE_1.13.2/STM32CubeIDE/plugins/com.st.stm32cube.ide.mcu.externaltools.gnu-tools-for-stm32.11.3.rel1.win32_1.1.1.202309131626/tools/bin/../lib/gcc/arm-none-eabi/11.3.1/../../../../arm-none-eabi/lib/thumb/v7-m/nofp\libc_nano.a(libc_a-nano-vfprintf.o)
                0x00000000080060a4                __sfputs_r
 .text._vfprintf_r
                0x00000000080060c8      0x234 C:/ST/STM32CubeIDE_1.13.2/STM32CubeIDE/plugins/com.st.stm32cube.ide.mcu.externaltools.gnu-tools-for-stm32.11.3.rel1.win32_1.1.1.202309131626/tools/bin/../lib/gcc/arm-none-eabi/11.3.1/../../../../arm-none-eabi/lib/thumb/v7-m/nofp\libc_nano.a(libc_a-nano-vfprintf.o)
                0x00000000080060c8                _vfprintf_r
                0x00000000080060c8                _vfiprintf_r
 .text.__swbuf_r
                0x00000000080062fc       0x7a C:/ST/STM32CubeIDE_1.13.2/STM32CubeIDE/plugins/com.st.stm32cube.ide.mcu.externaltools.gnu-tools-for-stm32.11.3.rel1.win32_1.1.1.202309131626/tools/bin/../lib/gcc/arm-none-eabi/11.3.1/../../../../arm-none-eabi/lib/thumb/v7-m/nofp\libc_nano.a(libc_a-wbuf.o)
                0x00000000080062fc                __swbuf_r
 *fill*         0x0000000008006376        0x2 
 .text.__swsetup_r
                0x0000000008006378       0xb0 C:/ST/STM32CubeIDE_1.13.2/STM32CubeIDE/plugins/com.st.stm32cube.ide.mcu.externaltools.gnu-tools-for-stm32.11.3.rel1.win32_1.1.1.202309131626/tools/bin/../lib/gcc/arm-none-eabi/11.3.1/../../../../arm-none-eabi/lib/thumb/v7-m/nofp\libc_nano.a(libc_a-wsetup.o)
                0x0000000008006378                __swsetup_r
 .text._malloc_usable_size_r
                0x0000000008006428       0x10 C:/ST/STM32CubeIDE_1.13.2/STM32CubeIDE/plugins/com.st.stm32cube.ide.mcu.externaltools.gnu-tools-for-stm32.11.3.rel1.win32_1.1.1.202309131626/tools/bin/../lib/gcc/arm-none-eabi/11.3.1/../../../../arm-none-eabi/lib/thumb/v7-m/nofp\libc_nano.a(libc_a-msizer.o)
                0x0000000008006428                _malloc_usable_size_r
 .text.__swhatbuf_r
                0x0000000008006438       0x4a C:/ST/STM32CubeIDE_1.13.2/STM32CubeIDE/plugins/com.st.stm32cube.ide.mcu.externaltools.gnu-tools-for-stm32.11.3.rel1.win32_1.1.1.202309131626/tools/bin/../lib/gcc/arm-none-eabi/11.3.1/../../../../arm-none-eabi/lib/thumb/v7-m/nofp\libc_nano.a(libc_a-makebuf.o)
                0x0000000008006438                __swhatbuf_r
 .text.__smakebuf_r
                0x0000000008006482       0x78 C:/ST/STM32CubeIDE_1.13.2/STM32CubeIDE/plugins/com.st.stm32cube.ide.mcu.externaltools.gnu-tools-for-stm32.11.3.rel1.win32_1.1.1.202309131626/tools/bin/../lib/gcc/arm-none-eabi/11.3.1/../../../../arm-none-eabi/lib/thumb/v7-m/nofp\libc_nano.a(libc_a-makebuf.o)
                0x0000000008006482                __smakebuf_r
 *fill*         0x00000000080064fa        0x2 
 .text._fstat_r
                0x00000000080064fc       0x24 C:/ST/STM32CubeIDE_1.13.2/STM32CubeIDE/plugins/com.st.stm32cube.ide.mcu.externaltools.gnu-tools-for-stm32.11.3.rel1.win32_1.1.1.202309131626/tools/bin/../lib/gcc/arm-none-eabi/11.3.1/../../../../arm-none-eabi/lib/thumb/v7-m/nofp\libc_nano.a(libc_a-fstatr.o)
                0x00000000080064fc                _fstat_r
 .text._isatty_r
                0x0000000008006520       0x20 C:/ST/STM32CubeIDE_1.13.2/STM32CubeIDE/plugins/com.st.stm32cube.ide.mcu.externaltools.gnu-tools-for-stm32.11.3.rel1.win32_1.1.1.202309131626/tools/bin/../lib/gcc/arm-none-eabi/11.3.1/../../../../arm-none-eabi/lib/thumb/v7-m/nofp\libc_nano.a(libc_a-isattyr.o)
                0x0000000008006520                _isatty_r
 *(.glue_7)
 .glue_7        0x0000000008006540        0x0 linker stubs
 *(.glue_7t)
 .glue_7t       0x0000000008006540        0x0 linker stubs
 *(.eh_frame)
 .eh_frame      0x0000000008006540        0x0 C:/ST/STM32CubeIDE_1.13.2/STM32CubeIDE/plugins/com.st.stm32cube.ide.mcu.externaltools.gnu-tools-for-stm32.11.3.rel1.win32_1.1.1.202309131626/tools/bin/../lib/gcc/arm-none-eabi/11.3.1/thumb/v7-m/nofp/crtbegin.o
 *(.init)
 .init          0x0000000008006540        0x4 C:/ST/STM32CubeIDE_1.13.2/STM32CubeIDE/plugins/com.st.stm32cube.ide.mcu.externaltools.gnu-tools-for-stm32.11.3.rel1.win32_1.1.1.202309131626/tools/bin/../lib/gcc/arm-none-eabi/11.3.1/thumb/v7-m/nofp/crti.o
                0x0000000008006540                _init
 .init          0x0000000008006544        0x8 C:/ST/STM32CubeIDE_1.13.2/STM32CubeIDE/plugins/com.st.stm32cube.ide.mcu.externaltools.gnu-tools-for-stm32.11.3.rel1.win32_1.1.1.202309131626/tools/bin/../lib/gcc/arm-none-eabi/11.3.1/thumb/v7-m/nofp/crtn.o
 *(.fini)
 .fini          0x000000000800654c        0x4 C:/ST/STM32CubeIDE_1.13.2/STM32CubeIDE/plugins/com.st.stm32cube.ide.mcu.externaltools.gnu-tools-for-stm32.11.3.rel1.win32_1.1.1.202309131626/tools/bin/../lib/gcc/arm-none-eabi/11.3.1/thumb/v7-m/nofp/crti.o
                0x000000000800654c                _fini
 .fini          0x0000000008006550        0x8 C:/ST/STM32CubeIDE_1.13.2/STM32CubeIDE/plugins/com.st.stm32cube.ide.mcu.externaltools.gnu-tools-for-stm32.11.3.rel1.win32_1.1.1.202309131626/tools/bin/../lib/gcc/arm-none-eabi/11.3.1/thumb/v7-m/nofp/crtn.o
                0x0000000008006558                . = ALIGN (0x4)
                0x0000000008006558                _etext = .

.vfp11_veneer   0x0000000008006558        0x0
 .vfp11_veneer  0x0000000008006558        0x0 linker stubs

.v4_bx          0x0000000008006558        0x0
 .v4_bx         0x0000000008006558        0x0 linker stubs

.iplt           0x0000000008006558        0x0
 .iplt          0x0000000008006558        0x0 C:/ST/STM32CubeIDE_1.13.2/STM32CubeIDE/plugins/com.st.stm32cube.ide.mcu.externaltools.gnu-tools-for-stm32.11.3.rel1.win32_1.1.1.202309131626/tools/bin/../lib/gcc/arm-none-eabi/11.3.1/thumb/v7-m/nofp/crtbegin.o

.rodata         0x0000000008006558      0x350
                0x0000000008006558                . = ALIGN (0x4)
 *(.rodata)
 .rodata        0x0000000008006558       0xd2 ./Core/Src/game.o
 *fill*         0x000000000800662a        0x2 
 .rodata        0x000000000800662c       0x30 ./Core/Src/led.o
 .rodata        0x000000000800665c        0xe ./Core/Src/main.o
 *fill*         0x000000000800666a        0x2 
 .rodata        0x000000000800666c       0x2f ./Core/Src/stm32f1xx_it.o
 *(.rodata*)
 *fill*         0x000000000800669b        0x1 
 .rodata.AHBPrescTable
                0x000000000800669c       0x10 ./Core/Src/system_stm32f1xx.o
                0x000000000800669c                AHBPrescTable
 .rodata.APBPrescTable
                0x00000000080066ac        0x8 ./Core/Src/system_stm32f1xx.o
                0x00000000080066ac                APBPrescTable
 .rodata.aPLLMULFactorTable.1
                0x00000000080066b4       0x10 ./Drivers/STM32F1xx_HAL_Driver/Src/stm32f1xx_hal_rcc.o
 .rodata.aPredivFactorTable.0
                0x00000000080066c4        0x2 ./Drivers/STM32F1xx_HAL_Driver/Src/stm32f1xx_hal_rcc.o
 .rodata.srand.str1.1
                0x00000000080066c6       0x6f C:/ST/STM32CubeIDE_1.13.2/STM32CubeIDE/plugins/com.st.stm32cube.ide.mcu.externaltools.gnu-tools-for-stm32.11.3.rel1.win32_1.1.1.202309131626/tools/bin/../lib/gcc/arm-none-eabi/11.3.1/../../../../arm-none-eabi/lib/thumb/v7-m/nofp\libc_nano.a(libc_a-rand.o)
 .rodata._ctype_
                0x0000000008006735      0x101 C:/ST/STM32CubeIDE_1.13.2/STM32CubeIDE/plugins/com.st.stm32cube.ide.mcu.externaltools.gnu-tools-for-stm32.11.3.rel1.win32_1.1.1.202309131626/tools/bin/../lib/gcc/arm-none-eabi/11.3.1/../../../../arm-none-eabi/lib/thumb/v7-m/nofp\libc_nano.a(libc_a-ctype_.o)
                0x0000000008006735                _ctype_
 .rodata.__assert_func.str1.1
                0x0000000008006836       0x3c C:/ST/STM32CubeIDE_1.13.2/STM32CubeIDE/plugins/com.st.stm32cube.ide.mcu.externaltools.gnu-tools-for-stm32.11.3.rel1.win32_1.1.1.202309131626/tools/bin/../lib/gcc/arm-none-eabi/11.3.1/../../../../arm-none-eabi/lib/thumb/v7-m/nofp\libc_nano.a(libc_a-assert.o)
                                         0x3d (size before relaxing)
 .rodata._svfprintf_r.str1.1
                0x0000000008006872       0x11 C:/ST/STM32CubeIDE_1.13.2/STM32CubeIDE/plugins/com.st.stm32cube.ide.mcu.externaltools.gnu-tools-for-stm32.11.3.rel1.win32_1.1.1.202309131626/tools/bin/../lib/gcc/arm-none-eabi/11.3.1/../../../../arm-none-eabi/lib/thumb/v7-m/nofp\libc_nano.a(libc_a-nano-svfprintf.o)
 .rodata._printf_i.str1.1
                0x0000000008006883       0x22 C:/ST/STM32CubeIDE_1.13.2/STM32CubeIDE/plugins/com.st.stm32cube.ide.mcu.externaltools.gnu-tools-for-stm32.11.3.rel1.win32_1.1.1.202309131626/tools/bin/../lib/gcc/arm-none-eabi/11.3.1/../../../../arm-none-eabi/lib/thumb/v7-m/nofp\libc_nano.a(libc_a-nano-vfprintf_i.o)
 .rodata._vfprintf_r.str1.1
                0x00000000080068a5       0x11 C:/ST/STM32CubeIDE_1.13.2/STM32CubeIDE/plugins/com.st.stm32cube.ide.mcu.externaltools.gnu-tools-for-stm32.11.3.rel1.win32_1.1.1.202309131626/tools/bin/../lib/gcc/arm-none-eabi/11.3.1/../../../../arm-none-eabi/lib/thumb/v7-m/nofp\libc_nano.a(libc_a-nano-vfprintf.o)
                0x00000000080068b8                . = ALIGN (0x4)
 *fill*         0x00000000080068a5        0x3 

.rel.dyn        0x00000000080068a8        0x0
 .rel.iplt      0x00000000080068a8        0x0 C:/ST/STM32CubeIDE_1.13.2/STM32CubeIDE/plugins/com.st.stm32cube.ide.mcu.externaltools.gnu-tools-for-stm32.11.3.rel1.win32_1.1.1.202309131626/tools/bin/../lib/gcc/arm-none-eabi/11.3.1/thumb/v7-m/nofp/crtbegin.o

.ARM.extab      0x00000000080068a8        0x0
                0x00000000080068a8                . = ALIGN (0x4)
 *(.ARM.extab* .gnu.linkonce.armextab.*)
                0x00000000080068a8                . = ALIGN (0x4)

.ARM            0x00000000080068a8        0x0
                0x00000000080068a8                . = ALIGN (0x4)
                0x00000000080068a8                __exidx_start = .
 *(.ARM.exidx*)
                0x00000000080068a8                __exidx_end = .
                0x00000000080068a8                . = ALIGN (0x4)

.preinit_array  0x00000000080068a8        0x0
                0x00000000080068a8                . = ALIGN (0x4)
                0x00000000080068a8                PROVIDE (__preinit_array_start = .)
 *(.preinit_array*)
                0x00000000080068a8                PROVIDE (__preinit_array_end = .)
                0x00000000080068a8                . = ALIGN (0x4)

.init_array     0x00000000080068a8        0x8
                0x00000000080068a8                . = ALIGN (0x4)
                0x00000000080068a8                PROVIDE (__init_array_start = .)
 *(SORT_BY_NAME(.init_array.*))
 *(.init_array*)
 .init_array    0x00000000080068a8        0x4 C:/ST/STM32CubeIDE_1.13.2/STM32CubeIDE/plugins/com.st.stm32cube.ide.mcu.externaltools.gnu-tools-for-stm32.11.3.rel1.win32_1.1.1.202309131626/tools/bin/../lib/gcc/arm-none-eabi/11.3.1/thumb/v7-m/nofp/crtbegin.o
 .init_array    0x00000000080068ac        0x4 ./Core/Src/main.o
                0x00000000080068b0                PROVIDE (__init_array_end = .)
                0x00000000080068b0                . = ALIGN (0x4)

.fini_array     0x00000000080068b0        0x8
                0x00000000080068b0                . = ALIGN (0x4)
                [!provide]                        PROVIDE (__fini_array_start = .)
 *(SORT_BY_NAME(.fini_array.*))
 *(.fini_array*)
 .fini_array    0x00000000080068b0        0x4 C:/ST/STM32CubeIDE_1.13.2/STM32CubeIDE/plugins/com.st.stm32cube.ide.mcu.externaltools.gnu-tools-for-stm32.11.3.rel1.win32_1.1.1.202309131626/tools/bin/../lib/gcc/arm-none-eabi/11.3.1/thumb/v7-m/nofp/crtbegin.o
 .fini_array    0x00000000080068b4        0x4 ./Core/Src/main.o
                [!provide]                        PROVIDE (__fini_array_end = .)
                0x00000000080068b8                . = ALIGN (0x4)
                0x00000000080068b8                _sidata = LOADADDR (.data)

.data           0x0000000020000000       0x68 load address 0x00000000080068b8
                0x0000000020000000                . = ALIGN (0x4)
                0x0000000020000000                _sdata = .
 *(.data)
 *(.data*)
 .data.SystemCoreClock
                0x0000000020000000        0x4 ./Core/Src/system_stm32f1xx.o
                0x0000000020000000                SystemCoreClock
 .data.uwTickPrio
                0x0000000020000004        0x4 ./Drivers/STM32F1xx_HAL_Driver/Src/stm32f1xx_hal.o
                0x0000000020000004                uwTickPrio
 .data.uwTickFreq
                0x0000000020000008        0x1 ./Drivers/STM32F1xx_HAL_Driver/Src/stm32f1xx_hal.o
                0x0000000020000008                uwTickFreq
 *fill*         0x0000000020000009        0x3 
 .data.__sglue  0x000000002000000c        0xc C:/ST/STM32CubeIDE_1.13.2/STM32CubeIDE/plugins/com.st.stm32cube.ide.mcu.externaltools.gnu-tools-for-stm32.11.3.rel1.win32_1.1.1.202309131626/tools/bin/../lib/gcc/arm-none-eabi/11.3.1/../../../../arm-none-eabi/lib/thumb/v7-m/nofp\libc_nano.a(libc_a-findfp.o)
                0x000000002000000c                __sglue
 .data._impure_data